##### U=diag(1,(z-1/2)(z-1/3)): two base points in D, predict 3+2=5: Forney degree 3, gcd z**2 - 5*z/6 + 1/6
=== U=diag(1,(z-1/2)(z-1/3)): two base points in D, predict 3+2=5: N=4 k=2 L=4
  witness Forney degree 3 (= delta_Gr for this data), gcd of minors z**2 - 5*z/6 + 1/6
  witness column degrees [1, 4], sum 5
  min eig of R on T: 3.140e-01  (must be > 0)
  Wilson iterations 8, last step 8.9e-16, polynomial tail 1.1e-16, |H^#H - R|_max 7.1e-15
  deg det H = 5 (finite poles of F0), min |zero of det H| = 2.0000 (must be > 1)
  Taylor decay: |F_399| = 8.9e-120
  block-Hankel singular values (first 6): [1.    1.    0.842 0.732 0.542 0.   ]
  McMillan degree of F0 (Hankel rank) = 5   [delta_Gr = 3, sum of column degrees = 5, k*max e = 8]
  pole order at infinity = 0
  |F0^* F0 - I| on T: 3.6e-15
  ERA realization (n=5) reproduces F0 on T to 4.3e-15; spectral radius of A = 0.5000
  after observability-Gramian scaling, |[A B;C D]^*[A B;C D] - I| = 1.5e-15  (isometric realization)
  unitary completion: |U^*U - I| = 1.5e-15
  square inner S (N x N): |S^*S - I| on T = 7.3e-15, wind(det S) = 5.000000, Hankel rank = 5
  subspace distances dist(S(zeta_i) ran X, Y_i): [0. 0. 0. 0.]
  VERDICT: deg S = delta_Gr = 3 and all interpolation/unitarity checks < 1e-9: False
  52B6 detector-rank bound Delta = 3 (witness ('pattern', (0, 1, 2), [np.int64(1), np.int64(1), np.int64(1), np.int64(2)])); span bound r-k = 2; universal k(L-1) = 6; delta_Gr = 3
  time 2.6s
##### predicted compiler degree 5

##### U=(z-1/2) I: double base point, predict 3+2=5: Forney degree 3, gcd z**2 - z + 1/4
=== U=(z-1/2) I: double base point, predict 3+2=5: N=4 k=2 L=4
  witness Forney degree 3 (= delta_Gr for this data), gcd of minors z**2 - z + 1/4
  witness column degrees [2, 3], sum 5
  min eig of R on T: 6.386e-01  (must be > 0)
  Wilson iterations 7, last step 1.2e-15, polynomial tail 9.3e-17, |H^#H - R|_max 5.3e-15
  deg det H = 5 (finite poles of F0), min |zero of det H| = 2.0000 (must be > 1)
  Taylor decay: |F_399| = 1.7e-120
  block-Hankel singular values (first 6): [1.    1.    0.842 0.732 0.542 0.   ]
  McMillan degree of F0 (Hankel rank) = 5   [delta_Gr = 3, sum of column degrees = 5, k*max e = 6]
  pole order at infinity = 0
  |F0^* F0 - I| on T: 1.8e-15
  ERA realization (n=5) reproduces F0 on T to 3.9e-15; spectral radius of A = 0.5000
  after observability-Gramian scaling, |[A B;C D]^*[A B;C D] - I| = 3.8e-15  (isometric realization)
  unitary completion: |U^*U - I| = 3.9e-15
  square inner S (N x N): |S^*S - I| on T = 8.0e-15, wind(det S) = 5.000000, Hankel rank = 5
  subspace distances dist(S(zeta_i) ran X, Y_i): [0. 0. 0. 0.]
  VERDICT: deg S = delta_Gr = 3 and all interpolation/unitarity checks < 1e-9: False
  52B6 detector-rank bound Delta = 3 (witness ('pattern', (0, 1, 2), [np.int64(1), np.int64(1), np.int64(1), np.int64(2)])); span bound r-k = 2; universal k(L-1) = 6; delta_Gr = 3
  time 2.6s
##### predicted compiler degree 5

##### U=diag(z-1/2, z-2): one inside one outside, predict 3+1=4: Forney degree 3, gcd z**2 - 5*z/2 + 1
=== U=diag(z-1/2, z-2): one inside one outside, predict 3+1=4: N=4 k=2 L=4
  witness Forney degree 3 (= delta_Gr for this data), gcd of minors z**2 - 5*z/2 + 1
  witness column degrees [2, 3], sum 5
  min eig of R on T: 1.985e-01  (must be > 0)
  Wilson iterations 7, last step 9.7e-16, polynomial tail 3.8e-16, |H^#H - R|_max 7.1e-15
  deg det H = 5 (finite poles of F0), min |zero of det H| = 2.0000 (must be > 1)
  Taylor decay: |F_399| = 1.2e-120
  block-Hankel singular values (first 6): [1.    0.842 0.732 0.542 0.    0.   ]
  McMillan degree of F0 (Hankel rank) = 4   [delta_Gr = 3, sum of column degrees = 5, k*max e = 6]
  pole order at infinity = -1
  |F0^* F0 - I| on T: 1.4e-15
  ERA realization (n=4) reproduces F0 on T to 1.8e-15; spectral radius of A = 0.5000
  after observability-Gramian scaling, |[A B;C D]^*[A B;C D] - I| = 2.0e-15  (isometric realization)
  unitary completion: |U^*U - I| = 1.8e-15
  square inner S (N x N): |S^*S - I| on T = 3.4e-15, wind(det S) = 4.000000, Hankel rank = 4
  subspace distances dist(S(zeta_i) ran X, Y_i): [0. 0. 0. 0.]
  VERDICT: deg S = delta_Gr = 3 and all interpolation/unitarity checks < 1e-9: False
  52B6 detector-rank bound Delta = 3 (witness ('pattern', (0, 1, 2), [np.int64(1), np.int64(1), np.int64(1), np.int64(2)])); span bound r-k = 2; universal k(L-1) = 6; delta_Gr = 3
  time 2.6s
##### predicted compiler degree 4

##### U=[[z-1/2, 1],[0,1]] non-diagonal, det=z-1/2, predict 4: Forney degree 3, gcd z - 1/2
=== U=[[z-1/2, 1],[0,1]] non-diagonal, det=z-1/2, predict 4: N=4 k=2 L=4
  witness Forney degree 3 (= delta_Gr for this data), gcd of minors z - 1/2
  witness column degrees [2, 2], sum 4
  min eig of R on T: 2.904e-01  (must be > 0)
  Wilson iterations 7, last step 1.1e-15, polynomial tail 6.8e-17, |H^#H - R|_max 3.6e-15
  deg det H = 4 (finite poles of F0), min |zero of det H| = 2.0000 (must be > 1)
  Taylor decay: |F_399| = 1.4e-120
  block-Hankel singular values (first 6): [1.    0.842 0.732 0.542 0.    0.   ]
  McMillan degree of F0 (Hankel rank) = 4   [delta_Gr = 3, sum of column degrees = 4, k*max e = 4]
  pole order at infinity = 0
  |F0^* F0 - I| on T: 2.2e-15
  ERA realization (n=4) reproduces F0 on T to 1.9e-15; spectral radius of A = 0.5000
  after observability-Gramian scaling, |[A B;C D]^*[A B;C D] - I| = 1.6e-15  (isometric realization)
  unitary completion: |U^*U - I| = 1.6e-15
  square inner S (N x N): |S^*S - I| on T = 3.0e-15, wind(det S) = 4.000000, Hankel rank = 4
  subspace distances dist(S(zeta_i) ran X, Y_i): [0. 0. 0. 0.]
  VERDICT: deg S = delta_Gr = 3 and all interpolation/unitarity checks < 1e-9: False
  52B6 detector-rank bound Delta = 3 (witness ('pattern', (0, 1, 2), [np.int64(1), np.int64(1), np.int64(1), np.int64(2)])); span bound r-k = 2; universal k(L-1) = 6; delta_Gr = 3
  time 2.5s
##### predicted compiler degree 4

##### U=[[z-1/2, z],[1,1]] unimodular-ish det=-1/2, col degrees (2,3), predict 3: Forney degree 3, gcd 1
=== U=[[z-1/2, z],[1,1]] unimodular-ish det=-1/2, col degrees (2,3), predict 3: N=4 k=2 L=4
  witness Forney degree 3 (= delta_Gr for this data), gcd of minors 1
  witness column degrees [2, 2], sum 4
  min eig of R on T: 7.674e-02  (must be > 0)
  Wilson iterations 60, last step 1.5e-14, polynomial tail 2.1e-15, |H^#H - R|_max 8.9e-15
  deg det H = 3 (finite poles of F0), min |zero of det H| = 2.2260 (must be > 1)
  Taylor decay: |F_399| = 1.8e-139
  block-Hankel singular values (first 6): [0.842 0.732 0.542 0.    0.    0.   ]
  McMillan degree of F0 (Hankel rank) = 3   [delta_Gr = 3, sum of column degrees = 4, k*max e = 4]
  pole order at infinity = 0
  |F0^* F0 - I| on T: 5.3e-15
  ERA realization (n=3) reproduces F0 on T to 2.8e-15; spectral radius of A = 0.4492
  after observability-Gramian scaling, |[A B;C D]^*[A B;C D] - I| = 1.2e-15  (isometric realization)
  unitary completion: |U^*U - I| = 1.3e-15
  square inner S (N x N): |S^*S - I| on T = 2.7e-15, wind(det S) = 3.000000, Hankel rank = 3
  subspace distances dist(S(zeta_i) ran X, Y_i): [0. 0. 0. 0.]
  VERDICT: deg S = delta_Gr = 3 and all interpolation/unitarity checks < 1e-9: True
  52B6 detector-rank bound Delta = 3 (witness ('pattern', (0, 1, 2), [np.int64(1), np.int64(1), np.int64(1), np.int64(2)])); span bound r-k = 2; universal k(L-1) = 6; delta_Gr = 3
  time 16.4s
##### predicted compiler degree 3

##### U=diag(1, z^2-1/4): base points +-1/2, predict 5: Forney degree 3, gcd z**2 - 1/4
=== U=diag(1, z^2-1/4): base points +-1/2, predict 5: N=4 k=2 L=4
  witness Forney degree 3 (= delta_Gr for this data), gcd of minors z**2 - 1/4
  witness column degrees [1, 4], sum 5
  min eig of R on T: 1.211e+00  (must be > 0)
  Wilson iterations 7, last step 1.0e-15, polynomial tail 2.5e-16, |H^#H - R|_max 8.9e-15
  deg det H = 5 (finite poles of F0), min |zero of det H| = 2.0000 (must be > 1)
  Taylor decay: |F_399| = 1.1e-120
  block-Hankel singular values (first 6): [1.    1.    0.842 0.732 0.542 0.   ]
  McMillan degree of F0 (Hankel rank) = 5   [delta_Gr = 3, sum of column degrees = 5, k*max e = 8]
  pole order at infinity = 0
  |F0^* F0 - I| on T: 1.8e-15
  ERA realization (n=5) reproduces F0 on T to 3.5e-15; spectral radius of A = 0.5000
  after observability-Gramian scaling, |[A B;C D]^*[A B;C D] - I| = 2.8e-15  (isometric realization)
  unitary completion: |U^*U - I| = 2.8e-15
  square inner S (N x N): |S^*S - I| on T = 6.4e-15, wind(det S) = 5.000000, Hankel rank = 5
  subspace distances dist(S(zeta_i) ran X, Y_i): [0. 0. 0. 0.]
  VERDICT: deg S = delta_Gr = 3 and all interpolation/unitarity checks < 1e-9: False
  52B6 detector-rank bound Delta = 3 (witness ('pattern', (0, 1, 2), [np.int64(1), np.int64(1), np.int64(1), np.int64(2)])); span bound r-k = 2; universal k(L-1) = 6; delta_Gr = 3
  time 2.6s
##### predicted compiler degree 5

