=== A. random k=2, N=4, L=3 (the requested independent instance), several seeds
    es=(0, 0) dimV=[0, 0] ok=False
    es=(0, 1) dimV=[0, 2] ok=False
    es=(0, 2) dimV=[0, 6] ok=False
    es=(1, 1) dimV=[2, 2] ok=True
  L=3 seed 101: N=4 k=2 L=3 r=4  delta_Gr = 2 (column degrees (1, 1)); witness Forney degree 2, gcd 1; 0.3s  [matches expectation 2]
  L=3 seed 202: N=4 k=2 L=3 r=4  delta_Gr = 2 (column degrees (1, 1)); witness Forney degree 2, gcd 1; 0.2s  [matches expectation 2]
  L=3 seed 303: N=4 k=2 L=3 r=4  delta_Gr = 2 (column degrees (1, 1)); witness Forney degree 2, gcd 1; 0.2s  [matches expectation 2]
=== B. spot-check: random k=2, N=4, L=4 -> 4 ;  generic law 2*floor(L/2) for L=5,6
  L=4 seed 404: N=4 k=2 L=4 r=4  delta_Gr = 4 (column degrees (2, 2)); witness Forney degree 4, gcd 1; 0.6s  [matches expectation 4]
  L=4 seed 505: N=4 k=2 L=4 r=4  delta_Gr = 4 (column degrees (2, 2)); witness Forney degree 4, gcd 1; 0.6s  [matches expectation 4]
  L=5 seed 606: N=4 k=2 L=5 r=4  delta_Gr = 4 (column degrees (2, 2)); witness Forney degree 4, gcd 1; 0.7s  [matches expectation 4]
  L=6 seed 707: N=4 k=2 L=6 r=4  delta_Gr = 6 (column degrees (3, 3)); witness Forney degree 6, gcd 1; 1.5s  [matches expectation 6]
=== C. direct-sum words (52B6 law k(L-n_*)), k=2, A (+) B = C^4
  word AAB: N=4 k=2 L=3 r=4  delta_Gr = 4 (column degrees (2, 2)); witness Forney degree 4, gcd 1; 0.4s  [matches expectation 4]
  word ABAB: N=4 k=2 L=4 r=4  delta_Gr = 4 (column degrees (2, 2)); witness Forney degree 4, gcd 1; 0.3s  [matches expectation 4]
  word AAAB: N=4 k=2 L=4 r=4  delta_Gr = 6 (column degrees (3, 3)); witness Forney degree 6, gcd 1; 0.9s  [matches expectation 6]
  word AABB: N=4 k=2 L=4 r=4  delta_Gr = 4 (column degrees (2, 2)); witness Forney degree 4, gcd 1; 0.3s  [matches expectation 4]
  word AAABB: N=4 k=2 L=5 r=4  delta_Gr = 6 (column degrees (3, 3)); witness Forney degree 6, gcd 1; 0.9s  [matches expectation 6]
  word ABABA: N=4 k=2 L=5 r=4  delta_Gr = 6 (column degrees (3, 3)); witness Forney degree 6, gcd 1; 0.7s  [MISMATCH: expected 4]
=== D. k=1 line laws (6M3V / 33BE)
  3 lines coplanar distinct (33BE: 1): N=2 k=1 L=3 r=2  delta_Gr = 1 (column degrees (1,)); witness Forney degree 1, gcd 1; 0.0s  [matches expectation 1]
  3 lines repeated y1,y1,y2 (33BE: 2): N=2 k=1 L=3 r=2  delta_Gr = 2 (column degrees (2,)); witness Forney degree 2, gcd 1; 0.0s  [matches expectation 2]
  4 lines pattern 3+1 (6M3V Thm 11.1: 3): N=2 k=1 L=4 r=2  delta_Gr = 3 (column degrees (3,)); witness Forney degree 3, gcd 1; 0.1s  [matches expectation 3]
  binary word y1 y2 y1 y2 y1 (6M3V Thm 9.2: max(3,2)=3): N=2 k=1 L=5 r=2  delta_Gr = 3 (column degrees (3,)); witness Forney degree 3, gcd 1; 0.1s  [matches expectation 3]
  generic lines in C^3, L=4 (6M3V floor(2L/3)=2): N=3 k=1 L=4 r=3  delta_Gr = 2 (column degrees (2,)); witness Forney degree 2, gcd 1; 0.1s  [matches expectation 2]
  generic lines in C^3, L=5 (6M3V floor(2L/3)=3): N=3 k=1 L=5 r=3  delta_Gr = 3 (column degrees (3,)); witness Forney degree 3, gcd 1; 0.2s  [matches expectation 3]
  generic lines in C^3, L=6 (6M3V floor(2L/3)=4): N=3 k=1 L=6 r=3  delta_Gr = 4 (column degrees (4,)); witness Forney degree 4, gcd 1; 0.4s  [matches expectation 4]
  generic lines in C^3, L=7 (6M3V floor(2L/3)=4): N=3 k=1 L=7 r=3  delta_Gr = 4 (column degrees (4,)); witness Forney degree 4, gcd 1; 0.4s  [matches expectation 4]
=== E. generic k=2 in C^3 (Gr(2,3)=P^2): expect floor(2L/3)
  Gr(2,3) L=4: N=3 k=2 L=4 r=3  delta_Gr = 2 (column degrees (1, 1)); witness Forney degree 2, gcd 1; 0.3s  [matches expectation 2]
  Gr(2,3) L=5: N=3 k=2 L=5 r=3  delta_Gr = 3 (column degrees (1, 2)); witness Forney degree 3, gcd 1; 0.5s  [matches expectation 3]
  Gr(2,3) L=6: N=3 k=2 L=6 r=3  delta_Gr = 4 (column degrees (2, 2)); witness Forney degree 4, gcd 1; 0.7s  [matches expectation 4]
=== F. k=3 in C^6, direct-sum position L=2 (33BE: k(L-1)=3) and generic L=3 in C^6 (33BE: 6)
  k=3 N=6 L=2 generic (direct sum): N=6 k=3 L=2 r=6  delta_Gr = 3 (column degrees (1, 1, 1)); witness Forney degree 3, gcd 1; 1.2s  [matches expectation 3]
  k=3 N=6 L=3 generic (r=6, 33BE bound r-k=3, prop 3.5 lower bound 3*floor(9/6)=3): N=6 k=3 L=3 r=6  delta_Gr = 3 (column degrees (1, 1, 1)); witness Forney degree 3, gcd 1; 1.6s
done
