  form (-6, -5, -4, -3, -2, -1, 0, 0, 1, 7, 1): 12 exact vertices, chain index 0  (32s)
  form (-6, -5, -4, -3, -2, -1, 0, 1, 1, 7, 0): 11 exact vertices, chain index 0  (67s)
  form (-6, -5, -4, -3, -2, -1, 0, 1, 2, 7, -1): 11 exact vertices, chain index 0  (105s)
  form (-5, -4, -3, -2, -1, -1, 0, 0, 1, 6, 2): 13 exact vertices, chain index 0  (124s)
  form (-5, -4, -3, -2, -1, 0, 0, 1, 1, 6, 1): 14 exact vertices, chain index 0  (145s)
  form (-5, -4, -3, -2, -1, 0, 1, 1, 1, 6, 0): 11 exact vertices, chain index 0  (179s)
  form (-5, -4, -3, -2, -1, 0, 1, 2, 1, 6, -1): 11 exact vertices, chain index 0  (223s)
  form (-4, -3, -3, -2, -2, -1, -1, 0, 1, 4, 5): 11 exact vertices, chain index 0  (240s)
  form (-4, -3, -2, -2, -1, -1, 0, 0, 1, 5, 3): 14 exact vertices, chain index 0  (251s)
  form (-4, -3, -2, -1, -1, 0, 0, 1, 1, 5, 2): 15 exact vertices, chain index 0  (256s)
  form (-4, -3, -2, -1, 0, 0, 1, 1, 1, 5, 1): 14 exact vertices, chain index 0  (264s)
  form (-4, -3, -2, -1, 0, 1, 1, 1, 2, 5, 0): 13 exact vertices, chain index 0  (279s)
  form (-4, -3, -2, -1, 0, 1, 2, 1, 2, 5, -1): 11 exact vertices, chain index 0  (303s)
  form (-3, -3, -2, -2, -1, -1, 0, 0, 1, 4, 4): 20 exact vertices, chain index 0  (320s)
  form (-3, -2, -2, -1, -1, 0, 0, 1, 1, 4, 3): 16 exact vertices, chain index 0  (330s)
  form (-3, -2, -2, -1, -1, 0, 1, 0, 1, 3, 4): 12 exact vertices, chain index 0  (341s)
  form (-3, -2, -2, -1, 0, -1, 0, 1, 1, 3, 4): 12 exact vertices, chain index 0  (353s)
  form (-3, -2, -1, -2, -1, 0, 0, 1, 1, 3, 4): 12 exact vertices, chain index 0  (369s)
  form (-3, -2, -1, -1, 0, 0, 1, 1, 1, 4, 2): 15 exact vertices, chain index 0  (377s)
  form (-3, -2, -1, 0, 0, 1, 1, 1, 2, 4, 1): 16 exact vertices, chain index 0  (380s)
  form (-3, -2, -1, 0, 1, 1, 1, 2, 2, 4, 0): 15 exact vertices, chain index 0  (387s)
  form (-3, -2, -1, 0, 1, 1, 2, 2, 3, 4, -1): 11 exact vertices, chain index 0  (401s)
  form (-3, -2, -1, 0, 1, 2, 1, 2, 2, 4, -1): 11 exact vertices, chain index 0  (412s)
  form (-2, -3, -2, -1, -1, 0, 0, 1, 1, 3, 4): 12 exact vertices, chain index 0  (420s)
  form (-2, -2, -1, -1, 0, 0, 1, 1, 1, 3, 3): 20 exact vertices, chain index 0  (427s)
  form (-2, -1, -1, 0, 0, 1, 1, 1, 2, 3, 2): 17 exact vertices, chain index 0  (430s)
  form (-2, -1, -1, 0, 0, 1, 1, 2, 1, 2, 3): 11 exact vertices, chain index 0  (435s)
  form (-2, -1, -1, 0, 1, 0, 1, 1, 2, 2, 3): 12 exact vertices, chain index 0  (439s)
  form (-2, -1, 0, -1, 0, 1, 1, 1, 2, 2, 3): 13 exact vertices, chain index 0  (443s)
  form (-2, -1, 0, 0, 1, 1, 1, 2, 2, 3, 1): 18 exact vertices, chain index 0  (445s)
  form (-2, -1, 0, 1, 1, 1, 2, 2, 2, 3, 0): 15 exact vertices, chain index 0  (447s)
  form (-2, -1, 0, 1, 1, 2, 2, 3, 2, 3, -1): 11 exact vertices, chain index 0  (451s)
  form (-2, -1, 0, 1, 2, 1, 2, 2, 3, 3, -1): 11 exact vertices, chain index 0  (454s)
  form (-1, -2, -1, 0, 0, 1, 1, 1, 2, 2, 3): 13 exact vertices, chain index 0  (456s)
  form (-1, -1, 0, 0, 1, 1, 1, 2, 2, 2, 2): 24 exact vertices, chain index 0  (458s)
  form (-1, 0, 0, 1, 1, 1, 2, 2, 2, 2, 1): 18 exact vertices, chain index 0  (459s)
  form (-1, 0, 0, 1, 1, 1, 2, 2, 3, 1, 2): 11 exact vertices, chain index 0  (461s)
  form (-1, 0, 0, 1, 1, 2, 1, 2, 2, 1, 2): 11 exact vertices, chain index 0  (462s)
  form (-1, 0, 1, 0, 1, 1, 2, 2, 2, 1, 2): 13 exact vertices, chain index 0  (463s)
  form (-1, 0, 1, 1, 1, 2, 2, 2, 3, 2, 0): 18 exact vertices, chain index 0  (464s)
  form (-1, 0, 1, 1, 2, 2, 3, 2, 3, 2, -1): 11 exact vertices, chain index 0  (465s)
  form (-1, 0, 1, 2, 1, 2, 2, 3, 3, 2, -1): 11 exact vertices, chain index 0  (465s)
  form (0, -1, 0, 1, 1, 1, 2, 2, 2, 1, 2): 14 exact vertices, chain index 0  (466s)
  form (0, 0, 1, 1, 1, 2, 2, 2, 3, 1, 1): 23 exact vertices, chain index 0  (466s)
  form (0, 1, 1, 1, 2, 2, 2, 3, 3, 1, 0): 21 exact vertices, chain index 0  (466s)
  form (0, 1, 1, 1, 2, 2, 3, 2, 3, 0, 1): 13 exact vertices, chain index 0  (467s)
  form (0, 1, 1, 2, 1, 2, 2, 3, 3, 0, 1): 13 exact vertices, chain index 0  (467s)
  form (0, 1, 1, 2, 2, 2, 3, 3, 4, 1, -1): 11 exact vertices, chain index 0  (467s)
  form (0, 1, 1, 2, 2, 3, 2, 3, 3, 1, -1): 11 exact vertices, chain index 0  (468s)
  form (0, 1, 2, 1, 2, 2, 3, 3, 3, 1, -1): 11 exact vertices, chain index 0  (468s)
  form (1, 0, 1, 1, 2, 2, 2, 3, 3, 0, 1): 15 exact vertices, chain index 0  (468s)
  form (1, 1, 1, 2, 2, 2, 3, 3, 3, 0, 0): 23 exact vertices, chain index 0  (468s)
  form (1, 1, 2, 2, 2, 3, 3, 4, 3, 0, -1): 13 exact vertices, chain index 0  (468s)
  form (1, 1, 2, 2, 2, 3, 4, 3, 3, -1, 0): 17 exact vertices, chain index 0  (468s)
  form (1, 1, 2, 2, 3, 2, 3, 3, 4, 0, -1): 13 exact vertices, chain index 0  (468s)
  form (1, 1, 2, 2, 3, 2, 3, 4, 3, -1, 0): 13 exact vertices, chain index 0  (468s)
  form (1, 1, 2, 3, 2, 2, 3, 3, 4, -1, 0): 17 exact vertices, chain index 0  (468s)
  form (1, 2, 1, 2, 2, 3, 3, 3, 4, 0, -1): 13 exact vertices, chain index 0  (468s)
  form (1, 2, 1, 2, 2, 3, 3, 4, 3, -1, 0): 13 exact vertices, chain index 0  (468s)
  form (1, 2, 1, 2, 3, 2, 3, 3, 4, -1, 0): 13 exact vertices, chain index 0  (468s)
  form (1, 2, 2, 2, 3, 3, 4, 4, 3, -1, -1): 17 exact vertices, chain index 0  (469s)
  form (1, 2, 2, 3, 2, 3, 4, 3, 4, -1, -1): 13 exact vertices, chain index 0  (469s)
  form (1, 2, 2, 3, 3, 2, 3, 4, 4, -1, -1): 17 exact vertices, chain index 0  (469s)
  form (2, 1, 1, 2, 2, 3, 3, 3, 4, -1, 0): 18 exact vertices, chain index 0  (469s)
  form (2, 1, 2, 2, 3, 3, 4, 3, 4, -1, -1): 13 exact vertices, chain index 0  (469s)
  form (2, 1, 2, 3, 2, 3, 3, 4, 4, -1, -1): 13 exact vertices, chain index 0  (469s)
  form (2, 2, 1, 2, 3, 3, 3, 4, 4, -1, -1): 18 exact vertices, chain index 0  (469s)
  form (2, 3, 1, 2, 3, 3, 4, 4, 4, -2, -1): 11 exact vertices, chain index 0  (469s)
  form (3, 1, 2, 2, 3, 3, 4, 4, 4, -2, -1): 11 exact vertices, chain index 0  (469s)
m=9 z=0 d=12: |S|=69, exact chamber vertices total 969; every chamber covered by one chain: True; chambers needing an inserted zero: 0  (469s)
