
### alld_lower_AB_N3_fam.json: N = 3, d >= 6, a = ['7/12', '5/24', '5/24'], b = ['1/2', '1/2', '0'], bound 31/24
- y = 1, Weyl, I = {1}, J = {1}, K = {1}:  a_1 = 7/12  <=  s_1 -s'_1
- y = 1, refl, Weyl, I = {2}, J = {1}, K = {2}:  b_2 = 1/2  <=  s_2 -s'_1
- y = 1, Weyl, I = {3}, J = {1}, K = {3}:  a_3 = 5/24  <=  s_3 -s'_1
  Sum: s_1 +s_2 +s_3 -3s'_1 >= 31/24 = bound; all coefficients <= 1, hence sum_all s >= 31/24.  OK

### alld_lower_AB_N4_fam.json: N = 4, d >= 8, a = ['5/8', '1/8', '1/8', '1/8'], b = ['1/2', '1/2', '0', '0'], bound 3/2
- y = 2, refl, Weyl, I = {2}, J = {1}, K = {2}:  b_2 = 1/2  <=  s_2 -s'_1
- y = 1, Weyl, I = {4}, J = {1}, K = {4}:  a_4 = 1/8  <=  s_4 -s'_1
- y = 1, refl, r = 2, I = {1, 3}, J = {1, d+1-2}, K = {2, d+1-2}:  b_2 - a_2 = 3/8  <=  s_1 -s_2 +s_3 -s'_1
  Sum: s_1 +s_2 +s_3 +s_4 -4s'_1 >= 3/2 = bound; all coefficients <= 1, hence sum_all s >= 3/2.  OK

### alld_lower_AB_N5_fam.json: N = 5, d >= 10, a = ['13/20', '7/80', '7/80', '7/80', '7/80'], b = ['1/2', '1/2', '0', '0', '0'], bound 127/80
- y = 2, refl, Weyl, I = {2}, J = {1}, K = {2}:  b_2 = 1/2  <=  s_2 -s'_1
- y = 1, Weyl, I = {5}, J = {1}, K = {5}:  a_5 = 7/80  <=  s_5 -s'_1
- y = 1, refl, r = 2, I = {1, 3}, J = {1, d+1-2}, K = {2, d+1-2}:  b_2 - a_2 = 33/80  <=  s_1 -s_2 +s_3 -s'_1
- y = 1, r = 2, I = {4, d+1-5}, J = {1, 5}, K = {5, d+1-3}:  a_5 - b_3 = 7/80  <=  s_4 -s'_1
  Sum: s_1 +s_2 +s_3 +s_4 +s_5 -5s'_1 >= 127/80 = bound; all coefficients <= 1, hence sum_all s >= 127/80.  OK

### alld_lower_AB_N6.json: N = 6, d >= 12, a = ['2/3', '1/15', '1/15', '1/15', '1/15', '1/15'], b = ['1/2', '1/2', '0', '0', '0', '0'], bound 17/10
- y = 1, refl, Weyl, I = {2}, J = {1}, K = {2}:  b_2 = 1/2  <=  s_2 -s'_1
- y = 1, Weyl, I = {6}, J = {1}, K = {6}:  a_6 = 1/15  <=  s_6 -s'_1
- y = 1, refl, Lidskii-Wielandt, I = {1, 2, 3}, J = {1, 2, d+1-2}, K = {1, 2, d+1-2}:  b_1 + b_2 - a_2 = 14/15  <=  s_1 +s_3 -s'_1 -s'_2
- y = 1, refl, Lidskii-Wielandt, I = {1, 2, 3, 4, 5}, J = {1, 2, d, d+1-2, d+1-3}, K = {1, 2, d, d+1-2, d+1-3}:  b_1 + b_2 - a_1 - a_2 - a_3 = 1/5  <=  s_4 +s_5 -s'_1 -s'_2
  Sum: s_1 +s_2 +s_3 +s_4 +s_5 +s_6 -4s'_1 -2s'_2 >= 17/10 = bound; all coefficients <= 1, hence sum_all s >= 17/10.  OK

### alld_lower_AB_N6_fam.json: N = 6, d >= 12, a = ['2/3', '1/15', '1/15', '1/15', '1/15', '1/15'], b = ['1/2', '1/2', '0', '0', '0', '0'], bound 17/10
- y = 1, refl, Weyl, I = {2}, J = {1}, K = {2}:  b_2 = 1/2  <=  s_2 -s'_1
- y = 1, Weyl, I = {6}, J = {1}, K = {6}:  a_6 = 1/15  <=  s_6 -s'_1
- y = 1, refl, Lidskii-Wielandt, I = {1, 2, 3}, J = {1, 2, d+1-2}, K = {1, 2, d+1-2}:  b_1 + b_2 - a_2 = 14/15  <=  s_1 +s_3 -s'_1 -s'_2
- y = 1, refl, Lidskii-Wielandt, I = {1, 2, 3, 4, 5}, J = {1, 2, d, d+1-2, d+1-3}, K = {1, 2, d, d+1-2, d+1-3}:  b_1 + b_2 - a_1 - a_2 - a_3 = 1/5  <=  s_4 +s_5 -s'_1 -s'_2
  Sum: s_1 +s_2 +s_3 +s_4 +s_5 +s_6 -4s'_1 -2s'_2 >= 17/10 = bound; all coefficients <= 1, hence sum_all s >= 17/10.  OK

### alld_lower_UZ_N10_lean.json: N = 10, d >= 20, a = ['1/3', '1/3', '1/3', '0', '0', '0', '0', '0', '0', '0'], b = ['37/90', '37/90', '1/45', '1/45', '1/45', '1/45', '1/45', '1/45', '1/45', '1/45'], bound 49/30
- y = 2, Weyl, I = {3}, J = {1}, K = {3}:  a_3 = 1/3  <=  s_3 -s'_1
- y = 1, refl, Weyl, I = {10}, J = {1}, K = {10}:  b_10 = 1/45  <=  s_10 -s'_1
- y = 1, r = 2, I = {1, 4}, J = {1, d+1-3}, K = {3, d+1-3}:  a_3 - b_3 = 14/45  <=  s_1 -s_3 +s_4 -s'_1
- y = 1, Lidskii-Wielandt, I = {1, 2, 3, 4, 5, 6}, J = {1, 2, 3, d, d+1-3, d+1-4}, K = {1, 2, 3, d, d+1-3, d+1-4}:  a_1 + a_2 + a_3 - b_1 - b_3 - b_4 = 49/90  <=  s_2 +s_5 +s_6 -s'_1 -s'_2 -s'_3
- y = 1, Lidskii-Wielandt, I = {1, 2, 3, 4, 5, 6, 7, 8, 9}, J = {1, 2, 3, d, d+1-2, d+1-3, d+1-4, d+1-5, d+1-6}, K = {1, 2, 3, d, d+1-2, d+1-3, d+1-4, d+1-5, d+1-6}:  a_1 + a_2 + a_3 - b_1 - b_2 - b_3 - b_4 - b_5 - b_6 = 4/45  <=  s_7 +s_8 +s_9 -s'_1 -s'_2 -s'_3
  Sum: s_1 +s_2 +s_3 +s_4 +s_5 +s_6 +s_7 +s_8 +s_9 +s_10 -6s'_1 -2s'_2 -2s'_3 >= 49/30 = bound; all coefficients <= 1, hence sum_all s >= 49/30.  OK

### alld_lower_UZ_N11_lean.json: N = 11, d >= 22, a = ['1/3', '1/3', '1/3', '0', '0', '0', '0', '0', '0', '0', '0'], b = ['41/99', '41/99', '17/891', '17/891', '17/891', '17/891', '17/891', '17/891', '17/891', '17/891', '17/891'], bound 1481/891
- y = 2, Weyl, I = {3}, J = {1}, K = {3}:  a_3 = 1/3  <=  s_3 -s'_1
- y = 1, refl, Weyl, I = {10}, J = {1}, K = {10}:  b_10 = 17/891  <=  s_10 -s'_1
- y = 1, refl, Weyl, I = {11}, J = {1}, K = {11}:  b_11 = 17/891  <=  s_11 -s'_1
- y = 1, r = 2, I = {1, 4}, J = {1, d+1-3}, K = {3, d+1-3}:  a_3 - b_3 = 280/891  <=  s_1 -s_3 +s_4 -s'_1
- y = 1, Lidskii-Wielandt, I = {1, 2, 3, 4, 5, 6}, J = {1, 2, 3, d, d+1-3, d+1-4}, K = {1, 2, 3, d, d+1-3, d+1-4}:  a_1 + a_2 + a_3 - b_1 - b_3 - b_4 = 488/891  <=  s_2 +s_5 +s_6 -s'_1 -s'_2 -s'_3
- y = 1, Lidskii-Wielandt, I = {1, 2, 3, 4, 5, 6, 7, 8, 9}, J = {1, 2, 3, d, d+1-2, d+1-3, d+1-4, d+1-5, d+1-6}, K = {1, 2, 3, d, d+1-2, d+1-3, d+1-4, d+1-5, d+1-6}:  a_1 + a_2 + a_3 - b_1 - b_2 - b_3 - b_4 - b_5 - b_6 = 85/891  <=  s_7 +s_8 +s_9 -s'_1 -s'_2 -s'_3
  Sum: s_1 +s_2 +s_3 +s_4 +s_5 +s_6 +s_7 +s_8 +s_9 +s_10 +s_11 -7s'_1 -2s'_2 -2s'_3 >= 1481/891 = bound; all coefficients <= 1, hence sum_all s >= 1481/891.  OK

### alld_lower_UZ_N12_lean.json: N = 12, d >= 24, a = ['1/3', '1/3', '1/3', '0', '0', '0', '0', '0', '0', '0', '0', '0'], b = ['5/12', '5/12', '1/60', '1/60', '1/60', '1/60', '1/60', '1/60', '1/60', '1/60', '1/60', '1/60'], bound 101/60
- y = 2, Weyl, I = {3}, J = {1}, K = {3}:  a_3 = 1/3  <=  s_3 -s'_1
- y = 1, refl, Weyl, I = {11}, J = {1}, K = {11}:  b_11 = 1/60  <=  s_11 -s'_1
- y = 1, refl, Weyl, I = {12}, J = {1}, K = {12}:  b_12 = 1/60  <=  s_12 -s'_1
- y = 1, r = 2, I = {1, 4}, J = {1, d+1-3}, K = {3, d+1-3}:  a_3 - b_3 = 19/60  <=  s_1 -s_3 +s_4 -s'_1
- y = 1, refl, r = 2, I = {10, d+1-12}, J = {1, 12}, K = {12, d+1-4}:  b_12 - a_4 = 1/60  <=  s_10 -s'_1
- y = 1, Lidskii-Wielandt, I = {1, 2, 3, 4, 5, 6}, J = {1, 2, 3, d, d+1-3, d+1-4}, K = {1, 2, 3, d, d+1-3, d+1-4}:  a_1 + a_2 + a_3 - b_1 - b_3 - b_4 = 11/20  <=  s_2 +s_5 +s_6 -s'_1 -s'_2 -s'_3
- y = 1, Lidskii-Wielandt, I = {1, 2, 3, 4, 5, 6, 7, 8, 9}, J = {1, 2, 3, d, d+1-2, d+1-3, d+1-4, d+1-5, d+1-6}, K = {1, 2, 3, d, d+1-2, d+1-3, d+1-4, d+1-5, d+1-6}:  a_1 + a_2 + a_3 - b_1 - b_2 - b_3 - b_4 - b_5 - b_6 = 1/10  <=  s_7 +s_8 +s_9 -s'_1 -s'_2 -s'_3
  Sum: s_1 +s_2 +s_3 +s_4 +s_5 +s_6 +s_7 +s_8 +s_9 +s_10 +s_11 +s_12 -8s'_1 -2s'_2 -2s'_3 >= 101/60 = bound; all coefficients <= 1, hence sum_all s >= 101/60.  OK

### alld_lower_UZ_N7.json: N = 7, d >= 14, a = ['1/3', '1/3', '1/3', '0', '0', '0', '0'], b = ['25/63', '25/63', '13/315', '13/315', '13/315', '13/315', '13/315'], bound 479/315
- y = 2, Weyl, I = {3}, J = {1}, K = {3}:  a_3 = 1/3  <=  s_3 -s'_1
- y = 1, refl, Weyl, I = {7}, J = {1}, K = {7}:  b_7 = 13/315  <=  s_7 -s'_1
- y = 1, r = 2, I = {1, 4}, J = {1, d+1-3}, K = {3, d+1-3}:  a_3 - b_3 = 92/315  <=  s_1 -s_3 +s_4 -s'_1
- y = 1, Lidskii-Wielandt, I = {1, 2, 3, 4, 5, 6}, J = {1, 2, 3, d, d+1-3, d+1-4}, K = {1, 2, 3, d, d+1-3, d+1-4}:  a_1 + a_2 + a_3 - b_1 - b_3 - b_4 = 164/315  <=  s_2 +s_5 +s_6 -s'_1 -s'_2 -s'_3
  Sum: s_1 +s_2 +s_3 +s_4 +s_5 +s_6 +s_7 -5s'_1 -s'_2 -s'_3 >= 479/315 = bound; all coefficients <= 1, hence sum_all s >= 479/315.  OK

### alld_lower_UZ_N7_fam.json: N = 7, d >= 14, a = ['1/3', '1/3', '1/3', '0', '0', '0', '0'], b = ['25/63', '25/63', '13/315', '13/315', '13/315', '13/315', '13/315'], bound 479/315
- y = 2, Weyl, I = {3}, J = {1}, K = {3}:  a_3 = 1/3  <=  s_3 -s'_1
- y = 1, refl, Weyl, I = {7}, J = {1}, K = {7}:  b_7 = 13/315  <=  s_7 -s'_1
- y = 1, r = 2, I = {1, 4}, J = {1, d+1-3}, K = {3, d+1-3}:  a_3 - b_3 = 92/315  <=  s_1 -s_3 +s_4 -s'_1
- y = 1, Lidskii-Wielandt, I = {1, 2, 3, 4, 5, 6}, J = {1, 2, 3, d, d+1-3, d+1-4}, K = {1, 2, 3, d, d+1-3, d+1-4}:  a_1 + a_2 + a_3 - b_1 - b_3 - b_4 = 164/315  <=  s_2 +s_5 +s_6 -s'_1 -s'_2 -s'_3
  Sum: s_1 +s_2 +s_3 +s_4 +s_5 +s_6 +s_7 -5s'_1 -s'_2 -s'_3 >= 479/315 = bound; all coefficients <= 1, hence sum_all s >= 479/315.  OK

### alld_lower_UZ_N8_fam.json: N = 8, d >= 16, a = ['1/3', '1/3', '1/3', '0', '0', '0', '0', '0'], b = ['29/72', '29/72', '7/216', '7/216', '7/216', '7/216', '7/216', '7/216'], bound 169/108
- y = 2, Weyl, I = {3}, J = {1}, K = {3}:  a_3 = 1/3  <=  s_3 -s'_1
- y = 1, refl, Weyl, I = {7}, J = {1}, K = {7}:  b_7 = 7/216  <=  s_7 -s'_1
- y = 1, refl, Weyl, I = {8}, J = {1}, K = {8}:  b_8 = 7/216  <=  s_8 -s'_1
- y = 1, r = 2, I = {1, 4}, J = {1, d+1-3}, K = {3, d+1-3}:  a_3 - b_3 = 65/216  <=  s_1 -s_3 +s_4 -s'_1
- y = 1, Lidskii-Wielandt, I = {1, 2, 3, 4, 5, 6}, J = {1, 2, 3, d, d+1-3, d+1-4}, K = {1, 2, 3, d, d+1-3, d+1-4}:  a_1 + a_2 + a_3 - b_1 - b_3 - b_4 = 115/216  <=  s_2 +s_5 +s_6 -s'_1 -s'_2 -s'_3
  Sum: s_1 +s_2 +s_3 +s_4 +s_5 +s_6 +s_7 +s_8 -6s'_1 -s'_2 -s'_3 >= 169/108 = bound; all coefficients <= 1, hence sum_all s >= 169/108.  OK

### alld_lower_UZ_N9_fam.json: N = 9, d >= 18, a = ['1/3', '1/3', '1/3', '0', '0', '0', '0', '0', '0'], b = ['11/27', '11/27', '5/189', '5/189', '5/189', '5/189', '5/189', '5/189', '5/189'], bound 43/27
- y = 2, Weyl, I = {3}, J = {1}, K = {3}:  a_3 = 1/3  <=  s_3 -s'_1
- y = 1, refl, Weyl, I = {8}, J = {1}, K = {8}:  b_8 = 5/189  <=  s_8 -s'_1
- y = 1, refl, Weyl, I = {9}, J = {1}, K = {9}:  b_9 = 5/189  <=  s_9 -s'_1
- y = 1, r = 2, I = {1, 4}, J = {1, d+1-3}, K = {3, d+1-3}:  a_3 - b_3 = 58/189  <=  s_1 -s_3 +s_4 -s'_1
- y = 1, refl, r = 2, I = {7, d+1-9}, J = {1, 9}, K = {9, d+1-4}:  b_9 - a_4 = 5/189  <=  s_7 -s'_1
- y = 1, Lidskii-Wielandt, I = {1, 2, 3, 4, 5, 6}, J = {1, 2, 3, d, d+1-3, d+1-4}, K = {1, 2, 3, d, d+1-3, d+1-4}:  a_1 + a_2 + a_3 - b_1 - b_3 - b_4 = 34/63  <=  s_2 +s_5 +s_6 -s'_1 -s'_2 -s'_3
  Sum: s_1 +s_2 +s_3 +s_4 +s_5 +s_6 +s_7 +s_8 +s_9 -7s'_1 -s'_2 -s'_3 >= 43/27 = bound; all coefficients <= 1, hence sum_all s >= 43/27.  OK

ALL OK
