d=2: Horn counts by r [3] total 3  [0.0s]
d=3: Horn counts by r [6, 6] total 12  [0.0s]
d=4: Horn counts by r [10, 21, 10] total 41  [0.0s]
d=5: Horn counts by r [15, 56, 56, 15] total 142  [0.0s]
d=6: Horn counts by r [21, 126, 228, 126, 21] total 522  [0.0s]
d=7: Horn counts by r [28, 252, 751, 751, 252, 28] total 2062  [0.1s]
d=5: LR-vs-recursion on 196 sum-condition triples: 0 mismatches  [0.1s]
d=6: LR-vs-recursion on 897 sum-condition triples: 0 mismatches  [0.1s]
d=7: LR-vs-recursion on 4366 sum-condition triples: 0 mismatches  [0.2s]
d=3: own hive LP vs own Horn LP on 25 random spectra: max|diff| = 4.4e-16; rhombi 9  [0.3s]
d=4: own hive LP vs own Horn LP on 25 random spectra: max|diff| = 4.4e-16; rhombi 18  [0.4s]
d=5: own hive LP vs own Horn LP on 25 random spectra: max|diff| = 2.7e-15; rhombi 30  [0.4s]
d=6: own hive LP vs own Horn LP on 25 random spectra: max|diff| = 1.3e-15; rhombi 45  [0.6s]
d=7: own hive LP vs own Horn LP on 25 random spectra: max|diff| = 1.8e-15; rhombi 63  [0.9s]
d=3: my rhombi == author's rhombi (as obtuse/acute pairs): True  (9 vs 9)
d=6: my rhombi == author's rhombi (as obtuse/acute pairs): True  (45 vs 45)
d=8: my rhombi == author's rhombi (as obtuse/acute pairs): True  (84 vs 84)
d=4: 15 random rational spectra: author certificates judged by my checkers: 0 rejections, 15 duals ok, max|Horn LP - certified| = 4.4e-16  [1.0s]
d=5: 15 random rational spectra: author certificates judged by my checkers: 0 rejections, 15 duals ok, max|Horn LP - certified| = 1.8e-15  [1.0s]
d=6: 15 random rational spectra: author certificates judged by my checkers: 0 rejections, 15 duals ok, max|Horn LP - certified| = 8.9e-16  [1.1s]
d=7: 15 random rational spectra: author certificates judged by my checkers: 0 rejections, 15 duals ok, max|Horn LP - certified| = 1.8e-15  [1.4s]
kappa_4(3,-1,-1,-1) certified: 6 my dual check: (Fraction(6, 1), 'sgn=-1')
perturbed mu -> (None, 'identity fails')
perturbed y -> (None, 'identity fails')
paper checks: kappa_4(3,-1,-1,-1)=6? hive: 6.0  Horn: 6.0
kappa_7 padded example 74/7 = 10.571428571428571 : 10.571428571428573 ; kappa_8 padded 73/7 = 10.428571428571429 : 10.42857142857143
