alld_lower_AB_N3_fam.json: N=3 M=3 d0=6 bound=31/24 templates=3: checked d=[6, 7, 11, 15]; problems: NONE
alld_lower_AB_N4_fam.json: N=4 M=4 d0=8 bound=3/2 templates=3: checked d=[8, 9, 13, 17]; problems: NONE
alld_lower_AB_N5_fam.json: N=5 M=5 d0=10 bound=127/80 templates=4: checked d=[10, 11, 15, 19]; problems: NONE
alld_lower_AB_N6.json: N=6 M=6 d0=12 bound=17/10 templates=4: checked d=[12, 13, 17, 21]; problems: NONE
   d=12: assembled inequalities:
      y=1  r=1 refl=1  I=(2,) J=(1,) K=(2,):   1/2 <= s_2 + -1*s_12
      y=1  r=1 refl=0  I=(6,) J=(1,) K=(6,):   1/15 <= s_6 + -1*s_12
      y=1  r=3 refl=1  I=(1, 2, 3) J=(1, 2, 11) K=(1, 2, 11):   14/15 <= s_1 + s_3 + -1*s_11 + -1*s_12
      y=1  r=5 refl=1  I=(1, 2, 3, 4, 5) J=(1, 2, 10, 11, 12) K=(1, 2, 10, 11, 12):   1/5 <= s_4 + s_5 + -1*s_11 + -1*s_12
      => sum_i c_i s_i >= 17/10, c = ['1', '1', '1', '1', '1', '1', '0', '0', '0', '0', '-2', '-4']
   d=21: assembled inequalities:
      y=1  r=1 refl=1  I=(2,) J=(1,) K=(2,):   1/2 <= s_2 + -1*s_21
      y=1  r=1 refl=0  I=(6,) J=(1,) K=(6,):   1/15 <= s_6 + -1*s_21
      y=1  r=3 refl=1  I=(1, 2, 3) J=(1, 2, 20) K=(1, 2, 20):   14/15 <= s_1 + s_3 + -1*s_20 + -1*s_21
      y=1  r=5 refl=1  I=(1, 2, 3, 4, 5) J=(1, 2, 19, 20, 21) K=(1, 2, 19, 20, 21):   1/5 <= s_4 + s_5 + -1*s_20 + -1*s_21
      => sum_i c_i s_i >= 17/10, c = ['1', '1', '1', '1', '1', '1', '0', '0', '0', '0', '0', '0', '0', '0', '0', '0', '0', '0', '0', '-2', '-4']
alld_lower_AB_N6_fam.json: N=6 M=6 d0=12 bound=17/10 templates=4: checked d=[12, 13, 17, 21]; problems: NONE
alld_lower_UZ_N10_lean.json: N=10 M=10 d0=20 bound=49/30 templates=5: checked d=[20, 21, 25, 29]; problems: NONE
alld_lower_UZ_N11_lean.json: N=11 M=11 d0=22 bound=1481/891 templates=6: checked d=[22, 23, 27, 31]; problems: NONE
alld_lower_UZ_N12_lean.json: N=12 M=12 d0=24 bound=101/60 templates=7: checked d=[24, 25, 29, 33]; problems: NONE
alld_lower_UZ_N7.json: N=7 M=7 d0=14 bound=479/315 templates=4: checked d=[14, 15, 19, 23]; problems: NONE
   d=14: assembled inequalities:
      y=2  r=1 refl=0  I=(3,) J=(1,) K=(3,):   1/3 <= s_3 + -1*s_14
      y=1  r=1 refl=1  I=(7,) J=(1,) K=(7,):   13/315 <= s_7 + -1*s_14
      y=1  r=2 refl=0  I=(1, 4) J=(1, 12) K=(3, 12):   92/315 <= s_1 + -1*s_3 + s_4 + -1*s_14
      y=1  r=6 refl=0  I=(1, 2, 3, 4, 5, 6) J=(1, 2, 3, 11, 12, 14) K=(1, 2, 3, 11, 12, 14):   164/315 <= s_2 + s_5 + s_6 + -1*s_12 + -1*s_13 + -1*s_14
      => sum_i c_i s_i >= 479/315, c = ['1', '1', '1', '1', '1', '1', '1', '0', '0', '0', '0', '-1', '-1', '-5']
   d=23: assembled inequalities:
      y=2  r=1 refl=0  I=(3,) J=(1,) K=(3,):   1/3 <= s_3 + -1*s_23
      y=1  r=1 refl=1  I=(7,) J=(1,) K=(7,):   13/315 <= s_7 + -1*s_23
      y=1  r=2 refl=0  I=(1, 4) J=(1, 21) K=(3, 21):   92/315 <= s_1 + -1*s_3 + s_4 + -1*s_23
      y=1  r=6 refl=0  I=(1, 2, 3, 4, 5, 6) J=(1, 2, 3, 20, 21, 23) K=(1, 2, 3, 20, 21, 23):   164/315 <= s_2 + s_5 + s_6 + -1*s_21 + -1*s_22 + -1*s_23
      => sum_i c_i s_i >= 479/315, c = ['1', '1', '1', '1', '1', '1', '1', '0', '0', '0', '0', '0', '0', '0', '0', '0', '0', '0', '0', '0', '-1', '-1', '-5']
alld_lower_UZ_N7_fam.json: N=7 M=7 d0=14 bound=479/315 templates=4: checked d=[14, 15, 19, 23]; problems: NONE
alld_lower_UZ_N8_fam.json: N=8 M=8 d0=16 bound=169/108 templates=5: checked d=[16, 17, 21, 25]; problems: NONE
alld_lower_UZ_N9_fam.json: N=9 M=9 d0=18 bound=43/27 templates=6: checked d=[18, 19, 23, 27]; problems: NONE
refl sanity d=6: max |kappa(lam) - kappa(-lam^rev)| = 1.8e-15
refl sanity d=7: max |kappa(lam) - kappa(-lam^rev)| = 3.1e-15
[16.6s]
