N=6: my hive LP kappa_12(u3,z_N) = 1.4444444444  claimed 13/9 = 1.4444444444  diff 4.4e-16;  E(a)+U(b)=20/9 U(a)+E(b)=20/9 D_*=20/9 (formula 4(7N-12)/(9N) = 20/9);  ratio (H-kappa)/D_* = 37/40
N=7: my hive LP kappa_14(u3,z_N) = 1.5206349206  claimed 479/315 = 1.5206349206  diff 0.0e+00;  E(a)+U(b)=148/63 U(a)+E(b)=148/63 D_*=148/63 (formula 4(7N-12)/(9N) = 148/63);  ratio (H-kappa)/D_* = 781/740 claimed 781/740
N=8: my hive LP kappa_16(u3,z_N) = 1.5648148148  claimed 169/108 = 1.5648148148  diff 0.0e+00;  E(a)+U(b)=22/9 U(a)+E(b)=22/9 D_*=22/9 (formula 4(7N-12)/(9N) = 22/9);  ratio (H-kappa)/D_* = 317/264 claimed 317/264
N=9: my hive LP kappa_18(u3,z_N) = 1.5925925926  claimed 43/27 = 1.5925925926  diff 1.3e-15;  E(a)+U(b)=68/27 U(a)+E(b)=68/27 D_*=68/27 (formula 4(7N-12)/(9N) = 68/27);  ratio (H-kappa)/D_* = 23/17 claimed 23/17
N=10: my hive LP kappa_20(u3,z_N) = 1.6333333333  claimed 49/30 = 1.6333333333  diff 4.4e-16;  E(a)+U(b)=116/45 U(a)+E(b)=116/45 D_*=116/45 (formula 4(7N-12)/(9N) = 116/45);  ratio (H-kappa)/D_* = 3/2 claimed 3/2
N= 3: my hive LP kappa_6(A_N,B) = 1.2916666667  law 31/24 diff 0.0e+00; D_*(A_N,B) = 3/2 (=(5N-6)/(2N): 3/2), ratio 17/36  [0s]
N= 4: my hive LP kappa_8(A_N,B) = 1.5000000000  law 3/2 diff 0.0e+00; D_*(A_N,B) = 7/4 (=(5N-6)/(2N): 7/4), ratio 4/7  [0s]
N= 5: my hive LP kappa_10(A_N,B) = 1.5875000000  law 127/80 diff 6.7e-16; D_*(A_N,B) = 19/10 (=(5N-6)/(2N): 19/10), ratio 113/152  [0s]
N= 6: my hive LP kappa_12(A_N,B) = 1.7000000000  law 17/10 diff 1.3e-15; D_*(A_N,B) = 2 (=(5N-6)/(2N): 2), ratio 9/10  [0s]
N= 7: my hive LP kappa_14(A_N,B) = 1.7678571429  law 99/56 diff 2.2e-16; D_*(A_N,B) = 29/14 (=(5N-6)/(2N): 29/14), ratio 125/116  [0s]
N= 8: my hive LP kappa_16(A_N,B) = 1.8571428571  law 13/7 diff 1.1e-15; D_*(A_N,B) = 17/8 (=(5N-6)/(2N): 17/8), ratio 148/119  [0s]
N= 9: my hive LP kappa_18(A_N,B) = 1.9201388889  law 553/288 diff 0.0e+00; D_*(A_N,B) = 13/6 (=(5N-6)/(2N): 13/6), ratio 887/624  [0s]
N=10: my hive LP kappa_20(A_N,B) = 2.0000000000  law 2 diff 4.4e-15; D_*(A_N,B) = 11/5 (=(5N-6)/(2N): 11/5), ratio 35/22  [0s]
N=11: my hive LP kappa_22(A_N,B) = 2.0613636364  law 907/440 diff 0.0e+00; D_*(A_N,B) = 49/22 (=(5N-6)/(2N): 49/22), ratio 1733/980  [0s]
N=12: my hive LP kappa_24(A_N,B) = 2.1363636364  law 47/22 diff 3.1e-15; D_*(A_N,B) = 9/4 (=(5N-6)/(2N): 9/4), ratio 64/33  [0s]
N=13: my hive LP kappa_26(A_N,B) = 2.1971153846  law 457/208 diff 1.8e-15; D_*(A_N,B) = 59/26 (=(5N-6)/(2N): 59/26), ratio 999/472  [0s]
N=14: my hive LP kappa_28(A_N,B) = 2.2692307692  law 59/26 diff 8.9e-16; D_*(A_N,B) = 16/7 (=(5N-6)/(2N): 16/7), ratio 119/52  [0s]
N=6: padded kappa_d by my hive LP: [(12, 1.7), (13, 1.7), (14, 1.7), (15, 1.7)]  [0s]
N=7: padded kappa_d by my hive LP: [(14, 1.520634921), (15, 1.520634921), (16, 1.520634921), (17, 1.520634921)]  [0s]
N=10: padded kappa_d by my hive LP: [(20, 1.633333333), (21, 1.633333333), (22, 1.633333333), (23, 1.633333333)]  [0s]
