reviewer's T^9: 39716 triples (1s)
author's S(5,4,0): 63 forms
Pieri-type class (box 0, or lambda(I) or lambda(J) a single row or column, any length): 12798 of 39716 triples

=== form g = (3, 1, 1, 2, 2, -2, -1, 0) ===
float chamber point: a=[0.76378 0.1665  0.04422 0.02007 0.00544], b=[0.36473 0.27232 0.24514 0.11781]; kappa=1.551286; g(lambda)=1.551286; margin 0.0688
EXACT rational point: a = ['97/127', '163/979', '86/1945', '29/1445', '1/184']; b = ['719420469506692762027/1972482387776839763880', '241/885', '479/1954', '209/1774']
   g(lambda_q) = 57542567000354849/37093470508816755 = 1.551286; full Horn LP kappa(lambda_q) (float) = 1.551286; restricted values box<=B, B=0..5: [1.531216, 1.531216, 1.545851, 1.545851, 1.551286, 1.551286]
   EXACT [box<=3]: primal-feasible vertex s = ['97/127', '34142468748934736/84409551000378285', '479/1954', '209/1774', '3891/265880', '0', '0', '0'] (attempt 0); float LP value 1.545851
   EXACT [box<=3]: objective sum s = 10550738857556475461/6825198573622282920 = 1.545851; g(lambda_q) = 57542567000354849/37093470508816755 = 1.551286; sum s < g(lambda_q): True  ->  no certificate of g from the class 'box<=3' exists (weak duality)

=== form g = (1, 1, 2, 3, 4, -2, -1, 0) ===
float chamber point: a=[0.23848 0.20387 0.19874 0.19002 0.16889], b=[0.26661 0.26552 0.25216 0.21571]; kappa=1.286704; g(lambda)=1.286704; margin 0.0118
EXACT rational point: a = ['409/1715', '179/878', '283/1424', '339/1784', '203/1202']; b = ['2197514447626729472237/8242578019911889770480', '325/1224', '495/1963', '206/955']
   g(lambda_q) = 29791432143128927309/23153309044696319580 = 1.286703; full Horn LP kappa(lambda_q) (float) = 1.286703; restricted values box<=B, B=0..5: [1.24005, 1.24005, 1.256051, 1.274869, 1.286703, 1.286703]
   EXACT [box<=3]: primal-feasible vertex s = ['384815/1072184', '142327501/513155880', '495/1963', '643050479/2955826510', '203/1202', '0', '0', '0'] (attempt 0); float LP value 1.274869
   EXACT [box<=3]: objective sum s = 67237875494435837/52741022880857220 = 1.274869; g(lambda_q) = 29791432143128927309/23153309044696319580 = 1.286703; sum s < g(lambda_q): True  ->  no certificate of g from the class 'box<=3' exists (weak duality)
   EXACT [Pieri-type]: primal-feasible vertex s = ['384815/1072184', '325/1224', '495/1963', '206/955', '203/1202', '46058/3366545', '0', '0'] (attempt 0); float LP value 1.274869
   EXACT [Pieri-type]: objective sum s = 67237875494435837/52741022880857220 = 1.274869; g(lambda_q) = 29791432143128927309/23153309044696319580 = 1.286703; sum s < g(lambda_q): True  ->  no certificate of g from the class 'Pieri-type' exists (weak duality)

=== certificate of g = (3, 1, 1, 2, 2, -2, -1, 0) (Part B) ===
   I=(1,) J=(1,) K=(1,): lambda(I)=() lambda(J)=() lambda(K)=(); box=0; in T^9: True; LR (reviewer, author) = (1, 1); sum cond 2 == 2; s-coef (s_1..s_8) = [1, 0, 0, 0, 0, 0, 0, 0]; RHS coef (a_1..a_5, b_1..b_4) = [1, 0, 0, 0, 0, 0, 0, 0, 0]
   I=(1, 2, 3, 4, 5, 6, 7, 8) J=(1, 2, 3, 4, 5, 6, 8, 9) K=(1, 2, 3, 4, 5, 6, 8, 9): lambda(I)=() lambda(J)=(1, 1) lambda(K)=(1, 1); box=0; in T^9: True; LR (reviewer, author) = (1, 1); sum cond 74 == 74; s-coef (s_1..s_8) = [0, 0, 1, 0, 0, 0, 0, 0]; RHS coef (a_1..a_5, b_1..b_4) = [1, 1, 1, 1, 1, -1, -1, 0, -1]
   I=(1, 2, 3, 4, 5, 6, 7, 8) J=(1, 2, 3, 4, 5, 7, 8, 9) K=(1, 2, 3, 4, 5, 7, 8, 9): lambda(I)=() lambda(J)=(1, 1, 1) lambda(K)=(1, 1, 1); box=0; in T^9: True; LR (reviewer, author) = (1, 1); sum cond 75 == 75; s-coef (s_1..s_8) = [0, 0, 0, 1, 0, 0, 0, 0]; RHS coef (a_1..a_5, b_1..b_4) = [1, 1, 1, 1, 1, -1, -1, -1, 0]
   I=(1, 2, 5, 6) J=(1, 2, 3, 9) K=(1, 4, 5, 9): lambda(I)=(2, 2) lambda(J)=(5,) lambda(K)=(5, 2, 2); box=4; in T^9: True; LR (reviewer, author) = (1, 1); sum cond 29 == 29; s-coef (s_1..s_8) = [0, 1, 0, 0, 1, 1, -1, -1]; RHS coef (a_1..a_5, b_1..b_4) = [1, 0, 0, 1, 1, -1, 0, 0, 0]
   SUM: s-coefficients [1, 1, 1, 1, 1, 1, -1, -1] (each s_t, t<=5, once; max coefficient 1); RHS in canonical coordinates (3, 1, 1, 2, 2, -2, -1, 0) == g: True

=== certificate of g = (1, 1, 2, 3, 4, -2, -1, 0) (Part B) ===
   I=(5,) J=(1,) K=(5,): lambda(I)=(4,) lambda(J)=() lambda(K)=(4,); box=0; in T^9: True; LR (reviewer, author) = (1, 1); sum cond 6 == 6; s-coef (s_1..s_8) = [0, 0, 0, 0, 1, 0, 0, 0]; RHS coef (a_1..a_5, b_1..b_4) = [0, 0, 0, 0, 1, 0, 0, 0, 0]
   I=(1, 5) J=(1, 5) K=(4, 5): lambda(I)=(3,) lambda(J)=(3,) lambda(K)=(3, 3); box=3; in T^9: True; LR (reviewer, author) = (1, 1); sum cond 12 == 12; s-coef (s_1..s_8) = [1, 0, 0, 0, 0, 0, 0, 0]; RHS coef (a_1..a_5, b_1..b_4) = [0, 0, 0, 1, 1, 0, 0, 0, 0]
   I=(1, 2, 5, 6) J=(1, 2, 5, 9) K=(3, 4, 5, 9): lambda(I)=(2, 2) lambda(J)=(5, 2) lambda(K)=(5, 2, 2, 2); box=4; in T^9: True; LR (reviewer, author) = (1, 1); sum cond 31 == 31; s-coef (s_1..s_8) = [0, 1, 0, 0, 0, 1, 0, -1]; RHS coef (a_1..a_5, b_1..b_4) = [0, 0, 1, 1, 1, -1, 0, 0, 0]
   I=(1, 2, 3, 4, 5, 6, 7, 8) J=(1, 2, 3, 4, 5, 6, 8, 9) K=(1, 2, 3, 4, 5, 6, 8, 9): lambda(I)=() lambda(J)=(1, 1) lambda(K)=(1, 1); box=0; in T^9: True; LR (reviewer, author) = (1, 1); sum cond 74 == 74; s-coef (s_1..s_8) = [0, 0, 1, 0, 0, 0, 0, 0]; RHS coef (a_1..a_5, b_1..b_4) = [1, 1, 1, 1, 1, -1, -1, 0, -1]
   I=(1, 2, 3, 4, 5, 6, 7, 8) J=(1, 2, 3, 4, 5, 7, 8, 9) K=(1, 2, 3, 4, 5, 7, 8, 9): lambda(I)=() lambda(J)=(1, 1, 1) lambda(K)=(1, 1, 1); box=0; in T^9: True; LR (reviewer, author) = (1, 1); sum cond 75 == 75; s-coef (s_1..s_8) = [0, 0, 0, 1, 0, 0, 0, 0]; RHS coef (a_1..a_5, b_1..b_4) = [1, 1, 1, 1, 1, -1, -1, -1, 0]
   SUM: s-coefficients [1, 1, 1, 1, 1, 1, 0, -1] (each s_t, t<=5, once; max coefficient 1); RHS in canonical coordinates (1, 1, 2, 3, 4, -2, -1, 0) == g: True

done (32s)
