(m,n,z)=(5,4,0) d=9: 63 exposed forms; B_min histogram {0: 21, 1: 13, 2: 19, 3: 8, 4: 2}; max B_min = 4; max box in returned LP certificates = 4; 23s
   B_min=4 (LP cert max box 4) [1, 1, 2, 3, 4, -2, -1, 0] sched=(2, 1, 0, 0) binv=5 maxsize=3 ord-a  {b3,b4} {b2,a1,a2} {b1,a3} {a4} {a5}
   B_min=4 (LP cert max box 4) [3, 1, 1, 2, 2, -2, -1, 0] sched=(2, 1, 0, 0) binv=5 maxsize=3   {b3,b4} {b2,a2,a3} {b1,a4,a5} {a1}
   B_min=3 (LP cert max box 3) [0, 1, 1, 2, 3, -1, 0, 1] sched=(2, 1, 0, 1) binv=4 maxsize=3 ord-a  {b3} {b2,b4,a1} {b1,a2,a3} {a4} {a5}
   B_min=3 (LP cert max box 3) [1, -1, 0, 0, 1, 0, 1, 2] sched=(2, 1, 0, 2) binv=3 maxsize=4   {b3} {b2,a2} {b1,b4,a3,a4} {a1,a5}
   B_min=3 (LP cert max box 3) [1, 1, 1, 2, 3, -1, 0, 0] sched=(1, 0, 0, 0) binv=3 maxsize=4 ord-a  {b2,b3,b4} {b1,a1,a2,a3} {a4} {a5}
   B_min=3 (LP cert max box 3) [1, 2, 0, 1, 1, -1, 0, 1] sched=(2, 1, 0, 1) binv=4 maxsize=4   {b3} {b2,b4,a3} {b1,a1,a4,a5} {a2}
   B_min=3 (LP cert max box 3) [2, 0, 1, 1, 1, -1, 0, 1] sched=(2, 1, 0, 1) binv=4 maxsize=4   {b3} {b2,b4,a2} {b1,a3,a4,a5} {a1}
   B_min=3 (LP cert max box 3) [2, 1, 2, 3, 4, -2, -1, -1] sched=(2, 1, 1, 0) binv=5 maxsize=3   {b4} {b2,b3,a2} {b1,a1,a3} {a4} {a5}
   B_min=3 (LP cert max box 3) [2, 3, 3, 1, 2, -2, -2, -1] sched=(2, 2, 1, 0) binv=5 maxsize=4   {b4} {b3,a4} {b1,b2,a1,a5} {a2,a3}
   B_min=3 (LP cert max box 3) [4, 1, 2, 2, 3, -3, -2, -1] sched=(3, 2, 1, 0) binv=6 maxsize=3   {b4} {b3,a2} {b2,a3,a4} {b1,a5} {a1}
   B_min=2 (LP cert max box 2) [-2, -1, 0, 1, 2, 3, -1, 0] sched=(0, 4, 3, 3) binv=2 maxsize=3 ord-a  {b1} {a1} {a2} {b3,b4,a3} {b2,a4} {a5}
   B_min=2 (LP cert max box 2) [-1, -1, 0, 1, 0, 1, 2, 2] sched=(1, 0, 0, 2) binv=2 maxsize=3   {b2,b3} {b1,a1,a2} {b4,a3,a5} {a4}
   B_min=2 (LP cert max box 2) [-1, 0, 0, 1, 1, 1, 1, 2] sched=(1, 1, 0, 2) binv=2 maxsize=3 ord-a  {b3} {b1,b2,a1} {b4,a2,a3} {a4,a5}
   B_min=2 (LP cert max box 2) [-1, 0, 1, 2, 1, 2, -1, 0] sched=(0, 3, 2, 2) binv=2 maxsize=3   {b1} {a1} {b3,b4,a2} {b2,a3,a5} {a4}
   B_min=2 (LP cert max box 2) [-1, 0, 1, 2, 2, 2, -1, -1] sched=(0, 3, 3, 2) binv=2 maxsize=3 ord-a  {b1} {a1} {b4,a2} {b2,b3,a3} {a4,a5}
   B_min=2 (LP cert max box 2) [0, 0, 1, 1, 2, 0, 1, 1] sched=(1, 0, 0, 1) binv=2 maxsize=4 ord-a  {b2,b3} {b1,b4,a1,a2} {a3,a4} {a5}
   B_min=2 (LP cert max box 2) [0, 1, -1, 0, 1, 0, 1, 2] sched=(2, 1, 0, 2) binv=3 maxsize=4   {b3} {b2,a3} {b1,b4,a1,a4} {a2,a5}
   B_min=2 (LP cert max box 2) [0, 1, 1, 2, 2, 0, 1, -1] sched=(1, 0, 2, 1) binv=2 maxsize=3 ord-a  {b2} {b1,b4,a1} {b3,a2,a3} {a4,a5}
   B_min=2 (LP cert max box 2) [0, 1, 2, 1, 1, 0, 1, -1] sched=(1, 0, 2, 1) binv=2 maxsize=4   {b2} {b1,b4,a1} {b3,a2,a4,a5} {a3}
   B_min=2 (LP cert max box 2) [0, 1, 2, 1, 1, 1, -1, 0] sched=(0, 2, 1, 1) binv=2 maxsize=4   {b1} {b3,b4,a1} {b2,a2,a4,a5} {a3}
   B_min=2 (LP cert max box 2) [0, 1, 2, 2, 1, 1, -1, -1] sched=(0, 2, 2, 1) binv=2 maxsize=4   {b1} {b4,a1} {b2,b3,a2,a5} {a3,a4}
   B_min=2 (LP cert max box 2) [1, 2, 1, 2, 3, -1, 0, -1] sched=(1, 0, 1, 0) binv=3 maxsize=4   {b2,b4} {b1,b3,a1,a3} {a2,a4} {a5}
   B_min=2 (LP cert max box 2) [2, 1, 1, 2, 3, -1, -1, 0] sched=(1, 1, 0, 0) binv=4 maxsize=4   {b3,b4} {b1,b2,a2,a3} {a1,a4} {a5}
   B_min=2 (LP cert max box 2) [2, 2, 3, 1, 2, -1, -2, -1] sched=(1, 2, 1, 0) binv=4 maxsize=4   {b4} {b1,b3,a4} {b2,a1,a2,a5} {a3}
   B_min=2 (LP cert max box 2) [2, 3, 1, 2, 2, -1, -2, -1] sched=(1, 2, 1, 0) binv=4 maxsize=4   {b4} {b1,b3,a3} {b2,a1,a4,a5} {a2}
   B_min=2 (LP cert max box 2) [2, 3, 1, 2, 3, -2, -1, -1] sched=(2, 1, 1, 0) binv=5 maxsize=3   {b4} {b2,b3,a3} {b1,a1,a4} {a2,a5}
   B_min=2 (LP cert max box 2) [2, 3, 2, 1, 2, -2, -1, -1] sched=(2, 1, 1, 0) binv=5 maxsize=4   {b4} {b2,b3,a4} {b1,a1,a3,a5} {a2}
   B_min=2 (LP cert max box 2) [3, 1, 2, 2, 3, -2, -1, -1] sched=(2, 1, 1, 0) binv=5 maxsize=3   {b4} {b2,b3,a2} {b1,a3,a4} {a1,a5}
   B_min=2 (LP cert max box 2) [3, 2, 1, 2, 2, -2, -1, -1] sched=(2, 1, 1, 0) binv=5 maxsize=4   {b4} {b2,b3,a3} {b1,a2,a4,a5} {a1}
   B_min=1 (LP cert max box 1) [-1, -1, 0, 0, 1, 2, 1, 2] sched=(0, 1, 0, 2) binv=1 maxsize=3 ord-a  {b1,b3} {b2,a1,a2} {b4,a3,a4} {a5}
   B_min=1 (LP cert max box 1) [-1, 0, -1, 0, 1, 1, 2, 2] sched=(1, 0, 0, 2) binv=2 maxsize=3   {b2,b3} {b1,a1,a3} {b4,a2,a4} {a5}
   B_min=1 (LP cert max box 1) [-1, 0, 0, 1, 0, 1, 2, 1] sched=(1, 0, 1, 2) binv=1 maxsize=4   {b2} {b1,b3,a1} {b4,a2,a3,a5} {a4}
   B_min=1 (LP cert max box 1) [-1, 0, 1, 0, 1, 1, 2, 0] sched=(1, 0, 2, 2) binv=1 maxsize=4   {b2} {b1,a1} {b3,b4,a2,a4} {a3,a5}
   B_min=1 (LP cert max box 1) [-1, 0, 1, 0, 1, 2, 0, 1] sched=(0, 2, 1, 2) binv=1 maxsize=4   {b1} {b3,a1} {b2,b4,a2,a4} {a3,a5}
   B_min=1 (LP cert max box 1) [-1, 0, 1, 1, 2, 2, 0, -1] sched=(0, 2, 3, 2) binv=1 maxsize=3 ord-a  {b1} {a1} {b2,b4,a2} {b3,a3,a4} {a5}
   B_min=1 (LP cert max box 1) [0, -1, 0, 1, 0, 1, 1, 2] sched=(1, 1, 0, 2) binv=2 maxsize=4   {b3} {b1,b2,a2} {b4,a1,a3,a5} {a4}
   B_min=1 (LP cert max box 1) [0, 0, 1, 1, 2, 1, 1, -1] sched=(0, 0, 2, 1) binv=1 maxsize=3 ord-a  {b1,b2} {b4,a1,a2} {b3,a3,a4} {a5}
   B_min=1 (LP cert max box 1) [0, 1, 1, 1, 2, 0, 1, 0] sched=(1, 0, 1, 1) binv=1 maxsize=4 ord-a  {b2} {b1,b3,b4,a1} {a2,a3,a4} {a5}
   B_min=1 (LP cert max box 1) [0, 1, 1, 2, 1, 1, 0, -1] sched=(0, 1, 2, 1) binv=1 maxsize=4   {b1} {b2,b4,a1} {b3,a2,a3,a5} {a4}
   B_min=1 (LP cert max box 1) [1, 0, 1, 1, 2, 0, 0, 1] sched=(1, 1, 0, 1) binv=2 maxsize=4   {b3} {b1,b2,b4,a2} {a1,a3,a4} {a5}
   B_min=1 (LP cert max box 1) [1, 0, 1, 2, 1, 0, 1, -1] sched=(1, 0, 2, 1) binv=2 maxsize=4   {b2} {b1,b4,a2} {b3,a1,a3,a5} {a4}
   B_min=1 (LP cert max box 1) [2, 2, 1, 2, 3, -1, -1, -1] sched=(1, 1, 1, 0) binv=3 maxsize=4   {b4} {b1,b2,b3,a3} {a1,a2,a4} {a5}
   B_min=0 (LP cert max box 0) [-1, 0, 0, 0, 1, 2, 1, 1] sched=(0, 1, 1, 2) binv=0 maxsize=4 ORD-full  {b1} {b2,b3,a1} {b4,a2,a3,a4} {a5}
   B_min=0 (LP cert max box 0) [-1, 0, 0, 1, 1, 2, 1, 0] sched=(0, 1, 2, 2) binv=0 maxsize=4 ORD-full  {b1} {b2,a1} {b3,b4,a2,a3} {a4,a5}
   B_min=0 (LP cert max box 0) [-1, 0, 1, 1, 1, 2, 0, 0] sched=(0, 2, 2, 2) binv=0 maxsize=4 ORD-full  {b1} {a1} {b2,b3,b4,a2} {a3,a4,a5}
   B_min=0 (LP cert max box 0) [0, -1, 0, 0, 1, 1, 2, 1] sched=(1, 0, 1, 2) binv=1 maxsize=4   {b2} {b1,b3,a2} {b4,a1,a3,a4} {a5}
   B_min=0 (LP cert max box 0) [0, -1, 0, 1, 1, 1, 2, 0] sched=(1, 0, 2, 2) binv=1 maxsize=4   {b2} {b1,a2} {b3,b4,a1,a3} {a4,a5}
   B_min=0 (LP cert max box 0) [0, 0, -1, 0, 1, 1, 1, 2] sched=(1, 1, 0, 2) binv=2 maxsize=4   {b3} {b1,b2,a3} {b4,a1,a2,a4} {a5}
   B_min=0 (LP cert max box 0) [0, 0, 0, 1, 1, 1, 1, 1] sched=(0, 0, 0, 1) binv=0 maxsize=4 ORD-full  {b1,b2,b3} {b4,a1,a2,a3} {a4,a5}
   B_min=0 (LP cert max box 0) [0, 0, 1, 1, 1, 1, 1, 0] sched=(0, 0, 1, 1) binv=0 maxsize=4 ORD-full  {b1,b2} {b3,b4,a1,a2} {a3,a4,a5}
   B_min=0 (LP cert max box 0) [0, 1, 0, 1, 1, 1, 0, 1] sched=(0, 1, 0, 1) binv=1 maxsize=4   {b1,b3} {b2,b4,a1,a3} {a2,a4,a5}
   B_min=0 (LP cert max box 0) [0, 1, 1, 1, 1, 1, 0, 0] sched=(0, 1, 1, 1) binv=0 maxsize=4 ORD-full  {b1} {b2,b3,b4,a1} {a2,a3,a4,a5}
   B_min=0 (LP cert max box 0) [1, 0, 0, 1, 1, 0, 1, 1] sched=(1, 0, 0, 1) binv=2 maxsize=4   {b2,b3} {b1,b4,a2,a3} {a1,a4,a5}
   B_min=0 (LP cert max box 0) [1, 0, 1, 1, 1, 0, 1, 0] sched=(1, 0, 1, 1) binv=1 maxsize=4   {b2} {b1,b3,b4,a2} {a1,a3,a4,a5}
   B_min=0 (LP cert max box 0) [1, 1, 0, 1, 1, 0, 0, 1] sched=(1, 1, 0, 1) binv=2 maxsize=4   {b3} {b1,b2,b4,a3} {a1,a2,a4,a5}
   B_min=0 (LP cert max box 0) [1, 1, 1, 1, 2, 0, 0, 0] sched=(0, 0, 0, 0) binv=0 maxsize=4 ORD-full  {b1,b2,b3,b4} {a1,a2,a3,a4} {a5}
   B_min=0 (LP cert max box 0) [1, 1, 2, 1, 2, 0, 0, -1] sched=(0, 0, 1, 0) binv=1 maxsize=4   {b1,b2,b4} {b3,a1,a2,a4} {a3,a5}
   B_min=0 (LP cert max box 0) [1, 2, 1, 1, 2, 0, -1, 0] sched=(0, 1, 0, 0) binv=2 maxsize=4   {b1,b3,b4} {b2,a1,a3,a4} {a2,a5}
   B_min=0 (LP cert max box 0) [1, 2, 2, 1, 2, 0, -1, -1] sched=(0, 1, 1, 0) binv=2 maxsize=4   {b1,b4} {b2,b3,a1,a4} {a2,a3,a5}
   B_min=0 (LP cert max box 0) [2, 1, 1, 1, 2, -1, 0, 0] sched=(1, 0, 0, 0) binv=3 maxsize=4   {b2,b3,b4} {b1,a2,a3,a4} {a1,a5}
   B_min=0 (LP cert max box 0) [2, 1, 2, 1, 2, -1, 0, -1] sched=(1, 0, 1, 0) binv=3 maxsize=4   {b2,b4} {b1,b3,a2,a4} {a1,a3,a5}
   B_min=0 (LP cert max box 0) [2, 2, 1, 1, 2, -1, -1, 0] sched=(1, 1, 0, 0) binv=4 maxsize=4   {b3,b4} {b1,b2,a3,a4} {a1,a2,a5}
   B_min=0 (LP cert max box 0) [2, 2, 2, 1, 2, -1, -1, -1] sched=(1, 1, 1, 0) binv=3 maxsize=4   {b4} {b1,b2,b3,a4} {a1,a2,a3,a5}
