(m,n,z)=(3,2,0) d=5: 142 triples; N=60; max|HornLP-hive|=6.7e-16; B_min histogram {0: 58, 1: 2}; by law {exp:{0: 12}, unif:{0: 12}, sq:{0: 12}, tie:{0: 10, 1: 2}, dom:{0: 12}}; max box in the returned dual certificate: {0: 53, 1: 7}; lambda(K) rectangle among active non-LW tiles: {True: 7}; 0s
   most frequent active non-LW shapes (lI, lJ, lK): count
      ((1,), (1,), (1, 1)) 7
(m,n,z)=(4,2,1) d=7: 2062 triples; N=60; max|HornLP-hive|=8.9e-16; B_min histogram {0: 58, 1: 2}; by law {exp:{0: 12}, unif:{0: 11, 1: 1}, sq:{0: 12}, tie:{0: 11, 1: 1}, dom:{0: 12}}; max box in the returned dual certificate: {0: 55, 1: 3, 2: 2}; lambda(K) rectangle among active non-LW tiles: {True: 4, False: 1}; 1s
   most frequent active non-LW shapes (lI, lJ, lK): count
      ((2, 1), (1,), (2, 2)) 2
      ((1, 1, 1), (1,), (1, 1, 1, 1)) 1
      ((2, 1, 1), (1, 1), (2, 2, 2)) 1
      ((1, 1, 1, 1), (1, 1), (2, 1, 1, 1, 1)) 1
(m,n,z)=(3,3,0) d=6: 522 triples; N=60; max|HornLP-hive|=6.7e-16; B_min histogram {0: 34, 1: 26}; by law {exp:{0: 8, 1: 4}, unif:{0: 8, 1: 4}, sq:{0: 9, 1: 3}, tie:{0: 9, 1: 3}, dom:{1: 12}}; max box in the returned dual certificate: {0: 34, 1: 23, 2: 3}; lambda(K) rectangle among active non-LW tiles: {False: 22, True: 4}; 0s
   most frequent active non-LW shapes (lI, lJ, lK): count
      ((1,), (3,), (3, 1)) 18
      ((1, 1, 1), (1,), (2, 1, 1)) 2
      ((1, 1, 1), (1, 1), (2, 1, 1, 1)) 2
      ((1,), (2,), (3,)) 2
      ((1, 1), (1, 1), (2, 2)) 1
      ((1, 1), (1,), (1, 1, 1)) 1
(m,n,z)=(3,3,1) d=7: 2062 triples; N=60; max|HornLP-hive|=8.9e-16; B_min histogram {0: 34, 1: 26}; by law {exp:{0: 9, 1: 3}, unif:{0: 8, 1: 4}, sq:{0: 10, 1: 2}, tie:{0: 7, 1: 5}, dom:{1: 12}}; max box in the returned dual certificate: {0: 34, 1: 19, 2: 6, 3: 1}; lambda(K) rectangle among active non-LW tiles: {False: 23, True: 3}; 1s
   most frequent active non-LW shapes (lI, lJ, lK): count
      ((1,), (4,), (4, 1)) 16
      ((1, 1, 1), (2,), (3, 1, 1)) 5
      ((1,), (3,), (4,)) 3
      ((1, 1, 1), (1, 1), (2, 2, 1)) 1
      ((1, 1, 1), (2, 1), (2, 2, 1, 1)) 1
(m,n,z)=(4,3,0) d=7: 2062 triples; N=60; max|HornLP-hive|=6.7e-16; B_min histogram {0: 40, 1: 6, 2: 14}; by law {exp:{0: 8, 1: 3, 2: 1}, unif:{0: 11, 1: 1}, sq:{0: 11, 1: 1}, tie:{0: 10, 1: 1, 2: 1}, dom:{2: 12}}; max box in the returned dual certificate: {0: 36, 1: 7, 2: 16, 3: 1}; lambda(K) rectangle among active non-LW tiles: {False: 20, True: 5}; 1s
   most frequent active non-LW shapes (lI, lJ, lK): count
      ((1, 1), (3,), (3, 1, 1)) 12
      ((1, 1, 1, 1), (1,), (2, 1, 1, 1)) 5
      ((2,), (2,), (2, 2)) 3
      ((1, 1), (1,), (1, 1, 1)) 1
      ((1, 1, 1), (2, 1, 1), (2, 2, 1, 1, 1)) 1
      ((1, 1), (1, 1), (2, 1, 1)) 1
      ((1, 1), (2,), (3, 1)) 1
      ((1,), (1,), (1, 1)) 1
(m,n,z)=(4,4,0) d=8: 8752 triples; N=60; max|HornLP-hive|=8.9e-16; B_min histogram {0: 26, 1: 9, 2: 25}; by law {exp:{0: 8, 1: 2, 2: 2}, unif:{0: 7, 1: 1, 2: 4}, sq:{0: 9, 1: 2, 2: 1}, tie:{0: 2, 1: 4, 2: 6}, dom:{2: 12}}; max box in the returned dual certificate: {0: 26, 1: 6, 2: 22, 3: 4, 4: 2}; lambda(K) rectangle among active non-LW tiles: {False: 32, True: 2}; 5s
   most frequent active non-LW shapes (lI, lJ, lK): count
      ((1, 1), (3, 3), (3, 3, 1, 1)) 12
      ((1, 1, 1, 1), (1,), (2, 1, 1, 1)) 2
      ((1,), (4,), (4, 1)) 2
      ((2,), (5,), (5, 2)) 2
      ((1, 1), (4,), (4, 1, 1)) 2
      ((1, 1, 1, 1), (2,), (3, 1, 1, 1)) 2
      ((1, 1, 1), (2, 2), (3, 3, 1)) 1
      ((3, 1), (3,), (4, 3)) 1
      ((1, 1, 1), (1, 1), (2, 1, 1, 1)) 1
      ((1,), (3,), (4,)) 1
      ((1, 1, 1, 1), (2, 2), (3, 2, 1, 1, 1)) 1
      ((1, 1, 1), (3, 2), (3, 3, 1, 1)) 1
