(m,n,z)=(3,3,0): 10 exposed forms; rules satisfied: R1: 10/10, R2: 10/10, R3: 10/10, R4: 10/10, R5: 10/10
(m,n,z)=(3,3,1): 10 exposed forms; rules satisfied: R1: 10/10, R2: 10/10, R3: 10/10, R4: 10/10, R5: 10/10
(m,n,z)=(4,3,0): 19 exposed forms; rules satisfied: R1: 19/19, R2: 18/19, R3: 19/19, R4: 19/19, R5: 19/19
    violates R2: [1, 2, 3, 4, -2, -1] {b3} {b2,a1} {b1,a2} {a3} {a4} a-inv=4 b-inv=3
(m,n,z)=(4,3,1): 18 exposed forms; rules satisfied: R1: 18/18, R2: 18/18, R3: 18/18, R4: 18/18, R5: 18/18
(m,n,z)=(5,3,0): 27 exposed forms; rules satisfied: R1: 27/27, R2: 26/27, R3: 27/27, R4: 27/27, R5: 27/27
    violates R2: [1, 2, 3, 3, 4, -2, -1] {b3} {b2,a1} {b1,a2} {a3,a4} {a5} a-inv=4 b-inv=3
(m,n,z)=(6,3,0): 34 exposed forms; rules satisfied: R1: 34/34, R2: 34/34, R3: 34/34, R4: 34/34, R5: 34/34
(m,n,z)=(5,3,1): 26 exposed forms; rules satisfied: R1: 26/26, R2: 26/26, R3: 26/26, R4: 26/26, R5: 26/26
(m,n,z)=(4,4,0): 32 exposed forms; rules satisfied: R1: 32/32, R2: 32/32, R3: 32/32, R4: 32/32, R5: 32/32
(m,n,z)=(4,4,1): 32 exposed forms; rules satisfied: R1: 32/32, R2: 32/32, R3: 32/32, R4: 32/32, R5: 32/32
(m,n,z)=(5,4,0): 63 exposed forms; rules satisfied: R1: 63/63, R2: 60/63, R3: 63/63, R4: 63/63, R5: 63/63
    violates R2: [0, 1, 1, 2, 3, -1, 0, 1] {b3} {b2,b4,a1} {b1,a2,a3} {a4} {a5} a-inv=5 b-inv=4
    violates R2: [1, 1, 2, 3, 4, -2, -1, 0] {b3,b4} {b2,a1,a2} {b1,a3} {a4} {a5} a-inv=7 b-inv=5
    violates R2: [2, 1, 2, 3, 4, -2, -1, -1] {b4} {b2,b3,a2} {b1,a1,a3} {a4} {a5} a-inv=6 b-inv=5
(m,n,z)=(5,4,1): 62 exposed forms; rules satisfied: R1: 62/62, R2: 62/62, R3: 62/62, R4: 62/62, R5: 62/62
(m,n,z)=(4,5,0): 62 exposed forms; rules satisfied: R1: 62/62, R2: 59/62, R3: 62/62, R4: 62/62, R5: 62/62
    violates R2: [2, 3, 3, 4, -2, -3, -2, -1] {b5} {b4} {b1,b3,a1} {b2,a2,a3} {a4} a-inv=9 b-inv=8
    violates R2: [2, 3, 4, 3, -3, -2, -2, -1] {b5} {b4} {b2,b3,a1} {b1,a2,a4} {a3} a-inv=10 b-inv=9
    violates R2: [2, 3, 4, 4, -3, -3, -2, -1] {b5} {b4} {b3,a1} {b1,b2,a2} {a3,a4} a-inv=11 b-inv=9
(m,n,z)=(6,4,0): 92 exposed forms; rules satisfied: R1: 92/92, R2: 87/92, R3: 92/92, R4: 92/92, R5: 92/92
    violates R2: [0, 1, 1, 2, 2, 3, -1, 0, 1] {b3} {b2,b4,a1} {b1,a2,a3} {a4,a5} {a6} a-inv=5 b-inv=4
    violates R2: [1, 2, 2, 3, 3, 4, -1, -2, -1] {b4} {b1,b3,a1} {b2,a2,a3} {a4,a5} {a6} a-inv=5 b-inv=4
    violates R2: [1, 2, 2, 3, 4, 3, -2, -1, -1] {b4} {b2,b3,a1} {b1,a2,a3} {a4,a6} {a5} a-inv=6 b-inv=5
    violates R2: [1, 2, 3, 2, 3, 4, -2, -1, -1] {b4} {b2,b3,a1} {b1,a2,a4} {a3,a5} {a6} a-inv=6 b-inv=5
(m,n,z)=(5,5,0): 108 exposed forms; rules satisfied: R1: 108/108, R2: 108/108, R3: 108/108, R4: 108/108, R5: 108/108
