S1^*S1 on T: Matrix([[1, 0], [0, 1]])
S2^*S2 on T: Matrix([[1, 0], [0, 1]])
det S1 = z ; det S2 = z**2
gcd of coordinates of P: 1
P^*P on T: Matrix([[4]])
P(1) = [2, 0]  P(-1) = [0, 2]
S1(1)e1 = [1, 0]  S1(-1)e1 = [0, -1]
S2 first column == P/2: True
deg S1 = 1 ; deg S2 = 2 ; deg P/2 = 2
degree-1 witness Q(1), Q(-1): [2, 0] [0, -2]

Gr(2,4) witness Y_i = graph(zeta_i^e I_2), e = floor(L/2):
  L= 1 e0=0 m0=2  dim V_0..V_1 = [2, 6]   (expect V_e'=0 for e'<e, dim V_e = m0)
  L= 2 e0=1 m0=4  dim V_0..V_2 = [0, 4, 8]   (expect V_e'=0 for e'<e, dim V_e = m0)
  L= 3 e0=1 m0=2  dim V_0..V_2 = [0, 2, 6]   (expect V_e'=0 for e'<e, dim V_e = m0)
  L= 4 e0=2 m0=4  dim V_0..V_3 = [0, 0, 4, 8]   (expect V_e'=0 for e'<e, dim V_e = m0)
  L= 5 e0=2 m0=2  dim V_0..V_3 = [0, 0, 2, 6]   (expect V_e'=0 for e'<e, dim V_e = m0)
  L= 6 e0=3 m0=4  dim V_0..V_4 = [0, 0, 0, 4, 8]   (expect V_e'=0 for e'<e, dim V_e = m0)
  L= 7 e0=3 m0=2  dim V_0..V_4 = [0, 0, 0, 2, 6]   (expect V_e'=0 for e'<e, dim V_e = m0)
  L= 8 e0=4 m0=4  dim V_0..V_5 = [0, 0, 0, 0, 4, 8]   (expect V_e'=0 for e'<e, dim V_e = m0)
  L= 9 e0=4 m0=2  dim V_0..V_5 = [0, 0, 0, 0, 2, 6]   (expect V_e'=0 for e'<e, dim V_e = m0)
  L=10 e0=5 m0=4  dim V_0..V_6 = [0, 0, 0, 0, 0, 4, 8]   (expect V_e'=0 for e'<e, dim V_e = m0)
  L=11 e0=5 m0=2  dim V_0..V_6 = [0, 0, 0, 0, 0, 2, 6]   (expect V_e'=0 for e'<e, dim V_e = m0)
  L=12 e0=6 m0=4  dim V_0..V_7 = [0, 0, 0, 0, 0, 0, 4, 8]   (expect V_e'=0 for e'<e, dim V_e = m0)
k=3, r=6 graph witness: V_e'=0 for e'<e and dim V_e = m0 for L=1..12: OK
  e=1: minors [1, 0, z, -z, 0, z**2], gcd 1, fdeg 2
  e=2: minors [1, 0, z**2, -z**2, 0, z**4], gcd 1, fdeg 4
  e=3: minors [1, 0, z**3, -z**3, 0, z**6], gcd 1, fdeg 6
