--- (a) kappa(1-m) <= c-a
a= 0.25: max over c,k of [k(1-m) - (c-a)] = 2.458227  (FAILS)
a= 0.50: max over c,k of [k(1-m) - (c-a)] = 1.1519029  (FAILS)
a= 0.75: max over c,k of [k(1-m) - (c-a)] = 0.40567371  (FAILS)
a= 1.00: max over c,k of [k(1-m) - (c-a)] = 1.4672813e-28  (FAILS)
a= 1.50: max over c,k of [k(1-m) - (c-a)] = -0.00025025044  (holds)
a= 2.00: max over c,k of [k(1-m) - (c-a)] = -0.00050025013  (holds)
a= 3.00: max over c,k of [k(1-m) - (c-a)] = -0.00099949875  (holds)
a= 5.00: max over c,k of [k(1-m) - (c-a)] = -0.0019950035  (holds)
identity check (a>=1):
  a=1.0 c=3.0 k=2.0: c-a=2.0  rhs=2.0
  a=1.0 c=7.0 k=15.0: c-a=6.0  rhs=6.0
  a=2.0 c=5.0 k=3.0: c-a=3.0  rhs=3.0
  a=2.5 c=9.0 k=20.0: c-a=6.5  rhs=6.5
  a=5.0 c=30.0 k=60.0: c-a=25.0  rhs=25.0
--- (b) sign changes of Delta_q along the trajectory
q=1: Delta sign at 0+: 1, at large k: 1, sign changes at []
q=2: Delta sign at 0+: 1, at large k: 1, sign changes at []
q=3: Delta sign at 0+: 1, at large k: 1, sign changes at []
q=4: Delta sign at 0+: -1, at large k: 1, sign changes at [(4.16084220543038, 4.209022487430816)]
q=5: Delta sign at 0+: -1, at large k: 1, sign changes at [(7.249929250998411, 7.333879475147846)]
q=6: Delta sign at 0+: -1, at large k: 1, sign changes at [(9.796958289712084, 9.910401720113937)]
q=7: Delta sign at 0+: -1, at large k: 1, sign changes at [(12.231618981465141, 12.37325445398552)]
q=8: Delta sign at 0+: -1, at large k: 1, sign changes at [(14.463470199341105, 14.630949290953792)]
q=9: Delta sign at 0+: -1, at large k: 1, sign changes at [(16.789378167599715, 16.98379000414357)]
q=10: Delta sign at 0+: -1, at large k: 1, sign changes at [(18.932993889725097, 19.152227626474104)]
q=11: Delta sign at 0+: -1, at large k: 1, sign changes at [(20.998221767932307, 21.24136971643328)]
q=12: Delta sign at 0+: -1, at large k: 1, sign changes at [(23.185221095755516, 23.453693302939467)]
q=16: Delta sign at 0+: -1, at large k: 1, sign changes at [(31.413856441526956, 31.77761175531869)]
q=20: Delta sign at 0+: -1, at large k: 1, sign changes at [(39.47321506115466, 39.93029334944643)]
q=30: Delta sign at 0+: -1, at large k: 1, sign changes at [(59.233879305857535, 59.91977530191605)]
q=40: Delta sign at 0+: -1, at large k: 1, sign changes at [(79.34945268474927, 80.26827604266028)]
q=60: Delta sign at 0+: -1, at large k: 1, sign changes at [(119.4734027300529, 120.85683953223996)]
--- (c) tilted variance V(k) of L_q: number of local extrema on the grid
q=3: local extrema of V on grid: 0; V(0+)=0.0999991, max V=0.0999991 at k=0.035
q=4: local extrema of V on grid: 1; V(0+)=0.0666674, max V=0.069099 at k=3.32
q=5: local extrema of V on grid: 1; V(0+)=0.0476202, max V=0.0556409 at k=5.58
q=8: local extrema of V on grid: 1; V(0+)=0.0222232, max V=0.0384116 at k=10.62
q=12: local extrema of V on grid: 1; V(0+)=0.0109896, max V=0.028805 at k=16.48
q=20: local extrema of V on grid: 1; V(0+)=0.00432928, max V=0.0201491 at k=27.24
q=40: local extrema of V on grid: 1; V(0+)=0.00116152, max V=0.0122078 at k=52.36
