N= 3 d= 6 (A_N,B): kappa =    31/24  conj 3/2+m_N a_2 = 31/24 m_N=-1  match=True  s=['7/12', '1/2', '5/24', '0', '0']  [0.01s]
N= 4 d= 8 (A_N,B): kappa =      3/2  conj 3/2+m_N a_2 = 3/2 m_N=0  match=True  s=['3/4', '1/2', '1/8', '1/8', '0', '0']  [0.0s]
N= 5 d=10 (A_N,B): kappa =   127/80  conj 3/2+m_N a_2 = 127/80 m_N=1  match=True  s=['59/80', '1/2', '7/40', '7/80', '7/80', '0', '0']  [0.0s]
N= 6 d=12 (A_N,B): kappa =    17/10  conj 3/2+m_N a_2 = 17/10 m_N=3  match=True  s=['11/15', '1/2', '1/5', '2/15', '1/15', '1/15', '0', '0']  [0.01s]
N= 7 d=14 (A_N,B): kappa =    99/56  conj 3/2+m_N a_2 = 99/56 m_N=5  match=True  s=['11/14', '1/2', '9/56', '3/28', '3/28', '3/56', '3/56', '0', '0']  [0.01s]
N= 8 d=16 (A_N,B): kappa =     13/7  conj 3/2+m_N a_2 = 13/7 m_N=8  match=True  s=['87/112', '1/2', '5/28', '15/112', '5/56', '5/56', '5/112', '5/112', '0', '0']  [0.01s]
N= 9 d=18 (A_N,B): kappa =  553/288  conj 3/2+m_N a_2 = 553/288 m_N=11  match=True  s=['233/288', '1/2', '11/72', '11/96', '11/96', '11/144', '11/144', '11/288', '11/288', '0', '0']  [0.03s]
N=10 d=20 (A_N,B): kappa =        2  conj 3/2+m_N a_2 = 2 m_N=15  match=True  s=['4/5', '1/2', '1/6', '2/15', '1/10', '1/10', '1/15', '1/15', '1/30', '1/30', '0', '0']  [0.01s]
N=11 d=22 (A_N,B): kappa =  907/440  conj 3/2+m_N a_2 = 907/440 m_N=19  match=True  s=['181/220', '1/2', '13/88', '13/110', '13/110', '39/440', '39/440', '13/220', '13/220', '13/440', '13/440', '0', '0']  [0.03s]
N=12 d=24 (A_N,B): kappa =    47/22  conj 3/2+m_N a_2 = 47/22 m_N=24  match=True  s=['215/264', '1/2', '7/44', '35/264', '7/66', '7/66', '7/88', '7/88', '7/132', '7/132', '7/264', '7/264', '0', '0']  [0.03s]
N=13 d=26 (A_N,B): kappa =  457/208  conj 3/2+m_N a_2 = 457/208 m_N=29  match=True  s=['173/208', '1/2', '15/104', '25/208', '25/208', '5/52', '5/52', '15/208', '15/208', '5/104', '5/104', '5/208', '5/208', '0', '0']  [0.04s]
N=14 d=28 (A_N,B): kappa =    59/26  conj 3/2+m_N a_2 = 59/26 m_N=35  match=True  s=['75/91', '1/2', '2/13', '12/91', '10/91', '10/91', '8/91', '8/91', '6/91', '6/91', '4/91', '4/91', '2/91', '2/91', '0', '0']  [0.05s]
N= 6 d=12 (u_3,z_N): kappa =     13/9  s=['1/2', '7/18', '1/3', '1/9', '1/18', '1/18', '0', '0']  [0.01s]
N= 7 d=14 (u_3,z_N): kappa =  479/315  s=['19/35', '25/63', '1/3', '26/315', '26/315', '13/315', '13/315', '0', '0']  [0.01s]
N= 8 d=16 (u_3,z_N): kappa =  169/108  s=['41/72', '47/108', '1/3', '7/108', '7/108', '7/216', '7/216', '7/216', '0', '0']  [0.01s]
N= 9 d=18 (u_3,z_N): kappa =    43/27  s=['29/63', '82/189', '1/3', '34/189', '10/189', '10/189', '5/189', '5/189', '5/189', '0', '0']  [0.01s]
N=10 d=20 (u_3,z_N): kappa =    49/30  s=['26/45', '13/30', '1/3', '1/15', '1/15', '2/45', '2/45', '1/45', '1/45', '1/45', '0', '0']  [0.02s]
N=11 d=22 (u_3,z_N): kappa = 1481/891  s=['509/891', '386/891', '1/3', '68/891', '17/297', '17/297', '34/891', '34/891', '17/891', '17/891', '17/891', '0', '0']  [0.02s]
N=12 d=24 (u_3,z_N): kappa =   101/60  s=['7/12', '9/20', '1/3', '1/15', '1/20', '1/20', '1/30', '1/30', '1/30', '1/60', '1/60', '1/60', '0', '0']  [0.03s]
N= 6 d=13 (A_6,B) padded: kappa =    17/10  s=['11/15', '1/2', '1/5', '2/15', '1/15', '1/15', '0', '0']  [0.01s]
N= 6 d=14 (A_6,B) padded: kappa =    17/10  s=['11/15', '1/2', '1/5', '2/15', '1/15', '1/15', '0', '0']  [0.01s]
N= 6 d=15 (A_6,B) padded: kappa =    17/10  s=['4/5', '1/2', '2/15', '2/15', '1/15', '1/15', '0', '0']  [0.01s]
N= 7 d=15 (u_3,z_7) padded: kappa =  479/315  s=['46/105', '46/105', '1/3', '59/315', '13/315', '13/315', '13/315', '0', '0']  [0.01s]
N= 7 d=16 (u_3,z_7) padded: kappa =  479/315  s=['19/35', '25/63', '1/3', '26/315', '26/315', '13/315', '13/315', '0', '0']  [0.01s]
N= 7 d=17 (u_3,z_7) padded: kappa =  479/315  s=['19/35', '25/63', '1/3', '26/315', '26/315', '13/315', '13/315', '0', '0']  [0.01s]
N= 8 d=17 (u_3,z_8) padded: kappa =  169/108  s=['101/216', '29/72', '1/3', '1/6', '7/108', '7/108', '7/216', '7/216', '0', '0']  [0.01s]
N= 8 d=18 (u_3,z_8) padded: kappa =  169/108  s=['47/108', '47/108', '1/3', '43/216', '7/108', '7/216', '7/216', '7/216', '0', '0']  [0.01s]
N= 8 d=19 (u_3,z_8) padded: kappa =  169/108  s=['47/108', '47/108', '1/3', '43/216', '7/108', '7/216', '7/216', '7/216', '0', '0']  [0.01s]
N= 9 d=19 (u_3,z_9) padded: kappa =    43/27  s=['29/63', '82/189', '1/3', '34/189', '10/189', '10/189', '5/189', '5/189', '5/189', '0', '0']  [0.01s]
N= 9 d=20 (u_3,z_9) padded: kappa =    43/27  s=['106/189', '82/189', '1/3', '5/63', '10/189', '10/189', '5/189', '5/189', '5/189', '0', '0']  [0.02s]
N= 9 d=21 (u_3,z_9) padded: kappa =    43/27  s=['29/63', '82/189', '1/3', '34/189', '10/189', '10/189', '5/189', '5/189', '5/189', '0', '0']  [0.02s]
N=10 d=21 (u_3,z_10) padded: kappa =    49/30  s=['41/90', '41/90', '1/3', '17/90', '2/45', '2/45', '2/45', '1/45', '1/45', '1/45', '0', '0']  [0.02s]
N=10 d=22 (u_3,z_10) padded: kappa =    49/30  s=['43/90', '13/30', '1/3', '1/6', '1/15', '2/45', '2/45', '1/45', '1/45', '1/45', '0', '0']  [0.02s]
N=10 d=23 (u_3,z_10) padded: kappa =    49/30  s=['26/45', '13/30', '1/3', '1/15', '1/15', '2/45', '2/45', '1/45', '1/45', '1/45', '0', '0']  [0.03s]
total 0.7 s
