[gamma] gamma_N3.json: N=3 d=6 claimed gamma_{N,6} = 17/36
        pairs in W_N with D_*>0: 20; certified: 20; min ratio (from primals) = 17/36 at pair 5; duals matching primal: 2; minimizers with dual: 2  [0.0s]
        => PROVED (computer-assisted, exact): gamma_{3,6} = 17/36; minimizing pairs: a=['1/2', '1/2', '0'] b=['7/12', '5/24', '5/24'] kappa=31/24; a=['7/12', '5/24', '5/24'] b=['1/2', '1/2', '0'] kappa=31/24
[gamma] gamma_N4.json: N=4 d=8 claimed gamma_{N,8} = 4/7
        pairs in W_N with D_*>0: 87; certified: 87; min ratio (from primals) = 4/7 at pair 60; duals matching primal: 2; minimizers with dual: 2  [0.1s]
        => PROVED (computer-assisted, exact): gamma_{4,8} = 4/7; minimizing pairs: a=['1/2', '1/2', '0', '0'] b=['5/8', '1/8', '1/8', '1/8'] kappa=3/2; a=['5/8', '1/8', '1/8', '1/8'] b=['1/2', '1/2', '0', '0'] kappa=3/2
[gamma] gamma_N5.json: N=5 d=10 claimed gamma_{N,10} = 113/152
        pairs in W_N with D_*>0: 265; certified: 265; min ratio (from primals) = 113/152 at pair 202; duals matching primal: 2; minimizers with dual: 2  [0.2s]
        => PROVED (computer-assisted, exact): gamma_{5,10} = 113/152; minimizing pairs: a=['1/2', '1/2', '0', '0', '0'] b=['13/20', '7/80', '7/80', '7/80', '7/80'] kappa=127/80; a=['13/20', '7/80', '7/80', '7/80', '7/80'] b=['1/2', '1/2', '0', '0', '0'] kappa=127/80
[gamma] gamma_N6.json: N=6 d=12 claimed gamma_{N,12} = 9/10
        pairs in W_N with D_*>0: 626; certified: 626; min ratio (from primals) = 9/10 at pair 535; duals matching primal: 2; minimizers with dual: 2  [0.8s]
        => PROVED (computer-assisted, exact): gamma_{6,12} = 9/10; minimizing pairs: a=['1/2', '1/2', '0', '0', '0', '0'] b=['2/3', '1/15', '1/15', '1/15', '1/15', '1/15'] kappa=17/10; a=['2/3', '1/15', '1/15', '1/15', '1/15', '1/15'] b=['1/2', '1/2', '0', '0', '0', '0'] kappa=17/10
[gamma] gamma_N7.json: N=7 d=14 claimed gamma_{N,14} = 781/740
        pairs in W_N with D_*>0: 1352; certified: 1352; min ratio (from primals) = 781/740 at pair 906; duals matching primal: 2; minimizers with dual: 2  [2.2s]
        => PROVED (computer-assisted, exact): gamma_{7,14} = 781/740; minimizing pairs: a=['1/3', '1/3', '1/3', '0', '0', '0', '0'] b=['25/63', '25/63', '13/315', '13/315', '13/315', '13/315', '13/315'] kappa=479/315; a=['25/63', '25/63', '13/315', '13/315', '13/315', '13/315', '13/315'] b=['1/3', '1/3', '1/3', '0', '0', '0', '0'] kappa=479/315
[gamma] gamma_N8.json.gz: N=8 d=16 claimed gamma_{N,16} = 317/264
        pairs in W_N with D_*>0: 2609; certified: 2609; min ratio (from primals) = 317/264 at pair 1878; duals matching primal: 2; minimizers with dual: 2  [8.6s]
        => PROVED (computer-assisted, exact): gamma_{8,16} = 317/264; minimizing pairs: a=['1/3', '1/3', '1/3', '0', '0', '0', '0', '0'] b=['29/72', '29/72', '7/216', '7/216', '7/216', '7/216', '7/216', '7/216'] kappa=169/108; a=['29/72', '29/72', '7/216', '7/216', '7/216', '7/216', '7/216', '7/216'] b=['1/3', '1/3', '1/3', '0', '0', '0', '0', '0'] kappa=169/108
[gamma] gamma_N9.json.gz: N=9 d=18 claimed gamma_{N,18} = 23/17
        pairs in W_N with D_*>0: 4613; certified: 4613; min ratio (from primals) = 23/17 at pair 3653; duals matching primal: 2; minimizers with dual: 2  [16.5s]
        => PROVED (computer-assisted, exact): gamma_{9,18} = 23/17; minimizing pairs: a=['1/3', '1/3', '1/3', '0', '0', '0', '0', '0', '0'] b=['11/27', '11/27', '5/189', '5/189', '5/189', '5/189', '5/189', '5/189', '5/189'] kappa=43/27; a=['11/27', '11/27', '5/189', '5/189', '5/189', '5/189', '5/189', '5/189', '5/189'] b=['1/3', '1/3', '1/3', '0', '0', '0', '0', '0', '0'] kappa=43/27
[gamma] gamma_N10.json.gz: N=10 d=20 claimed gamma_{N,20} = 3/2
        pairs in W_N with D_*>0: 7612; certified: 7612; min ratio (from primals) = 3/2 at pair 6120; duals matching primal: 2; minimizers with dual: 2  [36.0s]
        => PROVED (computer-assisted, exact): gamma_{10,20} = 3/2; minimizing pairs: a=['1/3', '1/3', '1/3', '0', '0', '0', '0', '0', '0', '0'] b=['37/90', '37/90', '1/45', '1/45', '1/45', '1/45', '1/45', '1/45', '1/45', '1/45'] kappa=49/30; a=['37/90', '37/90', '1/45', '1/45', '1/45', '1/45', '1/45', '1/45', '1/45', '1/45'] b=['1/3', '1/3', '1/3', '0', '0', '0', '0', '0', '0', '0'] kappa=49/30
[AB] AB_costs.json: 34 entries
                 (A_3,B) d=6: kappa = 31/24  conjectured 31/24 -> OK   [ok]
                 (A_4,B) d=8: kappa = 3/2  conjectured 3/2 -> OK   [ok]
                (A_5,B) d=10: kappa = 127/80  conjectured 127/80 -> OK   [ok]
                (A_6,B) d=12: kappa = 17/10  conjectured 17/10 -> OK   [ok]
                (A_7,B) d=14: kappa = 99/56  conjectured 99/56 -> OK   [ok]
                (A_8,B) d=16: kappa = 13/7  conjectured 13/7 -> OK   [ok]
                (A_9,B) d=18: kappa = 553/288  conjectured 553/288 -> OK   [ok]
               (A_10,B) d=20: kappa = 2  conjectured 2 -> OK   [ok]
               (A_11,B) d=22: kappa = 907/440  conjectured 907/440 -> OK   [ok]
               (A_12,B) d=24: kappa = 47/22  conjectured 47/22 -> OK   [ok]
               (A_13,B) d=26: kappa = 457/208  conjectured 457/208 -> OK   [ok]
               (A_14,B) d=28: kappa = 59/26  conjectured 59/26 -> OK   [ok]
              (u_3,z_6) d=12: kappa = 13/9   [ok]
              (u_3,z_7) d=14: kappa = 479/315   [ok]
              (u_3,z_8) d=16: kappa = 169/108   [ok]
              (u_3,z_9) d=18: kappa = 43/27   [ok]
             (u_3,z_10) d=20: kappa = 49/30   [ok]
             (u_3,z_11) d=22: kappa = 1481/891   [ok]
             (u_3,z_12) d=24: kappa = 101/60   [ok]
                (A_6,B) d=13: kappa = 17/10   [ok]
                (A_6,B) d=14: kappa = 17/10   [ok]
                (A_6,B) d=15: kappa = 17/10   [ok]
              (u_3,z_7) d=15: kappa = 479/315   [ok]
              (u_3,z_7) d=16: kappa = 479/315   [ok]
              (u_3,z_7) d=17: kappa = 479/315   [ok]
              (u_3,z_8) d=17: kappa = 169/108   [ok]
              (u_3,z_8) d=18: kappa = 169/108   [ok]
              (u_3,z_8) d=19: kappa = 169/108   [ok]
              (u_3,z_9) d=19: kappa = 43/27   [ok]
              (u_3,z_9) d=20: kappa = 43/27   [ok]
              (u_3,z_9) d=21: kappa = 43/27   [ok]
             (u_3,z_10) d=21: kappa = 49/30   [ok]
             (u_3,z_10) d=22: kappa = 49/30   [ok]
             (u_3,z_10) d=23: kappa = 49/30   [ok]
        [0.2s]
[kappa6] kappa6_certificate.json: 22 forms
        form  0 q=['-3/2', '-2', '-3/2', '0', '5/2']: 5 rays, full rank, witnesses ok, dual ok (5 triples)
        form  1 q=['-7/6', '-4/3', '-1/2', '4/3', '13/6']: 5 rays, full rank, witnesses ok, dual ok (4 triples)
        form  2 q=['-5/6', '-2/3', '1/2', '5/3', '11/6']: 5 rays, full rank, witnesses ok, dual ok (4 triples)
        form  3 q=['-1/2', '0', '1/2', '2', '3/2']: 6 rays, full rank, witnesses ok, dual ok (3 triples)
        form  4 q=['-1/2', '0', '3/2', '1', '3/2']: 5 rays, full rank, witnesses ok, dual ok (3 triples)
        form  5 q=['-1/2', '0', '3/2', '2', '1/2']: 5 rays, full rank, witnesses ok, dual ok (3 triples)
        form  6 q=['-1/6', '2/3', '3/2', '4/3', '7/6']: 5 rays, full rank, witnesses ok, dual ok (3 triples)
        form  7 q=['0', '0', '1', '2', '1']: 5 rays, full rank, witnesses ok, dual ok (4 triples)
        form  8 q=['1/6', '1/3', '3/2', '5/3', '5/6']: 5 rays, full rank, witnesses ok, dual ok (3 triples)
        form  9 q=['1/6', '4/3', '3/2', '2/3', '5/6']: 5 rays, full rank, witnesses ok, dual ok (3 triples)
        form 10 q=['1/2', '0', '1/2', '2', '1/2']: 5 rays, full rank, witnesses ok, dual ok (3 triples)
        form 11 q=['1/2', '2', '1/2', '0', '1/2']: 5 rays, full rank, witnesses ok, dual ok (3 triples)
        form 12 q=['1/2', '2', '3/2', '0', '-1/2']: 5 rays, full rank, witnesses ok, dual ok (3 triples)
        form 13 q=['5/6', '2/3', '3/2', '4/3', '1/6']: 5 rays, full rank, witnesses ok, dual ok (3 triples)
        form 14 q=['5/6', '5/3', '3/2', '1/3', '1/6']: 5 rays, full rank, witnesses ok, dual ok (3 triples)
        form 15 q=['1', '2', '1', '0', '0']: 5 rays, full rank, witnesses ok, dual ok (4 triples)
        form 16 q=['7/6', '4/3', '3/2', '2/3', '-1/6']: 5 rays, full rank, witnesses ok, dual ok (3 triples)
        form 17 q=['3/2', '1', '3/2', '0', '-1/2']: 5 rays, full rank, witnesses ok, dual ok (3 triples)
        form 18 q=['3/2', '2', '1/2', '0', '-1/2']: 6 rays, full rank, witnesses ok, dual ok (3 triples)
        form 19 q=['11/6', '5/3', '1/2', '-2/3', '-5/6']: 5 rays, full rank, witnesses ok, dual ok (4 triples)
        form 20 q=['13/6', '4/3', '-1/2', '-4/3', '-7/6']: 5 rays, full rank, witnesses ok, dual ok (4 triples)
        form 21 q=['5/2', '0', '-3/2', '-2', '-3/2']: 5 rays, full rank, witnesses ok, dual ok (5 triples)
        => PROVED (computer-assisted, exact): kappa_6 = max of the 22 forms on the ordered chamber; every form exposed (full-dimensional chamber). total rays 112  [85.3s]
[all-d] alld_lower_AB_N3_fam.json: N=3 M=3 d0=6 claimed kappa_d >= 31/24 for all d >= 6
        => PROVED (computer-assisted, exact): kappa_d(a,0^(d-2N),-b^rev) >= 31/24 for EVERY d >= 6  (3 templates)  [0.0s]
[all-d] alld_lower_AB_N4_fam.json: N=4 M=4 d0=8 claimed kappa_d >= 3/2 for all d >= 8
        => PROVED (computer-assisted, exact): kappa_d(a,0^(d-2N),-b^rev) >= 3/2 for EVERY d >= 8  (3 templates)  [0.0s]
[all-d] alld_lower_AB_N5_fam.json: N=5 M=5 d0=10 claimed kappa_d >= 127/80 for all d >= 10
        => PROVED (computer-assisted, exact): kappa_d(a,0^(d-2N),-b^rev) >= 127/80 for EVERY d >= 10  (4 templates)  [0.0s]
[all-d] alld_lower_AB_N6.json: N=6 M=6 d0=12 claimed kappa_d >= 17/10 for all d >= 12
        => PROVED (computer-assisted, exact): kappa_d(a,0^(d-2N),-b^rev) >= 17/10 for EVERY d >= 12  (4 templates)  [0.0s]
[all-d] alld_lower_AB_N6_fam.json: N=6 M=6 d0=12 claimed kappa_d >= 17/10 for all d >= 12
        => PROVED (computer-assisted, exact): kappa_d(a,0^(d-2N),-b^rev) >= 17/10 for EVERY d >= 12  (4 templates)  [0.0s]
[all-d] alld_lower_UZ_N7.json: N=7 M=7 d0=14 claimed kappa_d >= 479/315 for all d >= 14
        => PROVED (computer-assisted, exact): kappa_d(a,0^(d-2N),-b^rev) >= 479/315 for EVERY d >= 14  (4 templates)  [0.0s]
[all-d] alld_lower_UZ_N7_fam.json: N=7 M=7 d0=14 claimed kappa_d >= 479/315 for all d >= 14
        => PROVED (computer-assisted, exact): kappa_d(a,0^(d-2N),-b^rev) >= 479/315 for EVERY d >= 14  (4 templates)  [0.0s]
[all-d] alld_lower_UZ_N8_fam.json: N=8 M=8 d0=16 claimed kappa_d >= 169/108 for all d >= 16
        => PROVED (computer-assisted, exact): kappa_d(a,0^(d-2N),-b^rev) >= 169/108 for EVERY d >= 16  (5 templates)  [0.0s]

TOTAL: 0 failures  [149.9s]
exit=0
