OK   (3.1) Riccati k m' = a-(c-k)m-k m^2
OK   (3.2) H = -k m(1-m)+(c+1)(m-mu)
OK   (3.3) H = m(1-m)(Psi(m)-k)
OK   (a) Psi' = (c+1)[(m-mu)^2+mu(1-mu)]/(m(1-m))^2
OK   (b) den on curve = m-mu
OK   (b) G(m,Psi) = Psi/(m-mu)
OK   (c) Delta = -(c+1)(m-mu)(1-2m)/(m(1-m))^2
OK   (d) dG/dk = (a-cm)/den^2
OK   Psi(1/2) = 2(c+1)(c-2a)/c
OK   v = a(c-a)/(c^2(c+1))
OK   mu3 = 2a(c-a)(c-2a)/(c^3(c+1)(c+2))
OK   lambda_0 = (1-mu)/(2v) = c(c+1)/(2a)
OK   [k^0]H=[k^1]H=0
OK   [k^2]H = -mu3/2
OK   [k^3]H = -kappa4/3
OK   [k^3]H at c=2a = 1/(8(2a+1)^2(2a+3))
OK   H = sum kappa_j (2-j) k^{j-1}/(j-1)!
OK   Psi(m_u) = c(a+1)
OK   H = m[(c-a)-k(1-m)] + (a+1)m-(c+1)mu
OK   m_u - 1/2 = (c(a-1)+2a)/(2c(a+1))
OK   IBP integrand
OK   (7.1) k Z'' + (2c-1) Z' - k Z = 0
OK   (7.2) H_Z = k(m^2-1) + 2cm
OK   (7.3) den0 on curve = m
OK   (7.3) Delta0 = 4c m^2/(1-m^2)^2
OK   (7.4) k m' at m=1 equals 1-2c
OK   0F1: [k^3]H = 1/(4c^2(c+1)), lower orders 0
OK   Kummer second theorem to O(k^10)
OK   H_{Z}(k) = 2 H_K(2k)
OK   (8.2) second-order ODE for L_q
OK   (8.3) third-order ODE = derivative of (8.2)
OK   (8.4) H' + (3m+(2q+2)/k)H = Delta_q
OK   (8.5) integrating factor k^{2q+2} L^3
OK   L_q = 1F2(1;(q+1)/2,(q+2)/2;k^2/4) termwise (j<=6)
OK   (8.6) [k^0]Delta_q = 0, [k^1]Delta_q = 0
OK   (8.6) [k^2]Delta_q = -4(2q+5)(q^2-q-8)/den
OK   (8.6) [k^3]H_q = -4(q^2-q-8)/den, [k^1]=0
OK   q^2-q-8 <0 for q<=3, >0 for q>=4
OK   L_1 = sinh k / k
OK   L_2 = (sinh(k/2)/(k/2))^2
OK   sinh k/k = 0F1(;3/2;k^2/4)
OK   L_4 = 12(2cosh k-2-k^2)/k^4
OK   (6.1) lambda' = H/(2 R^2 b^2)
OK   (6.1) F' = H
OK   (6.1) G = F/2 at stationary radius
OK   (6.1) G'' = -(2 lam/b) H at stationary radius
OK   (H6) G = lam(2 lam v - R^2) b^2 + (4/3) lam^3 mu3 b^3 + ...
ALL OK
