UTC 2026-09-14T17:25:57.339183+00:00
certs_m3_z0.json forms 10 exact PASS
certs_m3_z1.json forms 10 exact PASS
certs_m3_z2.json forms 10 exact PASS
certs_m3_z3.json forms 10 exact PASS
certs_m4_z0.json forms 19 exact PASS
certs_m4_z1.json forms 18 exact PASS
certs_m4_z2.json forms 18 exact PASS
certs_m4_z3.json forms 18 exact PASS
certs_m5_z0.json forms 27 exact PASS
certs_m5_z1.json forms 26 exact PASS
certs_m5_z2.json forms 26 exact PASS
certs_m5_z3.json forms 26 exact PASS
certs_m6_z0.json forms 34 exact PASS
certs_m6_z1.json forms 34 exact PASS
certs_m6_z2.json forms 34 exact PASS
certs_m6_z3.json forms 34 exact PASS
certs_m7_z0.json forms 46 exact PASS
certs_m7_z1.json forms 45 exact PASS
certs_m7_z2.json forms 45 exact PASS
certs_m8_z0.json forms 60 exact PASS
certs_m8_z1.json forms 59 exact PASS
certs_m8_z2.json forms 59 exact PASS
certs_m9_z0.json forms 69 exact PASS
certs_m9_z1.json forms 69 exact PASS
certs_m9_z2.json forms 69 exact PASS
TOTAL exact certificates 875 tiles 4342
set/family comparison 3 [10, 10, 10] z0 extras set()
set/family comparison 4 [19, 18, 18] z0 extras {(1, 2, 3, 4, -2, -1)}
set/family comparison 5 [27, 26, 26] z0 extras {(1, 2, 3, 3, 4, -2, -1)}
set/family comparison 6 [34, 34, 34] z0 extras set()
set/family comparison 7 [46, 45, 45] z0 extras {(1, 2, 2, 3, 3, 4, 5, -2, -1)}
set/family comparison 8 [60, 59, 59] z0 extras {(1, 2, 2, 3, 3, 4, 4, 5, -2, -1)}
set/family comparison 9 [69, 69, 69] z0 extras set()

EXIT 0