=== same (1,2)-data, witness with base point z=2 (outside closed disc), col degrees (1,3): N=4 k=2 L=4
  witness Forney degree 3 (= delta_Gr for this data), gcd of minors z - 2
  witness column degrees [1, 3], sum 4
  min eig of R on T: 2.210e-01  (must be > 0)
  Wilson iterations 7, last step 8.9e-16, polynomial tail 1.1e-16, |H^#H - R|_max 7.1e-15
  deg det H = 4 (finite poles of F0), min |zero of det H| = 2.0000 (must be > 1)
  Taylor decay: |F_399| = 3.1e-136
  block-Hankel singular values (first 6): [0.842 0.732 0.542 0.    0.    0.   ]
  McMillan degree of F0 (Hankel rank) = 3   [delta_Gr = 3, sum of column degrees = 4, k*max e = 6]
  pole order at infinity = -1
  |F0^* F0 - I| on T: 1.1e-15
  ERA realization (n=3) reproduces F0 on T to 1.3e-15; spectral radius of A = 0.4492
  after observability-Gramian scaling, |[A B;C D]^*[A B;C D] - I| = 1.3e-15  (isometric realization)
  unitary completion: |U^*U - I| = 1.1e-15
  square inner S (N x N): |S^*S - I| on T = 2.2e-15, wind(det S) = 3.000000, Hankel rank = 3
  subspace distances dist(S(zeta_i) ran X, Y_i): [0. 0. 0. 0.]
  VERDICT: deg S = delta_Gr = 3 and all interpolation/unitarity checks < 1e-9: True
  52B6 detector-rank bound Delta = 3 (witness ('pattern', (0, 1, 2), [np.int64(1), np.int64(1), np.int64(1), np.int64(2)])); span bound r-k = 2; universal k(L-1) = 6; delta_Gr = 3
  time 1.9s
witness with base point at infinity: column degrees (1,2), Forney degree 3 gcd 1
=== same (1,2)-data, witness with base point at infinity (dependent leading coefficients): N=4 k=2 L=4
  witness Forney degree 3 (= delta_Gr for this data), gcd of minors 1
  witness column degrees [1, 2], sum 3
  min eig of R on T: 6.513e-01  (must be > 0)
  Wilson iterations 7, last step 1.1e-15, polynomial tail 1.2e-16, |H^#H - R|_max 5.3e-15
  deg det H = 3 (finite poles of F0), min |zero of det H| = 2.2260 (must be > 1)
  Taylor decay: |F_399| = 1.6e-139
  block-Hankel singular values (first 6): [0.842 0.732 0.542 0.    0.    0.   ]
  McMillan degree of F0 (Hankel rank) = 3   [delta_Gr = 3, sum of column degrees = 3, k*max e = 4]
  pole order at infinity = 0
  |F0^* F0 - I| on T: 1.3e-15
  ERA realization (n=3) reproduces F0 on T to 1.2e-15; spectral radius of A = 0.4492
  after observability-Gramian scaling, |[A B;C D]^*[A B;C D] - I| = 6.7e-16  (isometric realization)
  unitary completion: |U^*U - I| = 8.9e-16
  square inner S (N x N): |S^*S - I| on T = 2.0e-15, wind(det S) = 3.000000, Hankel rank = 3
  subspace distances dist(S(zeta_i) ran X, Y_i): [0. 0. 0. 0.]
  VERDICT: deg S = delta_Gr = 3 and all interpolation/unitarity checks < 1e-9: True
  52B6 detector-rank bound Delta = 3 (witness ('pattern', (0, 1, 2), [np.int64(1), np.int64(1), np.int64(1), np.int64(2)])); span bound r-k = 2; universal k(L-1) = 6; delta_Gr = 3
  time 2.8s
Gr(2,3), L=4: delta_Gr = 2 (column degrees (1, 1)); 6M3V generic line law floor(L*2/3) = 2; k=1 exact check on the dual lines:
   dual k=1 projective degree = 2
Gr(2,3), L=5: delta_Gr = 3 (column degrees (1, 2)); 6M3V generic line law floor(L*2/3) = 3; k=1 exact check on the dual lines:
   dual k=1 projective degree = 3
Gr(2,3), L=6: delta_Gr = 4 (column degrees (2, 2)); 6M3V generic line law floor(L*2/3) = 4; k=1 exact check on the dual lines:
   dual k=1 projective degree = 4
