base point at infinity witness: column degrees (1,3), Forney degree 3 gcd 1 rank of leading-coefficient matrix 1
=== same (1,2)-data, witness [f1, z^2 f1 + f2]: base point at infinity, col degrees (1,3): N=4 k=2 L=4
  witness Forney degree 3 (= delta_Gr for this data), gcd of minors 1
  witness column degrees [1, 3], sum 4
  min eig of R on T: 3.203e-01  (must be > 0)
  Wilson iterations 7, last step 1.4e-15, polynomial tail 2.0e-16, |H^#H - R|_max 3.6e-15
  deg det H = 3 (finite poles of F0), min |zero of det H| = 2.2260 (must be > 1)
  Taylor decay: |F_399| = 1.6e-139
  block-Hankel singular values (first 6): [0.842 0.732 0.542 0.    0.    0.   ]
  McMillan degree of F0 (Hankel rank) = 3   [delta_Gr = 3, sum of column degrees = 4, k*max e = 6]
  pole order at infinity = 0
  |F0^* F0 - I| on T: 1.8e-15
  ERA realization (n=3) reproduces F0 on T to 1.2e-15; spectral radius of A = 0.4492
  after observability-Gramian scaling, |[A B;C D]^*[A B;C D] - I| = 1.3e-15  (isometric realization)
  unitary completion: |U^*U - I| = 1.6e-15
  square inner S (N x N): |S^*S - I| on T = 2.2e-15, wind(det S) = 3.000000, Hankel rank = 3
  subspace distances dist(S(zeta_i) ran X, Y_i): [0. 0. 0. 0.]
  VERDICT: deg S = delta_Gr = 3 and all interpolation/unitarity checks < 1e-9: True
  52B6 detector-rank bound Delta = 3 (witness ('pattern', (0, 1, 2), [np.int64(1), np.int64(1), np.int64(1), np.int64(2)])); span bound r-k = 2; universal k(L-1) = 6; delta_Gr = 3
  time 1.8s
