=== random seed 1: N=4 k=2 L=4
  exact: delta_Gr = 4, column degrees (2, 2), Forney degree of witness 4, gcd 1
  witness column degrees [2, 2], sum 4
  min eig of R on T: 6.420e-06  (must be > 0)
  Wilson iterations 14, last step 7.9e-15, polynomial tail 3.3e-15, |H^#H - R|_max 7.1e-15
  deg det H = 4 (finite poles of F0), min |zero of det H| = 1.0374 (must be > 1)
  Taylor decay: |F_399| = 2.8e-08
  block-Hankel singular values (first 7): [0.921 0.82  0.603 0.446 0.    0.    0.   ]
  McMillan degree of F0 (Hankel rank) = 4   [delta_Gr = 4, sum of column degrees = 4, k*max e = 4]
  pole order at infinity = 0
  |F0^* F0 - I| on T: 1.2e-11
  ERA realization (n=4) reproduces F0 on T to 5.9e-14; spectral radius of A = 0.9639
  after observability-Gramian scaling, |[A B;C D]^*[A B;C D] - I| = 8.5e-13  (isometric realization)
  unitary completion: |U^*U - I| = 8.5e-13
  square inner S (N x N): |S^*S - I| on T = 1.2e-11, wind(det S) = 4.000000, Hankel rank = 4
  subspace distances dist(S(zeta_i) ran X, Y_i): [0. 0. 0. 0.]
  VERDICT: deg S = delta_Gr = 4 and all interpolation/unitarity checks < 1e-9: True
  52B6 detector-rank bound Delta = 3 (witness ('pattern', (0, 1, 2), [np.int64(1), np.int64(1), np.int64(1), np.int64(2)])); span bound r-k = 2; universal k(L-1) = 6; delta_Gr = 4
  time 5.1s
=== random seed 2: N=4 k=2 L=4
  exact: delta_Gr = 4, column degrees (2, 2), Forney degree of witness 4, gcd 1
  witness column degrees [2, 2], sum 4
  min eig of R on T: 2.631e-05  (must be > 0)
  Wilson iterations 13, last step 2.8e-15, polynomial tail 9.3e-16, |H^#H - R|_max 5.3e-15
  deg det H = 4 (finite poles of F0), min |zero of det H| = 1.0314 (must be > 1)
  Taylor decay: |F_399| = 1.2e-07
  block-Hankel singular values (first 7): [0.908 0.735 0.652 0.484 0.    0.    0.   ]
  McMillan degree of F0 (Hankel rank) = 4   [delta_Gr = 4, sum of column degrees = 4, k*max e = 4]
  pole order at infinity = 0
  |F0^* F0 - I| on T: 7.5e-12
  ERA realization (n=4) reproduces F0 on T to 2.2e-14; spectral radius of A = 0.9696
  after observability-Gramian scaling, |[A B;C D]^*[A B;C D] - I| = 6.8e-13  (isometric realization)
  unitary completion: |U^*U - I| = 6.8e-13
  square inner S (N x N): |S^*S - I| on T = 7.5e-12, wind(det S) = 4.000000, Hankel rank = 4
  subspace distances dist(S(zeta_i) ran X, Y_i): [0. 0. 0. 0.]
  VERDICT: deg S = delta_Gr = 4 and all interpolation/unitarity checks < 1e-9: True
  52B6 detector-rank bound Delta = 3 (witness ('pattern', (0, 1, 2), [np.int64(1), np.int64(1), np.int64(1), np.int64(2)])); span bound r-k = 2; universal k(L-1) = 6; delta_Gr = 4
  time 5.3s
=== random seed 1 embedded in C^5: N=5 k=2 L=4
  exact: delta_Gr = 4, column degrees (2, 2), Forney degree of witness 4, gcd 1
  witness column degrees [2, 2], sum 4
  min eig of R on T: 6.420e-06  (must be > 0)
  Wilson iterations 14, last step 8.6e-15, polynomial tail 2.6e-15, |H^#H - R|_max 6.2e-15
  deg det H = 4 (finite poles of F0), min |zero of det H| = 1.0374 (must be > 1)
  Taylor decay: |F_399| = 2.8e-08
  block-Hankel singular values (first 7): [0.921 0.82  0.603 0.446 0.    0.    0.   ]
  McMillan degree of F0 (Hankel rank) = 4   [delta_Gr = 4, sum of column degrees = 4, k*max e = 4]
  pole order at infinity = 0
  |F0^* F0 - I| on T: 2.2e-12
  ERA realization (n=4) reproduces F0 on T to 8.1e-14; spectral radius of A = 0.9639
  after observability-Gramian scaling, |[A B;C D]^*[A B;C D] - I| = 2.9e-13  (isometric realization)
  unitary completion: |U^*U - I| = 2.9e-13
  square inner S (N x N): |S^*S - I| on T = 2.2e-12, wind(det S) = 4.000000, Hankel rank = 4
  subspace distances dist(S(zeta_i) ran X, Y_i): [0. 0. 0. 0.]
  VERDICT: deg S = delta_Gr = 4 and all interpolation/unitarity checks < 1e-9: True
  time 5.3s
=== structured (1,2)-curve data, L=4: N=4 k=2 L=4
  exact: delta_Gr = 3, column degrees (1, 2), Forney degree of witness 3, gcd 1
  witness column degrees [1, 2], sum 3
  min eig of R on T: 5.036e-02  (must be > 0)
  Wilson iterations 7, last step 3.3e-15, polynomial tail 1.4e-16, |H^#H - R|_max 2.7e-15
  deg det H = 3 (finite poles of F0), min |zero of det H| = 2.1881 (must be > 1)
  Taylor decay: |F_399| = 1.8e-136
  block-Hankel singular values (first 6): [0.818 0.638 0.169 0.    0.    0.   ]
  McMillan degree of F0 (Hankel rank) = 3   [delta_Gr = 3, sum of column degrees = 3, k*max e = 4]
  pole order at infinity = 0
  |F0^* F0 - I| on T: 2.2e-15
  ERA realization (n=3) reproduces F0 on T to 1.2e-15; spectral radius of A = 0.4570
  after observability-Gramian scaling, |[A B;C D]^*[A B;C D] - I| = 1.4e-15  (isometric realization)
  unitary completion: |U^*U - I| = 1.3e-15
  square inner S (N x N): |S^*S - I| on T = 2.4e-15, wind(det S) = 3.000000, Hankel rank = 3
  subspace distances dist(S(zeta_i) ran X, Y_i): [0. 0. 0. 0.]
  VERDICT: deg S = delta_Gr = 3 and all interpolation/unitarity checks < 1e-9: True
  52B6 detector-rank bound Delta = 3 (witness ('pattern', (0, 1, 2), [np.int64(1), np.int64(1), np.int64(1), np.int64(2)])); span bound r-k = 2; universal k(L-1) = 6; delta_Gr = 3
  time 5.4s
=== same data, non-minimal witness with base point z=1/2 (col degrees (1,3)): N=4 k=2 L=4
  witness Forney degree 3 (= delta_Gr for this data), gcd of minors z - 1/2
  witness column degrees [1, 3], sum 4
  min eig of R on T: 8.789e-01  (must be > 0)
  Wilson iterations 7, last step 1.0e-15, polynomial tail 1.5e-16, |H^#H - R|_max 8.9e-15
  deg det H = 4 (finite poles of F0), min |zero of det H| = 2.0000 (must be > 1)
  Taylor decay: |F_399| = 1.8e-120
  block-Hankel singular values (first 6): [1.    0.842 0.732 0.542 0.    0.   ]
  McMillan degree of F0 (Hankel rank) = 4   [delta_Gr = 3, sum of column degrees = 4, k*max e = 6]
  pole order at infinity = 0
  |F0^* F0 - I| on T: 1.4e-15
  ERA realization (n=4) reproduces F0 on T to 2.1e-15; spectral radius of A = 0.5000
  after observability-Gramian scaling, |[A B;C D]^*[A B;C D] - I| = 2.3e-15  (isometric realization)
  unitary completion: |U^*U - I| = 2.3e-15
  square inner S (N x N): |S^*S - I| on T = 5.7e-15, wind(det S) = 4.000000, Hankel rank = 4
  subspace distances dist(S(zeta_i) ran X, Y_i): [0. 0. 0. 0.]
  VERDICT: deg S = delta_Gr = 3 and all interpolation/unitarity checks < 1e-9: False
  52B6 detector-rank bound Delta = 3 (witness ('pattern', (0, 1, 2), [np.int64(1), np.int64(1), np.int64(1), np.int64(2)])); span bound r-k = 2; universal k(L-1) = 6; delta_Gr = 3
  time 3.3s
=== generic k=2 N=4 L=5: N=4 k=2 L=5
  exact: delta_Gr = 4, column degrees (2, 2), Forney degree of witness 4, gcd 1
  witness column degrees [2, 2], sum 4
  min eig of R on T: 5.824e-07  (must be > 0)
  Wilson iterations 15, last step 7.1e-15, polynomial tail 1.8e-14, |H^#H - R|_max 1.0e-14
  deg det H = 4 (finite poles of F0), min |zero of det H| = 1.0140 (must be > 1)
  Taylor decay: |F_399| = 4.1e-05
  block-Hankel singular values (first 7): [0.858 0.678 0.516 0.495 0.    0.    0.   ]
  McMillan degree of F0 (Hankel rank) = 4   [delta_Gr = 4, sum of column degrees = 4, k*max e = 4]
  pole order at infinity = 0
  |F0^* F0 - I| on T: 3.6e-11
  ERA realization (n=4) reproduces F0 on T to 1.5e-13; spectral radius of A = 0.9862
  after observability-Gramian scaling, |[A B;C D]^*[A B;C D] - I| = 3.0e-12  (isometric realization)
  unitary completion: |U^*U - I| = 3.0e-12
  square inner S (N x N): |S^*S - I| on T = 3.6e-11, wind(det S) = 4.000000, Hankel rank = 4
  subspace distances dist(S(zeta_i) ran X, Y_i): [0. 0. 0. 0. 0.]
  VERDICT: deg S = delta_Gr = 4 and all interpolation/unitarity checks < 1e-9: True
  52B6 detector-rank bound Delta = 4 (witness ('pattern', (0, 1, 2, 3), [np.int64(1), np.int64(1), np.int64(1), np.int64(1), np.int64(2)])); span bound r-k = 2; universal k(L-1) = 8; delta_Gr = 4
  time 6.2s
=== generic k=2 N=4 L=6: N=4 k=2 L=6
  exact: delta_Gr = 6, column degrees (3, 3), Forney degree of witness 6, gcd 1
  witness column degrees [3, 3], sum 6
  min eig of R on T: 1.306e-07  (must be > 0)
  Wilson iterations 60, last step 1.0e-13, polynomial tail 6.7e-13, |H^#H - R|_max 3.5e-13
  deg det H = 6 (finite poles of F0), min |zero of det H| = 1.0346 (must be > 1)
  Taylor decay: |F_399| = 3.2e-08
  block-Hankel singular values (first 9): [0.908 0.828 0.744 0.642 0.565 0.361 0.    0.    0.   ]
  McMillan degree of F0 (Hankel rank) = 6   [delta_Gr = 6, sum of column degrees = 6, k*max e = 6]
  pole order at infinity = 0
  |F0^* F0 - I| on T: 5.0e-10
  ERA realization (n=6) reproduces F0 on T to 2.6e-13; spectral radius of A = 0.9666
  after observability-Gramian scaling, |[A B;C D]^*[A B;C D] - I| = 5.8e-11  (isometric realization)
  unitary completion: |U^*U - I| = 5.8e-11
  square inner S (N x N): |S^*S - I| on T = 5.0e-10, wind(det S) = 6.000000, Hankel rank = 6
  subspace distances dist(S(zeta_i) ran X, Y_i): [0. 0. 0. 0. 0. 0.]
  VERDICT: deg S = delta_Gr = 6 and all interpolation/unitarity checks < 1e-9: True
  52B6 detector-rank bound Delta = 4 (witness ('pattern', (0, 1, 2, 3), [np.int64(1), np.int64(1), np.int64(1), np.int64(1), np.int64(2), np.int64(2)])); span bound r-k = 2; universal k(L-1) = 10; delta_Gr = 6
  time 19.5s
SUMMARY: {'random1': np.True_, 'random2': np.True_, 'embedded5': np.True_, 'curve12': np.True_, 'curve12_basepoint': False, 'genericL5': np.True_, 'genericL6': np.True_}
