== gap table ==
d=4: open l = []
d=8: open l = []
d=9: open l = []
d=16: open l = [6, 7]
d=27: open l = [6, 7, 8, 14, 15, 16, 17]
d=25: open l = [10, 11, 12, 13, 14, 15, 16, 17, 18, 19]
d=32: open l = [5, 6, 7, 11, 12, 13, 14, 15]
d=49: open l = [14, 15, 16, 17, 18, 19, 20, 21, 22, 23, 24, 25, 26, 27, 28, 29, 30, 31, 32, 33, 34, 35, 36, 37, 38, 39, 40, 41]
== T2: binomial nullities, all label pairs, d<=15 ==
  d=2: max binomial nullity = 1, d/p_min = 1
  d=3: max binomial nullity = 1, d/p_min = 1
  d=4: max binomial nullity = 2, d/p_min = 2
  d=5: max binomial nullity = 1, d/p_min = 1
  d=6: max binomial nullity = 3, d/p_min = 3
  d=7: max binomial nullity = 1, d/p_min = 1
  d=8: max binomial nullity = 4, d/p_min = 4
  d=9: max binomial nullity = 3, d/p_min = 3
  d=10: max binomial nullity = 5, d/p_min = 5
  d=11: max binomial nullity = 1, d/p_min = 1
  d=12: max binomial nullity = 6, d/p_min = 6
  d=13: max binomial nullity = 1, d/p_min = 1
  d=14: max binomial nullity = 7, d/p_min = 7
  d=15: max binomial nullity = 5, d/p_min = 5
== T3: 0WE Theorem 2 formula vs numerical nullity (random trinomials) ==
  mismatch 14 (1, 10) (12, 11) -1 0.3j 0 1
  random trinomials: formula mismatches = 1 (of 60 trials, c = 1)
  d=6: collinear (T-I)(T-xi I), T order 3: nullity 4 (2d/r3 = 4); anticommuting sqrt2 I + Z^3 + X^3: nullity 3 (d/2 = 3)
  d=10: collinear (T-I)(T-xi I), T order 5: nullity 4 (2d/r3 = 4); anticommuting sqrt2 I + Z^5 + X^5: nullity 5 (d/2 = 5)
  d=12: collinear (T-I)(T-xi I), T order 3: nullity 8 (2d/r3 = 8)
  d=14: collinear (T-I)(T-xi I), T order 7: nullity 4 (2d/r3 = 4); anticommuting sqrt2 I + Z^7 + X^7: nullity 7 (d/2 = 7)
  d=15: collinear (T-I)(T-xi I), T order 3: nullity 10 (2d/r3 = 10)
