EXACT transversality and tangency second derivative: -16*(c + 1)*(2*mu - 1)
0.5 1.5 1.387139393916955391245873502856869589723093718805736476234609102204694966658220389658421990623279116e-54
1 3 0.0
2 6 0.0
1 2 0.0
0.25 1 0.000000000000000000000000001729308690499011131531744501779588235367786347927387163014869798018987349329422512594418072863986607
[
  {
    "a": "0.5",
    "c": "1.5",
    "k": "2.178287975",
    "H": "0.000000000003291476600434839040679297061318509674398599248588493102130173722997789271499072067108521783050235021",
    "quadrature_relative_error": "1.387139393916955391245873502856869589723093718805736476234609102204694966658220389658421990623279116e-54"
  },
  {
    "a": "1",
    "c": "3",
    "k": "3.232708836",
    "H": "-0.00000000000373475392390638218063870911971448161965708727902222402377011380377329425705464892845115368651708393",
    "quadrature_relative_error": "0.0"
  },
  {
    "a": "2",
    "c": "6",
    "k": "5.277112966",
    "H": "0.000000000002678697148160280930603224703890079072092364521861146937837405945323965325055646526753696435121590152",
    "quadrature_relative_error": "0.0"
  },
  {
    "a": "1",
    "c": "2",
    "k": "3",
    "H": "0.05115204633076857505162102752589652705801476197313692901459813627285876351906278542004676753434922113",
    "quadrature_relative_error": "0.0"
  },
  {
    "a": "0.25",
    "c": "1",
    "k": "2.8008995",
    "H": "-0.0000000008751946458933930473030433085731541065288416630586004051363175718623701801901257054462854051903488508",
    "quadrature_relative_error": "0.000000000000000000000000001729308690499011131531744501779588235367786347927387163014869798018987349329422512594418072863986607"
  }
]
PASS independent exact identities and five quadrature cases
