=== F2, m=4, z=0, d=6
   [s1>=b1] I=(1, 2, 3, 4, 5) J=(1, 2, 3, 4, 5) K=(1, 2, 3, 4, 5)  LR=1  :  +1s1  >=  {'a1': Fraction(1, 1), 'a2': Fraction(1, 1), 'a3': Fraction(1, 1), 'a4': Fraction(1, 1), 'b2': Fraction(-1, 1)}
   [T_2] I=(2, 3, 4, 5) J=(1, 2, 3, 4) K=(2, 3, 4, 5)  LR=1  :  +1s2  >=  {'a2': Fraction(1, 1), 'a3': Fraction(1, 1), 'a4': Fraction(1, 1), 'b2': Fraction(-1, 1)}
   [Pi_3] I=(3, 4) J=(1, 2) K=(3, 4)  LR=1  :  +1s3 +1s4 -1s5  >=  {'a3': Fraction(1, 1), 'a4': Fraction(1, 1)}
   SUM: +1s1 +1s2 +1s3 +1s4 -1s5  >=  {'a1': Fraction(1, 1), 'a2': Fraction(2, 1), 'a3': Fraction(3, 1), 'a4': Fraction(3, 1), 'b2': Fraction(-2, 1)} 
   = form {'a2': Fraction(2, 1), 'a3': Fraction(3, 1), 'a4': Fraction(3, 1), 'b2': Fraction(-2, 1), 'a1': Fraction(1, 1)} (b1 eliminated)
   coefficients of s_t, t>m: {5: -1}
=== F2, m=4, z=1, d=7
   [s1>=b1] I=(1, 2, 3, 4, 5, 6) J=(1, 2, 3, 4, 5, 6) K=(1, 2, 3, 4, 5, 6)  LR=1  :  +1s1  >=  {'a1': Fraction(1, 1), 'a2': Fraction(1, 1), 'a3': Fraction(1, 1), 'a4': Fraction(1, 1), 'b2': Fraction(-1, 1)}
   [T_2] I=(2, 3, 4, 5, 6) J=(1, 2, 3, 4, 5) K=(2, 3, 4, 5, 6)  LR=1  :  +1s2  >=  {'a2': Fraction(1, 1), 'a3': Fraction(1, 1), 'a4': Fraction(1, 1), 'b2': Fraction(-1, 1)}
   [Pi_3] I=(3, 4, 5) J=(1, 2, 3) K=(3, 4, 5)  LR=1  :  +1s3 +1s4 -1s6  >=  {'a3': Fraction(1, 1), 'a4': Fraction(1, 1)}
   SUM: +1s1 +1s2 +1s3 +1s4 -1s6  >=  {'a1': Fraction(1, 1), 'a2': Fraction(2, 1), 'a3': Fraction(3, 1), 'a4': Fraction(3, 1), 'b2': Fraction(-2, 1)} 
   = form {'a2': Fraction(2, 1), 'a3': Fraction(3, 1), 'a4': Fraction(3, 1), 'b2': Fraction(-2, 1), 'a1': Fraction(1, 1)} (b1 eliminated)
   coefficients of s_t, t>m: {6: -1}
=== F2, m=4, z=5, d=11
   [s1>=b1] I=(1, 2, 3, 4, 5, 6, 7, 8, 9, 10) J=(1, 2, 3, 4, 5, 6, 7, 8, 9, 10) K=(1, 2, 3, 4, 5, 6, 7, 8, 9, 10)  LR=1  :  +1s1  >=  {'a1': Fraction(1, 1), 'a2': Fraction(1, 1), 'a3': Fraction(1, 1), 'a4': Fraction(1, 1), 'b2': Fraction(-1, 1)}
   [T_2] I=(2, 3, 4, 5, 6, 7, 8, 9, 10) J=(1, 2, 3, 4, 5, 6, 7, 8, 9) K=(2, 3, 4, 5, 6, 7, 8, 9, 10)  LR=1  :  +1s2  >=  {'a2': Fraction(1, 1), 'a3': Fraction(1, 1), 'a4': Fraction(1, 1), 'b2': Fraction(-1, 1)}
   [Pi_3] I=(3, 4, 5, 6, 7, 8, 9) J=(1, 2, 3, 4, 5, 6, 7) K=(3, 4, 5, 6, 7, 8, 9)  LR=1  :  +1s3 +1s4 -1s10  >=  {'a3': Fraction(1, 1), 'a4': Fraction(1, 1)}
   SUM: +1s1 +1s2 +1s3 +1s4 -1s10  >=  {'a1': Fraction(1, 1), 'a2': Fraction(2, 1), 'a3': Fraction(3, 1), 'a4': Fraction(3, 1), 'b2': Fraction(-2, 1)} 
   = form {'a2': Fraction(2, 1), 'a3': Fraction(3, 1), 'a4': Fraction(3, 1), 'b2': Fraction(-2, 1), 'a1': Fraction(1, 1)} (b1 eliminated)
   coefficients of s_t, t>m: {10: -1}
=== G3, m=4, z=0, d=6
   [s2>=b2] I=(1, 2, 3, 4, 5) J=(1, 2, 3, 4, 6) K=(1, 2, 3, 4, 6)  LR=1  :  +1s2  >=  {'a1': Fraction(1, 1), 'a2': Fraction(1, 1), 'a3': Fraction(1, 1), 'a4': Fraction(1, 1), 'b1': Fraction(-1, 1)}
   [Pieri_2] I=(1, 3, 4) J=(1, 2, 4) K=(2, 3, 4)  LR=1  :  +1s1 +1s4 -1s5  >=  {'a2': Fraction(1, 1), 'a3': Fraction(1, 1), 'a4': Fraction(1, 1)}
   [Weyl s_j>=a_j] I=(3,) J=(1,) K=(3,)  LR=1  :  +1s3  >=  {'a3': Fraction(1, 1)}
   SUM: +1s1 +1s2 +1s3 +1s4 -1s5  >=  {'a1': Fraction(1, 1), 'a2': Fraction(2, 1), 'a3': Fraction(3, 1), 'a4': Fraction(2, 1), 'b1': Fraction(-1, 1)} 
   = form {'b2': Fraction(1, 1), 'a2': Fraction(1, 1), 'a3': Fraction(2, 1), 'a4': Fraction(1, 1)} (b1 eliminated)
   coefficients of s_t, t>m: {5: -1}
=== G3, m=4, z=1, d=7
   [s2>=b2] I=(1, 2, 3, 4, 5, 6) J=(1, 2, 3, 4, 5, 7) K=(1, 2, 3, 4, 5, 7)  LR=1  :  +1s2  >=  {'a1': Fraction(1, 1), 'a2': Fraction(1, 1), 'a3': Fraction(1, 1), 'a4': Fraction(1, 1), 'b1': Fraction(-1, 1)}
   [Pieri_2] I=(1, 3, 4, 5) J=(1, 2, 3, 5) K=(2, 3, 4, 5)  LR=1  :  +1s1 +1s4 -1s6  >=  {'a2': Fraction(1, 1), 'a3': Fraction(1, 1), 'a4': Fraction(1, 1)}
   [Weyl s_j>=a_j] I=(3,) J=(1,) K=(3,)  LR=1  :  +1s3  >=  {'a3': Fraction(1, 1)}
   SUM: +1s1 +1s2 +1s3 +1s4 -1s6  >=  {'a1': Fraction(1, 1), 'a2': Fraction(2, 1), 'a3': Fraction(3, 1), 'a4': Fraction(2, 1), 'b1': Fraction(-1, 1)} 
   = form {'b2': Fraction(1, 1), 'a2': Fraction(1, 1), 'a3': Fraction(2, 1), 'a4': Fraction(1, 1)} (b1 eliminated)
   coefficients of s_t, t>m: {6: -1}
=== G3, m=4, z=5, d=11
   [s2>=b2] I=(1, 2, 3, 4, 5, 6, 7, 8, 9, 10) J=(1, 2, 3, 4, 5, 6, 7, 8, 9, 11) K=(1, 2, 3, 4, 5, 6, 7, 8, 9, 11)  LR=1  :  +1s2  >=  {'a1': Fraction(1, 1), 'a2': Fraction(1, 1), 'a3': Fraction(1, 1), 'a4': Fraction(1, 1), 'b1': Fraction(-1, 1)}
   [Pieri_2] I=(1, 3, 4, 5, 6, 7, 8, 9) J=(1, 2, 3, 4, 5, 6, 7, 9) K=(2, 3, 4, 5, 6, 7, 8, 9)  LR=1  :  +1s1 +1s4 -1s10  >=  {'a2': Fraction(1, 1), 'a3': Fraction(1, 1), 'a4': Fraction(1, 1)}
   [Weyl s_j>=a_j] I=(3,) J=(1,) K=(3,)  LR=1  :  +1s3  >=  {'a3': Fraction(1, 1)}
   SUM: +1s1 +1s2 +1s3 +1s4 -1s10  >=  {'a1': Fraction(1, 1), 'a2': Fraction(2, 1), 'a3': Fraction(3, 1), 'a4': Fraction(2, 1), 'b1': Fraction(-1, 1)} 
   = form {'b2': Fraction(1, 1), 'a2': Fraction(1, 1), 'a3': Fraction(2, 1), 'a4': Fraction(1, 1)} (b1 eliminated)
   coefficients of s_t, t>m: {10: -1}

=== systematic check m<=7, z in {0,1,2,5}; report certificates where some s_t (t>m) has coefficient +1 (rank-m loophole)
certificates checked: 168
loophole certificates (coefficient +1 on some s_t, t>m):
   (3, 1, 'G3', {4: 1, 5: -1})
   (3, 2, 'G3', {4: 1, 6: -1})
   (3, 5, 'G3', {4: 1, 9: -1})
   (5, 1, 'G5', {7: -2, 6: 1})
   (5, 2, 'G5', {8: -2, 6: 1})
   (5, 5, 'G5', {11: -2, 6: 1})
   (7, 1, 'G7', {9: -3, 8: 1})
   (7, 2, 'G7', {10: -3, 8: 1})
   (7, 5, 'G7', {13: -3, 8: 1})
