=== rank m+1 optimizers (m odd, z>=1, G_m chamber): layering {-b2},{-b1,a1},{a2,a3},...,{a_{m-1},0},{a_m}
m=3 z=1 no-zero: feasible=True cost=21/5 Phi=21/5  built: resid=2.1e-15 cost=4.200000 rank=3 s=[1.9 1.4 0.9 0.  0. ]
m=3 z=1 zero-in-layer: feasible=True cost=21/5 Phi=21/5  built: resid=1.9e-15 cost=4.200000 rank=4 s=[1.7 1.4 0.9 0.2 0.  0. ]
m=5 z=1 no-zero: feasible=True cost=91/10 Phi=91/10  built: resid=2.2e-15 cost=9.100000 rank=5 s=[2.9 2.4 1.9 1.  0.9 0.  0. ]
m=5 z=1 zero-in-layer: feasible=True cost=91/10 Phi=91/10  built: resid=3.2e-15 cost=9.100000 rank=6 s=[2.7 2.4 1.7 1.2 0.9 0.2 0.  0. ]
m=7 z=1 no-zero: feasible=True cost=16 Phi=16  built: resid=6.4e-15 cost=16.000000 rank=7 s=[3.9 3.4 2.9 2.  1.9 1.  0.9 0.  0. ]
m=7 z=1 zero-in-layer: feasible=True cost=16 Phi=16  built: resid=7.2e-15 cost=16.000000 rank=8 s=[3.7 3.4 2.7 2.2 1.7 1.2 0.9 0.2 0.  0. ]
=== build C at boundary points, m = 6, 9, 12 (own constructor)
m=6: built 77 matrices so far, worst max(residual, |cost-Phi|) = 6.0e-15, all rank m
m=9: built 190 matrices so far, worst max(residual, |cost-Phi|) = 8.4e-09, all rank m
m=12: built 332 matrices so far, worst max(residual, |cost-Phi|) = 8.4e-09, all rank m
=== exposed forms of the max-formula: forms that are the unique argmax at some sampled stratum point
m=2: unique-argmax forms = 2 (predicted 2); missing: ['F0']
m=3: unique-argmax forms = 5 (predicted 5); missing: []
m=4: unique-argmax forms = 6 (predicted 6); missing: []
m=5: unique-argmax forms = 8 (predicted 8); missing: []
m=6: unique-argmax forms = 9 (predicted 9); missing: []
m=7: unique-argmax forms = 11 (predicted 11); missing: []
m=8: unique-argmax forms = 12 (predicted 12); missing: []
m=9: unique-argmax forms = 14 (predicted 14); missing: []
