GMP independently regenerated W 3 22 positive 20
GMP independently regenerated W 4 89 positive 87
GMP independently regenerated W 5 267 positive 265
GMP independently regenerated W 6 628 positive 626
GMP independently regenerated W 7 1354 positive 1352
GMP independently regenerated W 8 2611 positive 2609
GMP independently regenerated W 9 4615 positive 4613
GMP independently regenerated W 10 7614 positive 7612
GMP independently regenerated W 11 12120 positive 12118
GMP independently regenerated W 12 18385 positive 18383
PASS 522 LR triples, 22 exact GMP chambers, 112 witnesses and global duals
PASS all-d exact structural certificate alld_lower_AB_N3_fam.json 31/24
PASS all-d exact structural certificate alld_lower_AB_N4_fam.json 3/2
PASS all-d exact structural certificate alld_lower_AB_N5_fam.json 127/80
PASS all-d exact structural certificate alld_lower_AB_N6.json 17/10
PASS all-d exact structural certificate alld_lower_AB_N6_fam.json 17/10
PASS all-d exact structural certificate alld_lower_UZ_N10_lean.json 49/30
PASS all-d exact structural certificate alld_lower_UZ_N11_lean.json 1481/891
PASS all-d exact structural certificate alld_lower_UZ_N12_lean.json 101/60
PASS all-d exact structural certificate alld_lower_UZ_N7.json 479/315
PASS all-d exact structural certificate alld_lower_UZ_N7_fam.json 479/315
PASS all-d exact structural certificate alld_lower_UZ_N8_fam.json 169/108
PASS all-d exact structural certificate alld_lower_UZ_N9_fam.json 43/27
ALL INDEPENDENT CHECKS PASS, seconds 22.958224773406982
