  form (-6, -5, -4, -3, -2, -1, 0, 0, 1, 7, 1): 12 exact vertices, chain index 0  (39s)
  form (-6, -5, -4, -3, -2, -1, 0, 1, 1, 7, 0): 11 exact vertices, chain index 0  (89s)
  form (-6, -5, -4, -3, -2, -1, 0, 1, 2, 7, -1): 11 exact vertices, chain index 0  (146s)
  form (-5, -4, -3, -2, -1, -1, 0, 0, 1, 6, 2): 13 exact vertices, chain index 0  (168s)
  form (-5, -4, -3, -2, -1, 0, 0, 1, 1, 6, 1): 14 exact vertices, chain index 0  (189s)
  form (-5, -4, -3, -2, -1, 0, 1, 1, 1, 6, 0): 11 exact vertices, chain index 0  (226s)
  form (-5, -4, -3, -2, -1, 0, 1, 2, 1, 6, -1): 11 exact vertices, chain index 0  (273s)
  form (-4, -3, -3, -2, -2, -1, -1, 0, 1, 4, 5): 11 exact vertices, chain index 0  (295s)
  form (-4, -3, -2, -2, -1, -1, 0, 0, 1, 5, 3): 14 exact vertices, chain index 0  (313s)
  form (-4, -3, -2, -1, -1, 0, 0, 1, 1, 5, 2): 15 exact vertices, chain index 0  (322s)
  form (-4, -3, -2, -1, 0, 0, 1, 1, 1, 5, 1): 14 exact vertices, chain index 0  (332s)
  form (-4, -3, -2, -1, 0, 1, 1, 1, 2, 5, 0): 13 exact vertices, chain index 0  (347s)
  form (-4, -3, -2, -1, 0, 1, 2, 1, 2, 5, -1): 11 exact vertices, chain index 0  (371s)
  form (-3, -3, -2, -2, -1, -1, 0, 0, 1, 4, 4): 20 exact vertices, chain index 0  (389s)
  form (-3, -2, -2, -1, -1, 0, 0, 1, 1, 4, 3): 16 exact vertices, chain index 0  (399s)
  form (-3, -2, -2, -1, -1, 0, 1, 0, 1, 3, 4): 12 exact vertices, chain index 0  (411s)
  form (-3, -2, -2, -1, 0, -1, 0, 1, 1, 3, 4): 12 exact vertices, chain index 0  (423s)
  form (-3, -2, -1, -2, -1, 0, 0, 1, 1, 3, 4): 12 exact vertices, chain index 0  (439s)
  form (-3, -2, -1, -1, 0, 0, 1, 1, 1, 4, 2): 15 exact vertices, chain index 0  (446s)
  form (-3, -2, -1, 0, 0, 1, 1, 1, 2, 4, 1): 16 exact vertices, chain index 0  (449s)
  form (-3, -2, -1, 0, 1, 1, 1, 2, 2, 4, 0): 15 exact vertices, chain index 0  (457s)
  form (-3, -2, -1, 0, 1, 1, 2, 2, 3, 4, -1): 11 exact vertices, chain index 0  (471s)
  form (-3, -2, -1, 0, 1, 2, 1, 2, 2, 4, -1): 11 exact vertices, chain index 0  (482s)
  form (-2, -3, -2, -1, -1, 0, 0, 1, 1, 3, 4): 12 exact vertices, chain index 0  (489s)
  form (-2, -2, -1, -1, 0, 0, 1, 1, 1, 3, 3): 20 exact vertices, chain index 0  (496s)
  form (-2, -1, -1, 0, 0, 1, 1, 1, 2, 3, 2): 17 exact vertices, chain index 0  (499s)
  form (-2, -1, -1, 0, 0, 1, 1, 2, 1, 2, 3): 11 exact vertices, chain index 0  (504s)
  form (-2, -1, -1, 0, 1, 0, 1, 1, 2, 2, 3): 12 exact vertices, chain index 0  (508s)
  form (-2, -1, 0, -1, 0, 1, 1, 1, 2, 2, 3): 13 exact vertices, chain index 0  (513s)
  form (-2, -1, 0, 0, 1, 1, 1, 2, 2, 3, 1): 18 exact vertices, chain index 0  (515s)
  form (-2, -1, 0, 1, 1, 1, 2, 2, 2, 3, 0): 15 exact vertices, chain index 0  (517s)
  form (-2, -1, 0, 1, 1, 2, 2, 3, 2, 3, -1): 11 exact vertices, chain index 0  (521s)
  form (-2, -1, 0, 1, 2, 1, 2, 2, 3, 3, -1): 11 exact vertices, chain index 0  (524s)
  form (-1, -2, -1, 0, 0, 1, 1, 1, 2, 2, 3): 13 exact vertices, chain index 0  (527s)
  form (-1, -1, 0, 0, 1, 1, 1, 2, 2, 2, 2): 24 exact vertices, chain index 0  (529s)
  form (-1, 0, 0, 1, 1, 1, 2, 2, 2, 2, 1): 18 exact vertices, chain index 0  (530s)
  form (-1, 0, 0, 1, 1, 1, 2, 2, 3, 1, 2): 11 exact vertices, chain index 0  (532s)
  form (-1, 0, 0, 1, 1, 2, 1, 2, 2, 1, 2): 11 exact vertices, chain index 0  (533s)
  form (-1, 0, 1, 0, 1, 1, 2, 2, 2, 1, 2): 13 exact vertices, chain index 0  (534s)
  form (-1, 0, 1, 1, 1, 2, 2, 2, 3, 2, 0): 18 exact vertices, chain index 0  (535s)
  form (-1, 0, 1, 1, 2, 2, 3, 2, 3, 2, -1): 11 exact vertices, chain index 0  (536s)
  form (-1, 0, 1, 2, 1, 2, 2, 3, 3, 2, -1): 11 exact vertices, chain index 0  (537s)
  form (0, -1, 0, 1, 1, 1, 2, 2, 2, 1, 2): 14 exact vertices, chain index 0  (538s)
  form (0, 0, 1, 1, 1, 2, 2, 2, 3, 1, 1): 23 exact vertices, chain index 0  (539s)
  form (0, 1, 1, 1, 2, 2, 2, 3, 3, 1, 0): 21 exact vertices, chain index 0  (539s)
  form (0, 1, 1, 1, 2, 2, 3, 2, 3, 0, 1): 13 exact vertices, chain index 0  (539s)
  form (0, 1, 1, 2, 1, 2, 2, 3, 3, 0, 1): 13 exact vertices, chain index 0  (539s)
  form (0, 1, 1, 2, 2, 2, 3, 3, 4, 1, -1): 11 exact vertices, chain index 0  (540s)
  form (0, 1, 1, 2, 2, 3, 2, 3, 3, 1, -1): 11 exact vertices, chain index 0  (540s)
  form (0, 1, 2, 1, 2, 2, 3, 3, 3, 1, -1): 11 exact vertices, chain index 0  (540s)
  form (1, 0, 1, 1, 2, 2, 2, 3, 3, 0, 1): 15 exact vertices, chain index 0  (540s)
  form (1, 1, 1, 2, 2, 2, 3, 3, 3, 0, 0): 23 exact vertices, chain index 0  (541s)
  form (1, 1, 2, 2, 2, 3, 3, 4, 3, 0, -1): 13 exact vertices, chain index 0  (541s)
  form (1, 1, 2, 2, 2, 3, 4, 3, 3, -1, 0): 17 exact vertices, chain index 0  (541s)
  form (1, 1, 2, 2, 3, 2, 3, 3, 4, 0, -1): 13 exact vertices, chain index 0  (541s)
  form (1, 1, 2, 2, 3, 2, 3, 4, 3, -1, 0): 13 exact vertices, chain index 0  (541s)
  form (1, 1, 2, 3, 2, 2, 3, 3, 4, -1, 0): 17 exact vertices, chain index 0  (541s)
  form (1, 2, 1, 2, 2, 3, 3, 3, 4, 0, -1): 13 exact vertices, chain index 0  (541s)
  form (1, 2, 1, 2, 2, 3, 3, 4, 3, -1, 0): 13 exact vertices, chain index 0  (541s)
  form (1, 2, 1, 2, 3, 2, 3, 3, 4, -1, 0): 13 exact vertices, chain index 0  (541s)
  form (1, 2, 2, 2, 3, 3, 4, 4, 3, -1, -1): 17 exact vertices, chain index 0  (541s)
  form (1, 2, 2, 3, 2, 3, 4, 3, 4, -1, -1): 13 exact vertices, chain index 0  (541s)
  form (1, 2, 2, 3, 3, 2, 3, 4, 4, -1, -1): 17 exact vertices, chain index 0  (541s)
  form (2, 1, 1, 2, 2, 3, 3, 3, 4, -1, 0): 18 exact vertices, chain index 0  (541s)
  form (2, 1, 2, 2, 3, 3, 4, 3, 4, -1, -1): 13 exact vertices, chain index 0  (542s)
  form (2, 1, 2, 3, 2, 3, 3, 4, 4, -1, -1): 13 exact vertices, chain index 0  (542s)
  form (2, 2, 1, 2, 3, 3, 3, 4, 4, -1, -1): 18 exact vertices, chain index 0  (542s)
  form (2, 3, 1, 2, 3, 3, 4, 4, 4, -2, -1): 11 exact vertices, chain index 0  (542s)
  form (3, 1, 2, 2, 3, 3, 4, 4, 4, -2, -1): 11 exact vertices, chain index 0  (542s)
m=9 z=0 d=12: |S|=69, exact chamber vertices total 969; every chamber covered by one chain: True; chambers needing an inserted zero: 0  (542s)
