  form (-6, -5, -4, -3, -2, -1, 0, 0, 1, 7, 1): 12 exact vertices, chain index 0  (39s)
  form (-6, -5, -4, -3, -2, -1, 0, 1, 1, 7, 0): 11 exact vertices, chain index 0  (89s)
  form (-6, -5, -4, -3, -2, -1, 0, 1, 2, 7, -1): 11 exact vertices, chain index 0  (146s)
  form (-5, -4, -3, -2, -1, -1, 0, 0, 1, 6, 2): 13 exact vertices, chain index 0  (168s)
  form (-5, -4, -3, -2, -1, 0, 0, 1, 1, 6, 1): 14 exact vertices, chain index 0  (190s)
  form (-5, -4, -3, -2, -1, 0, 1, 1, 1, 6, 0): 11 exact vertices, chain index 0  (226s)
  form (-5, -4, -3, -2, -1, 0, 1, 2, 1, 6, -1): 11 exact vertices, chain index 0  (273s)
  form (-4, -3, -3, -2, -2, -1, -1, 0, 1, 4, 5): 11 exact vertices, chain index 0  (296s)
  form (-4, -3, -2, -2, -1, -1, 0, 0, 1, 5, 3): 14 exact vertices, chain index 0  (313s)
  form (-4, -3, -2, -1, -1, 0, 0, 1, 1, 5, 2): 15 exact vertices, chain index 0  (322s)
  form (-4, -3, -2, -1, 0, 0, 1, 1, 1, 5, 1): 14 exact vertices, chain index 0  (333s)
  form (-4, -3, -2, -1, 0, 1, 1, 1, 2, 5, 0): 13 exact vertices, chain index 0  (349s)
  form (-4, -3, -2, -1, 0, 1, 2, 1, 2, 5, -1): 11 exact vertices, chain index 0  (373s)
  form (-3, -3, -2, -2, -1, -1, 0, 0, 1, 4, 4): 20 exact vertices, chain index 0  (391s)
  form (-3, -2, -2, -1, -1, 0, 0, 1, 1, 4, 3): 16 exact vertices, chain index 0  (401s)
  form (-3, -2, -2, -1, -1, 0, 1, 0, 1, 3, 4): 12 exact vertices, chain index 0  (413s)
  form (-3, -2, -2, -1, 0, -1, 0, 1, 1, 3, 4): 12 exact vertices, chain index 0  (425s)
  form (-3, -2, -1, -2, -1, 0, 0, 1, 1, 3, 4): 12 exact vertices, chain index 0  (441s)
  form (-3, -2, -1, -1, 0, 0, 1, 1, 1, 4, 2): 15 exact vertices, chain index 0  (448s)
  form (-3, -2, -1, 0, 0, 1, 1, 1, 2, 4, 1): 16 exact vertices, chain index 0  (452s)
  form (-3, -2, -1, 0, 1, 1, 1, 2, 2, 4, 0): 15 exact vertices, chain index 0  (459s)
  form (-3, -2, -1, 0, 1, 1, 2, 2, 3, 4, -1): 11 exact vertices, chain index 0  (473s)
  form (-3, -2, -1, 0, 1, 2, 1, 2, 2, 4, -1): 11 exact vertices, chain index 0  (484s)
  form (-2, -3, -2, -1, -1, 0, 0, 1, 1, 3, 4): 12 exact vertices, chain index 0  (492s)
  form (-2, -2, -1, -1, 0, 0, 1, 1, 1, 3, 3): 20 exact vertices, chain index 0  (499s)
  form (-2, -1, -1, 0, 0, 1, 1, 1, 2, 3, 2): 17 exact vertices, chain index 0  (502s)
  form (-2, -1, -1, 0, 0, 1, 1, 2, 1, 2, 3): 11 exact vertices, chain index 0  (507s)
  form (-2, -1, -1, 0, 1, 0, 1, 1, 2, 2, 3): 12 exact vertices, chain index 0  (511s)
  form (-2, -1, 0, -1, 0, 1, 1, 1, 2, 2, 3): 13 exact vertices, chain index 0  (515s)
  form (-2, -1, 0, 0, 1, 1, 1, 2, 2, 3, 1): 18 exact vertices, chain index 0  (517s)
  form (-2, -1, 0, 1, 1, 1, 2, 2, 2, 3, 0): 15 exact vertices, chain index 0  (520s)
  form (-2, -1, 0, 1, 1, 2, 2, 3, 2, 3, -1): 11 exact vertices, chain index 0  (524s)
  form (-2, -1, 0, 1, 2, 1, 2, 2, 3, 3, -1): 11 exact vertices, chain index 0  (527s)
  form (-1, -2, -1, 0, 0, 1, 1, 1, 2, 2, 3): 13 exact vertices, chain index 0  (529s)
  form (-1, -1, 0, 0, 1, 1, 1, 2, 2, 2, 2): 24 exact vertices, chain index 0  (531s)
  form (-1, 0, 0, 1, 1, 1, 2, 2, 2, 2, 1): 18 exact vertices, chain index 0  (533s)
  form (-1, 0, 0, 1, 1, 1, 2, 2, 3, 1, 2): 11 exact vertices, chain index 0  (534s)
  form (-1, 0, 0, 1, 1, 2, 1, 2, 2, 1, 2): 11 exact vertices, chain index 0  (536s)
  form (-1, 0, 1, 0, 1, 1, 2, 2, 2, 1, 2): 13 exact vertices, chain index 0  (537s)
  form (-1, 0, 1, 1, 1, 2, 2, 2, 3, 2, 0): 18 exact vertices, chain index 0  (538s)
  form (-1, 0, 1, 1, 2, 2, 3, 2, 3, 2, -1): 11 exact vertices, chain index 0  (539s)
  form (-1, 0, 1, 2, 1, 2, 2, 3, 3, 2, -1): 11 exact vertices, chain index 0  (540s)
  form (0, -1, 0, 1, 1, 1, 2, 2, 2, 1, 2): 14 exact vertices, chain index 0  (541s)
  form (0, 0, 1, 1, 1, 2, 2, 2, 3, 1, 1): 23 exact vertices, chain index 0  (541s)
  form (0, 1, 1, 1, 2, 2, 2, 3, 3, 1, 0): 21 exact vertices, chain index 0  (541s)
  form (0, 1, 1, 1, 2, 2, 3, 2, 3, 0, 1): 13 exact vertices, chain index 0  (541s)
  form (0, 1, 1, 2, 1, 2, 2, 3, 3, 0, 1): 13 exact vertices, chain index 0  (542s)
  form (0, 1, 1, 2, 2, 2, 3, 3, 4, 1, -1): 11 exact vertices, chain index 0  (542s)
  form (0, 1, 1, 2, 2, 3, 2, 3, 3, 1, -1): 11 exact vertices, chain index 0  (542s)
  form (0, 1, 2, 1, 2, 2, 3, 3, 3, 1, -1): 11 exact vertices, chain index 0  (543s)
  form (1, 0, 1, 1, 2, 2, 2, 3, 3, 0, 1): 15 exact vertices, chain index 0  (543s)
  form (1, 1, 1, 2, 2, 2, 3, 3, 3, 0, 0): 23 exact vertices, chain index 0  (543s)
  form (1, 1, 2, 2, 2, 3, 3, 4, 3, 0, -1): 13 exact vertices, chain index 0  (543s)
  form (1, 1, 2, 2, 2, 3, 4, 3, 3, -1, 0): 17 exact vertices, chain index 0  (543s)
  form (1, 1, 2, 2, 3, 2, 3, 3, 4, 0, -1): 13 exact vertices, chain index 0  (543s)
  form (1, 1, 2, 2, 3, 2, 3, 4, 3, -1, 0): 13 exact vertices, chain index 0  (543s)
  form (1, 1, 2, 3, 2, 2, 3, 3, 4, -1, 0): 17 exact vertices, chain index 0  (543s)
  form (1, 2, 1, 2, 2, 3, 3, 3, 4, 0, -1): 13 exact vertices, chain index 0  (543s)
  form (1, 2, 1, 2, 2, 3, 3, 4, 3, -1, 0): 13 exact vertices, chain index 0  (543s)
  form (1, 2, 1, 2, 3, 2, 3, 3, 4, -1, 0): 13 exact vertices, chain index 0  (543s)
  form (1, 2, 2, 2, 3, 3, 4, 4, 3, -1, -1): 17 exact vertices, chain index 0  (544s)
  form (1, 2, 2, 3, 2, 3, 4, 3, 4, -1, -1): 13 exact vertices, chain index 0  (544s)
  form (1, 2, 2, 3, 3, 2, 3, 4, 4, -1, -1): 17 exact vertices, chain index 0  (544s)
  form (2, 1, 1, 2, 2, 3, 3, 3, 4, -1, 0): 18 exact vertices, chain index 0  (544s)
  form (2, 1, 2, 2, 3, 3, 4, 3, 4, -1, -1): 13 exact vertices, chain index 0  (544s)
  form (2, 1, 2, 3, 2, 3, 3, 4, 4, -1, -1): 13 exact vertices, chain index 0  (544s)
  form (2, 2, 1, 2, 3, 3, 3, 4, 4, -1, -1): 18 exact vertices, chain index 0  (544s)
  form (2, 3, 1, 2, 3, 3, 4, 4, 4, -2, -1): 11 exact vertices, chain index 0  (544s)
  form (3, 1, 2, 2, 3, 3, 4, 4, 4, -2, -1): 11 exact vertices, chain index 0  (544s)
m=9 z=1 d=13: |S|=69, exact chamber vertices total 969; every chamber covered by one chain: True; chambers needing an inserted zero: 0  (544s)
