m=4 z=1 d=8: 18 exposed forms
  form [-1, 0, 0, 1, 2, 1]: 7 vertices; chains feasible at all vertices: 4/4 (base); vertices covered by some chain: 7/7; |cost-form|=2.2e-16 |kappa-form|=0.0e+00  [OK]
  form [-1, 0, 1, 0, 1, 2]: 6 vertices; chains feasible at all vertices: 4/4 (base); vertices covered by some chain: 6/6; |cost-form|=2.2e-16 |kappa-form|=2.2e-16  [OK]
  form [-1, 0, 1, 1, 2, 0]: 6 vertices; chains feasible at all vertices: 4/4 (base); vertices covered by some chain: 6/6; |cost-form|=2.2e-16 |kappa-form|=2.2e-16  [OK]
  form [-1, 0, 1, 2, 2, -1]: 6 vertices; chains feasible at all vertices: 6/6 (base); vertices covered by some chain: 6/6; |cost-form|=0.0e+00 |kappa-form|=0.0e+00  [OK]
  form [0, -1, 0, 1, 1, 2]: 6 vertices; chains feasible at all vertices: 4/4 (base); vertices covered by some chain: 6/6; |cost-form|=0.0e+00 |kappa-form|=0.0e+00  [OK]
  form [0, 0, 1, 1, 1, 1]: 8 vertices; chains feasible at all vertices: 3/3 (base); vertices covered by some chain: 8/8; |cost-form|=0.0e+00 |kappa-form|=8.9e-16  [OK]
  form [0, 1, 1, 1, 1, 0]: 6 vertices; chains feasible at all vertices: 2/2 (base); vertices covered by some chain: 6/6; |cost-form|=2.2e-16 |kappa-form|=2.2e-16  [OK]
  form [0, 1, 1, 2, 0, 1]: 7 vertices; chains feasible at all vertices: 4/4 (base); vertices covered by some chain: 7/7; |cost-form|=0.0e+00 |kappa-form|=0.0e+00  [OK]
  form [0, 1, 2, 1, 1, -1]: 6 vertices; chains feasible at all vertices: 4/4 (base); vertices covered by some chain: 6/6; |cost-form|=2.2e-16 |kappa-form|=2.2e-16  [OK]
  form [1, 0, 1, 1, 0, 1]: 6 vertices; chains feasible at all vertices: 2/2 (base); vertices covered by some chain: 6/6; |cost-form|=0.0e+00 |kappa-form|=0.0e+00  [OK]
  form [1, 1, 1, 2, 0, 0]: 6 vertices; chains feasible at all vertices: 2/2 (base); vertices covered by some chain: 6/6; |cost-form|=0.0e+00 |kappa-form|=0.0e+00  [OK]
  form [1, 1, 2, 3, -1, 0]: 7 vertices; chains feasible at all vertices: 1/4 (zeros needed: {b2,b3} {b1,a1,a2} {a3,0} {a4}); vertices covered by some chain: 7/7; |cost-form|=0.0e+00 |kappa-form|=0.0e+00  [OK]
  form [1, 2, 1, 2, 0, -1]: 7 vertices; chains feasible at all vertices: 3/3 (base); vertices covered by some chain: 7/7; |cost-form|=0.0e+00 |kappa-form|=0.0e+00  [OK]
  form [2, 1, 1, 2, -1, 0]: 8 vertices; chains feasible at all vertices: 3/3 (base); vertices covered by some chain: 8/8; |cost-form|=0.0e+00 |kappa-form|=0.0e+00  [OK]
  form [2, 1, 2, 3, -1, -1]: 7 vertices; chains feasible at all vertices: 4/4 (base); vertices covered by some chain: 7/7; |cost-form|=0.0e+00 |kappa-form|=0.0e+00  [OK]
  form [2, 2, 1, 2, -1, -1]: 6 vertices; chains feasible at all vertices: 2/2 (base); vertices covered by some chain: 6/6; |cost-form|=0.0e+00 |kappa-form|=1.8e-15  [OK]
  form [2, 3, 1, 2, -2, -1]: 6 vertices; chains feasible at all vertices: 4/4 (base); vertices covered by some chain: 6/6; |cost-form|=0.0e+00 |kappa-form|=0.0e+00  [OK]
  form [3, 1, 2, 2, -2, -1]: 6 vertices; chains feasible at all vertices: 4/4 (base); vertices covered by some chain: 6/6; |cost-form|=1.1e-16 |kappa-form|=6.7e-16  [OK]
RESULT m=4 z=1 d=8: 117 chamber vertices; every chamber covered by a single chain feasible at all its vertices: True  (22s)
