d=3: ONB min_{2<=k<=400} g_k = 3/2 = 1.500000000 at k=3; d-6/(d+1) = 3/2
      simplex min_{2<=k<=400} g_k = 77/45 = 1.711111111 at k=4; limit d^2/(d+1) = 2.250000
      Q_{4,3}(1/9) = -97/1215 = -0.079835391
      g_k^simp, k=2..16:
         k= 2:                                     25/9 = 2.777777778   Q=+0.078189300
         k= 3:                                    68/27 = 2.518518519   Q=+0.039780521
         k= 4:                                    77/45 = 1.711111111   Q=-0.079835391
         k= 5:                                5984/2187 = 2.736168267   Q=+0.072024928
         k= 6:                              90863/45927 = 1.978422279   Q=-0.040233736
         k= 7:                              44852/19683 = 2.278717675   Q=+0.004254470
         k= 8:                        34421299/14348907 = 2.398879510   Q=+0.022056224
         k= 9:                       145801888/71744535 = 2.032236853   Q=-0.032261207
         k=10:                     1151987915/473513931 = 2.432849045   Q=+0.027088747
         k=11:                    7553861708/3486784401 = 2.166426380   Q=-0.012381277
         k=12:                302270640487/135984591639 = 2.222830078   Q=-0.004025174
         k=13:                 172371912640/73222472421 = 2.354084845   Q=+0.015419977
         k=14:              3002339778029/1412147682405 = 2.126080590   Q=-0.018358431
         k=15:               1982343749236/847288609443 = 2.339632242   Q=+0.013278851
         k=16:            96167454284897/43211719081593 = 2.225494758   Q=-0.003630406
      two smallest simplex values: k=4 (1.711111111), k=6 (1.978422279)
      Lemma-T bound (1-t)^-(d-2)/C(k+d-2,k) < 0.079835391 holds for all k >= 14 (monotone); exact check covers 2<=k<14
      exact: g_k^simp > g_4^simp for all 2<=k<=400, k!=4  [OK]
d=4: ONB min_{2<=k<=400} g_k = 14/5 = 2.800000000 at k=3; d-6/(d+1) = 14/5
      simplex min_{2<=k<=400} g_k = 22018975/7340032 = 2.999847276 at k=6; limit d^2/(d+1) = 3.200000
      Q_{6,4}(1/16) = -7345637/469762048 = -0.015636932
      g_k^simp, k=2..16:
         k= 2:                                     33/8 = 4.125000000   Q=+0.072265625
         k= 3:                                    49/16 = 3.062500000   Q=-0.010742188
         k= 4:                                 1563/512 = 3.052734375   Q=-0.011505127
         k= 5:                              49041/14336 = 3.420828683   Q=+0.017252241
         k= 6:                         22018975/7340032 = 2.999847276   Q=-0.015636932
         k= 7:                             219021/65536 = 3.341995239   Q=+0.011093378
         k= 8:                       104799063/33554432 = 3.123255461   Q=-0.005995667
         k= 9:                    4754959807/1476395008 = 3.220655571   Q=+0.001613716
         k=10:                608283021429/188978561024 = 3.218793805   Q=+0.001468266
         k=11:               1411517233725/446676598784 = 3.160042943   Q=-0.003121645
         k=12:          324678238917061/100055558127616 = 3.244979539   Q=+0.003514027
         k=13:            97341278845737/30786325577728 = 3.161834906   Q=-0.002981648
         k=14:       29044805525892153/9007199254740992 = 3.224621184   Q=+0.001923530
         k=15:    488584576561974679/153122387330596864 = 3.190810861   Q=-0.000717901
         k=16:  7829323578593467575/2449958197289549824 = 3.195696803   Q=-0.000336187
      two smallest simplex values: k=6 (2.999847276), k=4 (3.052734375)
      Lemma-T bound (1-t)^-(d-2)/C(k+d-2,k) < 0.015636932 holds for all k >= 11 (monotone); exact check covers 2<=k<11
      exact: g_k^simp > g_6^simp for all 2<=k<=400, k!=6  [OK]
runtime 0.1s
