iter 0: |F| = 1.1168e-28
iter 1: |F| = 5.6238e-41
iter 2: |F| = 0.0
iter 3: |F| = 0.0
iter 4: |F| = 0.0
iter 5: |F| = 0.0
iter 6: |F| = 0.0
iter 7: |F| = 0.0
iter 8: |F| = 0.0
iter 9: |F| = 0.0
iter 10: |F| = 0.0
iter 11: |F| = 0.0
tied value g_5 =  1.775372547336465732614483045925851
tie residuals: ['0.0', '0.0', '0.0', '0.0', '0.0']
next smallest non-active degrees: [(9, '1.77935107582'), (29, '1.78036182092'), (16, '1.78078152473'), (4, '1.78113630173'), (35, '1.78372901612'), (26, '1.78981258962')]
Gram (20 digits):
   ['1.0', '0.19817750071110584487', '-0.13845160262406978434', '-0.44321692500127972375', '-0.61650897308575633678']
   ['0.19817750071110584487', '1.0', '-0.80686469049387793745', '-0.94287315885015934949', '0.55156034863293144207']
   ['-0.13845160262406978434', '-0.80686469049387793745', '1.0', '0.63322887625828095016', '-0.68791258314033322837']
   ['-0.44321692500127972375', '-0.94287315885015934949', '0.63322887625828095016', '1.0', '-0.24713879240684187692']
   ['-0.61650897308575633678', '0.55156034863293144207', '-0.68791258314033322837', '-0.24713879240684187692', '1.0']
KKT multipliers lambda (k=5,6,8,12,18): ['0.01974830658', '0.5874674058', '0.04244694837', '0.07961253229', '0.270724807']  residual 1.62e-26
