singular values of active-gradient matrix (5x7): ['1.47596', '0.406862', '0.336252', '0.122742', '2.03365e-26']
gamma* = 1.77600994299966361808274335434298818
  findpoly(gamma*, deg<=2, coeff<=1e6): None
  findpoly(gamma*, deg<=3, coeff<=1e6): None
  findpoly(gamma*, deg<=4, coeff<=1e6): None
  findpoly(gamma*, deg<=6, coeff<=1e6): None
  findpoly(gamma*, deg<=8, coeff<=1e6): None
identify(gamma*): None
  G[0][1] = -0.6784226678726371487969031  findpoly deg<=4: None
  G[0][2] = 0.6017625579543995118667906  findpoly deg<=4: None
  G[0][3] = -0.5925582917154144391102554  findpoly deg<=4: None
  G[0][4] = -0.3307815983663479239596321  findpoly deg<=4: None
  G[1][2] = 0.1538617160066190535712328  findpoly deg<=4: None
  G[1][3] = -0.04298464090164038496518161  findpoly deg<=4: None
  G[1][4] = -0.4324544072323415198091481  findpoly deg<=4: None
  G[2][3] = -0.9416586734713265925656832  findpoly deg<=4: None
  G[2][4] = -0.8139656004896919728723401  findpoly deg<=4: None
  G[3][4] = 0.5772016060883814166411203  findpoly deg<=4: None
  sum_{i<j} (n_i.n_j)^1 = -2.5  findpoly deg<=6: [2, 5]
  sum_{i<j} (n_i.n_j)^2 = 3.37787795885368536043788028941  findpoly deg<=6: None
  sum_{i<j} (n_i.n_j)^3 = -1.59788012593072293856036225095  findpoly deg<=6: None
  sum_{i<j} (n_i.n_j)^4 = 1.84999666223041023184424994934  findpoly deg<=6: None
