=== random seed 1: N=4 k=2 L=4
  span dim r=4; span bound r-k=2; universal k(L-1)=6
  (e1,e2)=(0,0) dimV=0,0 full-rank pair exists: False
  (e1,e2)=(0,1) dimV=0,0 full-rank pair exists: False
  (e1,e2)=(0,2) dimV=0,4 full-rank pair exists: False
  (e1,e2)=(1,1) dimV=0,0 full-rank pair exists: False
  (e1,e2)=(0,3) dimV=0,8 full-rank pair exists: False
  (e1,e2)=(1,2) dimV=0,4 full-rank pair exists: False
  (e1,e2)=(0,4) dimV=0,12 full-rank pair exists: False
  (e1,e2)=(1,3) dimV=0,8 full-rank pair exists: False
  (e1,e2)=(2,2) dimV=4,4 full-rank pair exists: True
  delta_Gr = 4 attained by column degrees (2, 2); random pair: Forney degree 4, gcd of minors = 1
  52B6 detector bound Delta >= 2  (witness: ('annihilator', 0, [0, 2, 2, 2]))
  rank(Q_i W_j)=2 for all i!=j: True  (then a zero-rank node forces the other ranks to 2, so Delta <= max(2, L-1))
  polynomial witness F (columns):
    [-3092949912384*z**2/1221025 - 927824648448*I*z**2/1221025 + 9623945575680192*z/6746163125 + 40958690042084544*I*z/6746163125 + 19886512400070912/6746163125 - 15660452218305216*I/6746163125, -6185899824768*z**2/1221025 - 1855649296896*I*z**2/1221025 + 2201273201864448*z/1349232625 + 12304668248948736*I*z/1349232625 + 4341040093256832/1349232625 - 3479271388893696*I/1349232625, 4001371608606336*z/6746163125 + 1539973871583552*I*z/6746163125 - 12192584154624/79366625 - 53296258074048*I/79366625, 6185899824768*z**2/1221025 + 1855649296896*I*z**2/1221025 - 6455508700701888*z/6746163125 - 68925744873959616*I*z/6746163125 - 30335315327160768/6746163125 + 14869311689097024*I/6746163125]
    [-9278849737152*z**2/1221025 - 2783473945344*I*z**2/1221025 + 225194283579456*z/79366625 + 1395508270093632*I*z/79366625 + 463790870059392/53969305 - 1490664494179008*I/269846525, -9278849737152*z**2/1221025 - 2783473945344*I*z**2/1221025 + 2549268104034816*z/1349232625 + 17476370586940032*I*z/1349232625 + 448907083943616/103787125 - 318089526841728*I/103787125, 9278849737152*z**2/1221025 + 2783473945344*I*z**2/1221025 - 4695471321408*z/10793861 - 4160306548760832*I*z/269846525 - 591694205677056/79366625 + 209394156981888*I/79366625, 3092949912384*z**2/1221025 + 927824648448*I*z**2/1221025 + 359413828343808*z/1349232625 - 6721847753931264*I*z/1349232625 - 3264115065983808/1349232625 + 328160648271744*I/1349232625]
  time 6.6s
=== random seed 2: N=4 k=2 L=4
  span dim r=4; span bound r-k=2; universal k(L-1)=6
  (e1,e2)=(0,0) dimV=0,0 full-rank pair exists: False
  (e1,e2)=(0,1) dimV=0,0 full-rank pair exists: False
  (e1,e2)=(0,2) dimV=0,4 full-rank pair exists: False
  (e1,e2)=(1,1) dimV=0,0 full-rank pair exists: False
  (e1,e2)=(0,3) dimV=0,8 full-rank pair exists: False
  (e1,e2)=(1,2) dimV=0,4 full-rank pair exists: False
  (e1,e2)=(0,4) dimV=0,12 full-rank pair exists: False
  (e1,e2)=(1,3) dimV=0,8 full-rank pair exists: False
  (e1,e2)=(2,2) dimV=4,4 full-rank pair exists: True
  delta_Gr = 4 attained by column degrees (2, 2); random pair: Forney degree 4, gcd of minors = 1
  52B6 detector bound Delta >= 2  (witness: ('annihilator', 0, [0, 2, 2, 2]))
  rank(Q_i W_j)=2 for all i!=j: True  (then a zero-rank node forces the other ranks to 2, so Delta <= max(2, L-1))
  polynomial witness F (columns):
    [-601960405248*z**2/30525625 - 221617835136*I*z**2/30525625 + 2684505945608064*z/168654078125 + 7905037127787648*I*z/168654078125 + 2848025523157632/168654078125 - 3801799305950976*I/168654078125, -1203920810496*z**2/30525625 - 443235670272*I*z**2/30525625 + 650783750899968*z/168654078125 + 13010153391634176*I*z/168654078125 + 5425248718953216/168654078125 - 2426734718834688*I/168654078125, 2285178349425408*z/168654078125 - 2025014748735744*I*z/168654078125 - 584930766465792/33730815625 - 223234951014144*I/33730815625, 1203920810496*z**2/30525625 + 443235670272*I*z**2/30525625 - 670809144295296*z/33730815625 - 2679668537023872*I*z/33730815625 - 4711786927270272/168654078125 + 5221565509850496*I/168654078125]
    [-1805881215744*z**2/30525625 - 664853505408*I*z**2/30525625 + 4497986910708864*z/168654078125 + 19533138964933248*I*z/168654078125 + 1232892699078528/33730815625 - 1373630303867904*I/33730815625, -1805881215744*z**2/30525625 - 664853505408*I*z**2/30525625 + 2272569641512704*z/168654078125 + 18301398143632128*I*z/168654078125 + 6325084128526848/168654078125 - 4222267125473664*I/168654078125, 1805881215744*z**2/30525625 + 664853505408*I*z**2/30525625 + 8933450903813376*z/168654078125 - 24789641863085568*I*z/168654078125 - 17446160083359744/168654078125 - 2477283392193408*I/168654078125, 601960405248*z**2/30525625 + 221617835136*I*z**2/30525625 - 3772898088849792*z/168654078125 - 6914818644822144*I*z/168654078125 - 1974806520746112/168654078125 + 4458493034447616*I/168654078125]
  time 6.9s
=== random seed 3: N=4 k=2 L=4
  span dim r=4; span bound r-k=2; universal k(L-1)=6
  (e1,e2)=(0,0) dimV=0,0 full-rank pair exists: False
  (e1,e2)=(0,1) dimV=0,0 full-rank pair exists: False
  (e1,e2)=(0,2) dimV=0,4 full-rank pair exists: False
  (e1,e2)=(1,1) dimV=0,0 full-rank pair exists: False
  (e1,e2)=(0,3) dimV=0,8 full-rank pair exists: False
  (e1,e2)=(1,2) dimV=0,4 full-rank pair exists: False
  (e1,e2)=(0,4) dimV=0,12 full-rank pair exists: False
  (e1,e2)=(1,3) dimV=0,8 full-rank pair exists: False
  (e1,e2)=(2,2) dimV=4,4 full-rank pair exists: True
  delta_Gr = 4 attained by column degrees (2, 2); random pair: Forney degree 4, gcd of minors = 1
  52B6 detector bound Delta >= 2  (witness: ('annihilator', 0, [0, 2, 2, 2]))
  rank(Q_i W_j)=2 for all i!=j: True  (then a zero-rank node forces the other ranks to 2, so Delta <= max(2, L-1))
  polynomial witness F (columns):
    [-70187226368*z**2/244205 - 14465853696*I*z**2/244205 + 4751189710936064*z/33730815625 + 22260801737883648*I*z/33730815625 + 2045780577948928/6746163125 - 1535891340175104*I/6746163125, -140374452736*z**2/244205 - 28931707392*I*z**2/244205 + 11171688649102336*z/33730815625 + 36230596037105152*I*z/33730815625 + 2516364335171072/6746163125 - 2594786149584896*I/6746163125, 3501311212146688*z/33730815625 - 1743886390262784*I*z/33730815625 - 637026950322176/6746163125 - 439015784236032*I/6746163125, 140374452736*z**2/244205 + 28931707392*I*z**2/244205 - 8710033506993664*z/33730815625 - 37322724903566848*I*z/33730815625 - 2955407585165312/6746163125 + 2264014507913216*I/6746163125]
    [-210561679104*z**2/244205 - 43397561088*I*z**2/244205 + 14184693711191552*z/33730815625 + 63512678440062464*I*z/33730815625 + 5557382972336384/6746163125 - 4331483734842112*I/6746163125, -210561679104*z**2/244205 - 43397561088*I*z**2/244205 + 15142055131189248*z/33730815625 + 52433310224603136*I*z/33730815625 + 3545210763753216/6746163125 - 3362531900306688*I/6746163125, 210561679104*z**2/244205 + 43397561088*I*z**2/244205 - 7860810085398016*z/33730815625 - 60734612867238912*I*z/33730815625 - 5756814341164288/6746163125 + 3028054066915584*I/6746163125, 70187226368*z**2/244205 + 14465853696*I*z**2/244205 + 3386117853326848*z/33730815625 - 16605008674673664*I*z/33730815625 - 1784039039577856/6746163125 - 476946825153792*I/6746163125]
  time 7.2s
=== random seed 1 embedded in C^5 (H = C^4 proper): N=5 k=2 L=4
  span dim r=4; span bound r-k=2; universal k(L-1)=6
  (e1,e2)=(0,0) dimV=0,0 full-rank pair exists: False
  (e1,e2)=(0,1) dimV=0,0 full-rank pair exists: False
  (e1,e2)=(0,2) dimV=0,4 full-rank pair exists: False
  (e1,e2)=(1,1) dimV=0,0 full-rank pair exists: False
  (e1,e2)=(0,3) dimV=0,8 full-rank pair exists: False
  (e1,e2)=(1,2) dimV=0,4 full-rank pair exists: False
  (e1,e2)=(0,4) dimV=0,13 full-rank pair exists: False
  (e1,e2)=(1,3) dimV=0,8 full-rank pair exists: False
  (e1,e2)=(2,2) dimV=4,4 full-rank pair exists: True
  delta_Gr = 4 attained by column degrees (2, 2); random pair: Forney degree 4, gcd of minors = 1
  polynomial witness F (columns):
    [-7454452811953595904*z**2/298180410125 - 1661999569953449472*I*z**2/298180410125 + 5935879782621363990528*z/329489353188125 + 18996902376414132962304*I*z/329489353188125 + 8849207555220793987584/329489353188125 - 8066169514339163877888*I/329489353188125, -14908905623907191808*z**2/298180410125 - 3323999139906898944*I*z**2/298180410125 + 1457725519415583737856*z/65897870637625 + 5730485013715996919808*I*z/65897870637625 + 9648151905123489364992/329489353188125 - 8947138348114694636544*I/329489353188125, 1940345276155724662272*z/329489353188125 + 590273999908913373696*I*z/329489353188125 - 37840263682225669632/19381726658125 - 123651980140011710976*I/19381726658125, 14908905623907191808*z**2/298180410125 + 3323999139906898944*I*z**2/298180410125 - 1078727925309689327616*z/65897870637625 - 6459994769708746257408*I*z/65897870637625 - 13806008929785739954176/329489353188125 + 8048825990671171986432*I/329489353188125, 0]
    [-22363358435860787712*z**2/298180410125 - 4985998709860348416*I*z**2/298180410125 + 768925580660371224576*z/19381726658125 + 3253720729105907463168*I*z/19381726658125 + 26083222256139429441024/329489353188125 - 19557572292029997946368*I/329489353188125, -22363358435860787712*z**2/298180410125 - 4985998709860348416*I*z**2/298180410125 + 8990401456119744672768*z/329489353188125 + 40793465740115343412224*I*z/329489353188125 + 1004818295797247890944/25345334860625 - 826846616289353015808*I/25345334860625, 22363358435860787712*z**2/298180410125 + 4985998709860348416*I*z**2/298180410125 - 4927490931388975455744*z/329489353188125 - 48971915135771984174592*I*z/329489353188125 - 1360173248149001776128/19381726658125 + 594747947701298359296*I/19381726658125, 7454452811953595904*z**2/298180410125 + 1661999569953449472*I*z**2/298180410125 - 296978731442112319488*z/329489353188125 - 15918397798310245085184*I*z/329489353188125 - 1528864553358115047936/65897870637625 + 266017325310498442752*I/65897870637625, 0]
  time 1.2s
generating curve P0 columns: [[2*z - I*z + 1 - I, 3*z + 2*I*z + 3 + 2*I, -3*z + 3*I*z + 2 + I, -2*z + 2*I*z + 3*I], [3*I*z**2 - 3*z - I*z - 3 - 2*I, z**2 - 2*I*z**2 + z - 3*I*z - 2, -z**2 - 2*I*z**2 - 2*z - 3 + 2*I, 3*z**2 + 3*I*z**2 - 2*I*z + 3 + 3*I]]
=== structured (1,2)-curve data, L=4: N=4 k=2 L=4
  span dim r=4; span bound r-k=2; universal k(L-1)=6
  (e1,e2)=(0,0) dimV=0,0 full-rank pair exists: False
  (e1,e2)=(0,1) dimV=0,1 full-rank pair exists: False
  (e1,e2)=(0,2) dimV=0,4 full-rank pair exists: False
  (e1,e2)=(1,1) dimV=1,1 full-rank pair exists: False
  (e1,e2)=(0,3) dimV=0,8 full-rank pair exists: False
  (e1,e2)=(1,2) dimV=1,4 full-rank pair exists: True
  delta_Gr = 3 attained by column degrees (1, 2); random pair: Forney degree 3, gcd of minors = 1
  52B6 detector bound Delta >= 2  (witness: ('annihilator', 0, [0, 2, 2, 2]))
  rank(Q_i W_j)=2 for all i!=j: True  (then a zero-rank node forces the other ranks to 2, so Delta <= max(2, L-1))
  polynomial witness F (columns):
    [4796570636446293712923227904*z/444557784911566012578125 + 2398591810301393652577978368*I*z/444557784911566012578125 + 3357660743928054958269532416/444557784911566012578125 + 95968191778315489792428288*I/88911556982313202515625, 479227974735083856729412608*z/444557784911566012578125 + 1726814467853185224030980352*I*z/88911556982313202515625 + 479227974735083856729412608/444557784911566012578125 + 1726814467853185224030980352*I/88911556982313202515625, -10072982231784164874808597248*z/444557784911566012578125 - 287904575334946469377284864*I*z/88911556982313202515625 + 959068933626661305691554048/444557784911566012578125 + 5276411595337871161885369344*I/444557784911566012578125, -6715321487856109916539064832*z/444557784911566012578125 - 191936383556630979584856576*I*z/88911556982313202515625 - 5756252554229448610847510784/444557784911566012578125 + 4316729677554716263961086464*I/444557784911566012578125]
    [2885596168776385518490906380904574976*z**2/959446000639219616989898681640625 - 14280293760168662570446853610374074368*I*z**2/959446000639219616989898681640625 + 94263421460186341143197098329032300224512*z/5300939153531688383869190216064453125 + 204429936234192677174889001386729504221184*I*z/5300939153531688383869190216064453125 + 4821522669155680565688322158214828099584/311819950207746375521717071533203125 + 13173950686031132653769066875882597644288*I/311819950207746375521717071533203125, -12131410321449531606212183787873649035264*z/311819950207746375521717071533203125 + 9317676927073777032107814968130001661952*I*z/311819950207746375521717071533203125 - 131619953764993101323684235197529949710336/5300939153531688383869190216064453125 + 300781344215237678764114176752366258638848*I/5300939153531688383869190216064453125, 3835124046635034710015382937025396736*z**2/959446000639219616989898681640625 + 6108471788019939889137421073708285952*I*z**2/959446000639219616989898681640625 - 311243374834197185848941119938095517943808*z/5300939153531688383869190216064453125 - 151181017104507566868483005621900532013056*I*z/5300939153531688383869190216064453125 + 84394810504902423199152414458391050944512/5300939153531688383869190216064453125 + 224062639952589480027931039473623735261184*I/5300939153531688383869190216064453125, -5752686069952552065023074405538095104*z**2/959446000639219616989898681640625 - 9162707682029909833706131610562428928*I*z**2/959446000639219616989898681640625 - 3835124046635034710015382937025396736*z/959446000639219616989898681640625 - 6108471788019939889137421073708285952*I*z/959446000639219616989898681640625 - 44968546013444331259496174336972236935168/1060187830706337676773838043212890625 - 38974655778808734806969920043220969240576*I/1060187830706337676773838043212890625]
  time 17.6s
generating curve P0 columns: [[3*z - 3*I*z + 3 + I, -z - 3*I*z + 3*I, 2*z + I*z - 3 - 2*I, 2*z - I*z + 3*I], [3*I*z**2 - 3*z - I*z - 1 + 3*I, z**2 + I*z**2 + 3*z - 2 + 2*I, z**2 + 2*I*z**2 - 2*z + I*z + 2 - 3*I, 3*z**2 + I*z**2 - z + 2*I*z + 3 + 2*I]]
=== structured (1,2)-curve data, L=5: N=4 k=2 L=5
  span dim r=4; span bound r-k=2; universal k(L-1)=8
  (e1,e2)=(0,0) dimV=0,0 full-rank pair exists: False
  (e1,e2)=(0,1) dimV=0,1 full-rank pair exists: False
  (e1,e2)=(0,2) dimV=0,3 full-rank pair exists: False
  (e1,e2)=(1,1) dimV=1,1 full-rank pair exists: False
  (e1,e2)=(0,3) dimV=0,6 full-rank pair exists: False
  (e1,e2)=(1,2) dimV=1,3 full-rank pair exists: True
  delta_Gr = 3 attained by column degrees (1, 2); random pair: Forney degree 3, gcd of minors = 1
  52B6 detector bound Delta >= 2  (witness: ('annihilator', 0, [0, 2, 2, 2, 2]))
  rank(Q_i W_j)=2 for all i!=j: True  (then a zero-rank node forces the other ranks to 2, so Delta <= max(2, L-1))
  polynomial witness F (columns):
    [-148717844885836054312005888*z/88911556982313202515625 + 196521787384949632078478592*I*z/444557784911566012578125 - 378877599733026511905662208/444557784911566012578125 - 430218887157803637013860096*I/444557784911566012578125, -116848549886427002467690752*z/444557784911566012578125 + 561233412081103391732845824*I*z/444557784911566012578125 + 273533718522115319740775424/444557784911566012578125 - 470055505907064951819254016*I/444557784911566012578125, -222192431097338194632577536*z/444557784911566012578125 - 339040980983765197100268288*I*z/444557784911566012578125 + 11507987742359522879682816/17782311396462640503125 + 586904055793491954286944768*I/444557784911566012578125, -404548243445415074459761152*z/444557784911566012578125 - 25670643712388562554098944*I*z/444557784911566012578125 + 273533718522115319740775424/444557784911566012578125 - 470055505907064951819254016*I/444557784911566012578125]
    [-4390327336708428372578111229266455398422052864*z**2/108728352818022336663110157031040191650390625 + 586154620443959576884341137060565776384458752*I*z**2/108728352818022336663110157031040191650390625 - 3929946348816253681355239217330561318061047808*z/108728352818022336663110157031040191650390625 - 5415900672952598493075079524075469972496941056*I*z/108728352818022336663110157031040191650390625 - 2134995760856196831434916006367810278832078848/108728352818022336663110157031040191650390625 - 240671629992069419416558433061669681515790336*I/108728352818022336663110157031040191650390625, -348845202778711422702404382998819952248487936*z**2/21745670563604467332622031406208038330078125 + 537242652229376565793769810623193450153115648*I*z**2/21745670563604467332622031406208038330078125 + 223671940376838832776376353963190046258921472*z/8363719447540179743316165925464630126953125 + 130548203963914679056860042929846645135867904*I*z/8363719447540179743316165925464630126953125 - 624453952924054421469370906372898438215237632/108728352818022336663110157031040191650390625 - 214534539721367281253961930343021589710209024*I/108728352818022336663110157031040191650390625, -8244480328300764590732027880595023256879104*z/376222674110803933090346564121246337890625 + 4556988028729201648172415307402545098883072*I*z/376222674110803933090346564121246337890625 + 2276293847944195688753440077086090402260549632/108728352818022336663110157031040191650390625 + 905237521248135410788689078278179733316993024*I/108728352818022336663110157031040191650390625, 275608750145342998766966523374078485966749696*z**2/108728352818022336663110157031040191650390625 + 751777191950743847047731740966215039863324672*I*z**2/108728352818022336663110157031040191650390625 - 275608750145342998766966523374078485966749696*z/108728352818022336663110157031040191650390625 - 751777191950743847047731740966215039863324672*I*z/108728352818022336663110157031040191650390625 + 160783095500561712631864141766003566190690304/6395785459883666862535891590061187744140625 + 115632233979151712390356791964682535990755328*I/6395785459883666862535891590061187744140625]
  time 65.1s
=== base-point example: column degrees (1,3), naive minor degree 4, gcd = z - 1/2, Forney degree = 3
=== generic k=2 N=4 L=3: N=4 k=2 L=3
  span dim r=4; span bound r-k=2; universal k(L-1)=4
  (e1,e2)=(0,0) dimV=0,0 full-rank pair exists: False
  (e1,e2)=(0,1) dimV=0,2 full-rank pair exists: False
  (e1,e2)=(0,2) dimV=0,6 full-rank pair exists: False
  (e1,e2)=(1,1) dimV=2,2 full-rank pair exists: True
  delta_Gr = 2 attained by column degrees (1, 1); random pair: Forney degree 2, gcd of minors = 1
  52B6 detector bound Delta >= 2  (witness: ('annihilator', 0, [0, 2, 2]))
  rank(Q_i W_j)=2 for all i!=j: True  (then a zero-rank node forces the other ranks to 2, so Delta <= max(2, L-1))
  polynomial witness F (columns):
    [-2840204376*z/14365 - 1938937968*I*z/14365 - 364294284/14365 + 3418337388*I/14365, 3136933884*z/71825 + 3532734612*I*z/71825 + 1662387588/71825 - 4523808516*I/71825, -13519416*z/71825 - 1920571788*I*z/71825 - 1529638272/71825 + 1046768004*I/71825, -27038832*z/71825 - 3841143576*I*z/71825 - 4052438664/71825 + 1819423848*I/71825]
    [10949370528*z/71825 + 9262586904*I*z/71825 + 2968071792/71825 - 14082210144*I/71825, -97811364*z/5525 - 349323252*I*z/5525 - 3379151652/71825 + 3401683164*I/71825, -46678536/14365 - 20316648*I/14365, 27038832*z/71825 + 3841143576*I*z/71825 + 4205498136/71825 - 1773550752*I/71825]
  time 1.6s
=== generic k=2 N=4 L=5: N=4 k=2 L=5
  span dim r=4; span bound r-k=2; universal k(L-1)=8
  (e1,e2)=(0,0) dimV=0,0 full-rank pair exists: False
  (e1,e2)=(0,1) dimV=0,0 full-rank pair exists: False
  (e1,e2)=(0,2) dimV=0,2 full-rank pair exists: False
  (e1,e2)=(1,1) dimV=0,0 full-rank pair exists: False
  (e1,e2)=(0,3) dimV=0,6 full-rank pair exists: False
  (e1,e2)=(1,2) dimV=0,2 full-rank pair exists: False
  (e1,e2)=(0,4) dimV=0,10 full-rank pair exists: False
  (e1,e2)=(1,3) dimV=0,6 full-rank pair exists: False
  (e1,e2)=(2,2) dimV=2,2 full-rank pair exists: True
  delta_Gr = 4 attained by column degrees (2, 2); random pair: Forney degree 4, gcd of minors = 1
  52B6 detector bound Delta >= 2  (witness: ('annihilator', 0, [0, 2, 2, 2, 2]))
  rank(Q_i W_j)=2 for all i!=j: True  (then a zero-rank node forces the other ranks to 2, so Delta <= max(2, L-1))
  polynomial witness F (columns):
    [59161558711873555225287936*z**2/50696475637889453125 - 24735841622192863375515648*I*z**2/50696475637889453125 - 103523256993389711816134656*z/50696475637889453125 - 77183797735583532240187392*I*z/50696475637889453125 - 6895113988458681110437632/50696475637889453125 + 65531186965182563363390976*I/50696475637889453125, -3869930689029030084321024*z**2/50696475637889453125 + 18859864600485782766853632*I*z**2/50696475637889453125 + 6949763004640954089470976*z/10139295127577890625 - 2572317035329577543002368*I*z/10139295127577890625 - 14481120407160978066196224/50696475637889453125 - 11184025952091980490432768*I/50696475637889453125, -11087045514973520153830656*z**2/50696475637889453125 - 16723244965717468080859392*I*z**2/50696475637889453125 - 1341289462205951708633856*z/3899728895222265625 + 2704576324330801048958208*I*z/3899728895222265625 + 795676780517992209879552/2027859025515578125 - 44831581153532607361536*I/2027859025515578125, -22174091029947040307661312*z**2/50696475637889453125 - 33446489931434936161718784*I*z**2/50696475637889453125 - 36255471950463855748263936*z/50696475637889453125 + 70682047412893394813883648*I*z/50696475637889453125 + 7923370503151210068721152/10139295127577890625 - 304873458725285510190336*I/10139295127577890625]
    [-39866325326199656715561984*z**2/50696475637889453125 + 90322762774390316412198912*I*z**2/50696475637889453125 + 196446185075258766295428096*z/50696475637889453125 - 24979534804119680365206528*I*z/50696475637889453125 - 62498765784561280632262656/50696475637889453125 - 78624484324637350615483392*I/50696475637889453125, -11733958435954280198625792*z**2/50696475637889453125 - 32362609639010680371654144*I*z**2/50696475637889453125 - 43850414365129164226046976*z/50696475637889453125 + 50105731937356825706170368*I*z/50696475637889453125 + 6423140603909430102928896/10139295127577890625 + 1424957677306550223939072*I/10139295127577890625, 1585411010465040409430016*z/50696475637889453125 - 152257406667785079257088*I*z/50696475637889453125 - 1423014950514949800118272/50696475637889453125 - 921253573832364737685504*I/50696475637889453125, 22174091029947040307661312*z**2/50696475637889453125 + 33446489931434936161718784*I*z**2/50696475637889453125 + 34976837796985622277808128*z/50696475637889453125 - 72431268162594130763080704*I*z/50696475637889453125 - 1407238250270290850382336/1748154332341015625 + 111120630741188376334848*I/1748154332341015625]
  time 28.5s
=== generic k=2 N=4 L=6: N=4 k=2 L=6
  span dim r=4; span bound r-k=2; universal k(L-1)=10
  (e1,e2)=(0,0) dimV=0,0 full-rank pair exists: False
  (e1,e2)=(0,1) dimV=0,0 full-rank pair exists: False
  (e1,e2)=(0,2) dimV=0,0 full-rank pair exists: False
  (e1,e2)=(1,1) dimV=0,0 full-rank pair exists: False
  (e1,e2)=(0,3) dimV=0,4 full-rank pair exists: False
  (e1,e2)=(1,2) dimV=0,0 full-rank pair exists: False
  (e1,e2)=(0,4) dimV=0,8 full-rank pair exists: False
  (e1,e2)=(1,3) dimV=0,4 full-rank pair exists: False
  (e1,e2)=(2,2) dimV=0,0 full-rank pair exists: False
  (e1,e2)=(0,5) dimV=0,12 full-rank pair exists: False
  (e1,e2)=(1,4) dimV=0,8 full-rank pair exists: False
  (e1,e2)=(2,3) dimV=0,4 full-rank pair exists: False
  (e1,e2)=(0,6) dimV=0,16 full-rank pair exists: False
  (e1,e2)=(1,5) dimV=0,12 full-rank pair exists: False
  (e1,e2)=(2,4) dimV=0,8 full-rank pair exists: False
  (e1,e2)=(3,3) dimV=4,4 full-rank pair exists: True
  delta_Gr = 6 attained by column degrees (3, 3); random pair: Forney degree 6, gcd of minors = 1
  52B6 detector bound Delta >= 2  (witness: ('annihilator', 0, [0, 2, 2, 2, 2, 2]))
  rank(Q_i W_j)=2 for all i!=j: True  (then a zero-rank node forces the other ranks to 2, so Delta <= max(2, L-1))
  polynomial witness F (columns):
    [-55035185005384565920486656344064*z**3/372465921606995161275078125 - 366444457058990828007267472539648*I*z**3/372465921606995161275078125 - 213307981443340181781954242159515926528*z**2/84372842892024578907837072265625 + 176918527205508688187824629924276731904*I*z**2/84372842892024578907837072265625 + 8301364195430403238996723453493538226176*z/2446812443868712788327275095703125 + 3160165879191730437095175752710352044032*I*z/2446812443868712788327275095703125 - 416154389463588360367205170075939110912/2446812443868712788327275095703125 - 3251867547796695279649984441629061545984*I/2446812443868712788327275095703125, -110070370010769131840973312688128*z**3/372465921606995161275078125 - 732888914117981656014534945079296*I*z**3/372465921606995161275078125 - 12023426417477620767160259847370051878912*z**2/2446812443868712788327275095703125 + 6645180033079537321103910583504584278016*I*z**2/2446812443868712788327275095703125 + 9969131997170565225777424105345384022016*z/2446812443868712788327275095703125 + 8588487726512717073358710298941038886912*I*z/2446812443868712788327275095703125 + 1483538608063558626757712414177001504768/2446812443868712788327275095703125 - 4024054726250043577047827170676672692224*I/2446812443868712788327275095703125, -23700922924874360716336918977945501696*z**2/489362488773742557665455019140625 + 143904337612906756097725855734515171328*I*z**2/489362488773742557665455019140625 + 1252946618856754471533648946299310669824*z/2446812443868712788327275095703125 - 311128997510543583926094393472896172032*I*z/2446812443868712788327275095703125 - 11451027743117789484752868327255834624/84372842892024578907837072265625 - 15287367248848471208177628716739821568*I/84372842892024578907837072265625, 110070370010769131840973312688128*z**3/372465921606995161275078125 + 732888914117981656014534945079296*I*z**3/372465921606995161275078125 + 13983871943810024605838071107782547111936*z**2/2446812443868712788327275095703125 - 8464407650125330352179969447480149147648*I*z**2/2446812443868712788327275095703125 - 14746110593757634712954683540524281462784*z/2446812443868712788327275095703125 - 10688219020413195345749709799305132146688*I*z/2446812443868712788327275095703125 - 61107816027479286527454595107977035776/97872497754748511533091003828125 + 262893262661645101835252590812897312768*I/97872497754748511533091003828125]
    [-165105555016153697761459969032192*z**3/372465921606995161275078125 - 1099333371176972484021802417618944*I*z**3/372465921606995161275078125 - 20355257134266214623718084074367671730176*z**2/2446812443868712788327275095703125 + 14567969748117257530903235586800255827968*I*z**2/2446812443868712788327275095703125 + 25142085174810573528453489201883310555136*z/2446812443868712788327275095703125 + 13300217824926695752549766989927879114752*I*z/2446812443868712788327275095703125 + 359068659598038717724164461723470528512/2446812443868712788327275095703125 - 10751248660834640538448817319085980450816*I/2446812443868712788327275095703125, -165105555016153697761459969032192*z**3/372465921606995161275078125 - 1099333371176972484021802417618944*I*z**3/372465921606995161275078125 - 17847527581092054017866085246319084306432*z**2/2446812443868712788327275095703125 + 9082478476027015184657374839765975269376*I*z**2/2446812443868712788327275095703125 + 770793615036736936101469136797309403136*z/143930143756983105195722064453125 + 793590050860297285153876030422229450752*I*z/143930143756983105195722064453125 + 3033223541517048680933835787351241293824/2446812443868712788327275095703125 - 5346970099627894958525700854740933804032*I/2446812443868712788327275095703125, 165105555016153697761459969032192*z**3/372465921606995161275078125 + 1099333371176972484021802417618944*I*z**3/372465921606995161275078125 + 897171602461821343163321015167705448448*z**2/143930143756983105195722064453125 - 595784832989292388283452473214762942464*I*z**2/143930143756983105195722064453125 - 13334910205031066298641180188004354359296*z/2446812443868712788327275095703125 - 7900589773294391412563286977609256271872*I*z/2446812443868712788327275095703125 - 307219174569490768623496133251241213952/2446812443868712788327275095703125 + 4478462550133388652244349154869232500736*I/2446812443868712788327275095703125, 55035185005384565920486656344064*z**3/372465921606995161275078125 + 366444457058990828007267472539648*I*z**3/372465921606995161275078125 + 10951464150871123906109432228343936417792*z**2/2446812443868712788327275095703125 - 3272091160769197666733166704792510201856*I*z**2/2446812443868712788327275095703125 - 8846974083528506491368443117403547041792*z/2446812443868712788327275095703125 - 13193869982640082239568954802749743366144*I*z/2446812443868712788327275095703125 - 4007374398390861503801393392364341100544/2446812443868712788327275095703125 + 5505392422882233895950988672094087380992*I/2446812443868712788327275095703125]
  time 87.8s
=== generic k=2 N=4 L=7: N=4 k=2 L=7
  span dim r=4; span bound r-k=2; universal k(L-1)=12
  (e1,e2)=(0,0) dimV=0,0 full-rank pair exists: False
  (e1,e2)=(0,1) dimV=0,0 full-rank pair exists: False
  (e1,e2)=(0,2) dimV=0,0 full-rank pair exists: False
  (e1,e2)=(1,1) dimV=0,0 full-rank pair exists: False
  (e1,e2)=(0,3) dimV=0,2 full-rank pair exists: False
  (e1,e2)=(1,2) dimV=0,0 full-rank pair exists: False
  (e1,e2)=(0,4) dimV=0,6 full-rank pair exists: False
  (e1,e2)=(1,3) dimV=0,2 full-rank pair exists: False
  (e1,e2)=(2,2) dimV=0,0 full-rank pair exists: False
  (e1,e2)=(0,5) dimV=0,10 full-rank pair exists: False
  (e1,e2)=(1,4) dimV=0,6 full-rank pair exists: False
  (e1,e2)=(2,3) dimV=0,2 full-rank pair exists: False
  (e1,e2)=(0,6) dimV=0,14 full-rank pair exists: False
  (e1,e2)=(1,5) dimV=0,10 full-rank pair exists: False
  (e1,e2)=(2,4) dimV=0,6 full-rank pair exists: False
  (e1,e2)=(3,3) dimV=2,2 full-rank pair exists: True
  delta_Gr = 6 attained by column degrees (3, 3); random pair: Forney degree 6, gcd of minors = 1
  52B6 detector bound Delta >= 2  (witness: ('annihilator', 0, [0, 2, 2, 2, 2, 2, 2]))
  rank(Q_i W_j)=2 for all i!=j: True  (then a zero-rank node forces the other ranks to 2, so Delta <= max(2, L-1))
  polynomial witness F (columns):
    [-9695901364170281485480632140342669482149426757632*z**3/2622614800621330497077026308890894803322265625 + 12003813093592313683726676382575130358172609150976*I*z**3/2622614800621330497077026308890894803322265625 + 218102167108987861196958594912537591772699877965824*z**2/13113074003106652485385131544454474016611328125 + 16304962079696932429473397932488185876045980499968*I*z**2/13113074003106652485385131544454474016611328125 - 113847848211508062243048690705655864754502686736384*z/13113074003106652485385131544454474016611328125 - 186281791501847620234873185544372472458534853541888*I*z/13113074003106652485385131544454474016611328125 - 30423245975762462679064666963700591708828151840768/13113074003106652485385131544454474016611328125 + 70906027878135069973025848963199823296038389940224*I/13113074003106652485385131544454474016611328125, 4720932999991982161259997252255282326804004077568*z**3/2622614800621330497077026308890894803322265625 + 15427658926681104050250841668516642865684861157376*I*z**3/2622614800621330497077026308890894803322265625 + 7328500168948686360720585379880839541834571055104*z**2/524522960124266099415405261778178960664453125 - 6776003543697603038268482939638721215090770051072*I*z**2/524522960124266099415405261778178960664453125 - 48482417813859484549067304278858085383250233524224*z/2622614800621330497077026308890894803322265625 - 19388174300664612931156412926183079480878084128768*I*z/2622614800621330497077026308890894803322265625 + 37236007436457680962071499810428212389988007936/90434993124873465416449183065203269080078125 + 634157889210997545232125876254688417242823524352*I/90434993124873465416449183065203269080078125, -597539000053711692827257081316975539687515488256*z**3/524522960124266099415405261778178960664453125 - 2548972734576557840160731568610319730298655342592*I*z**3/524522960124266099415405261778178960664453125 - 115201646733834135520784654809676068900889812795392*z**2/13113074003106652485385131544454474016611328125 + 122212348302918681578895674904172315675183041478656*I*z**2/13113074003106652485385131544454474016611328125 + 8666527694766871938217552830691627791926441803776*z/771357294300391322669713620262027883330078125 + 1172933411401461059994273374929579615177625567232*I*z/771357294300391322669713620262027883330078125 - 22471514468118517697416066381912116105041622859776/13113074003106652485385131544454474016611328125 - 40199474234742747073945845218073737471874977759232*I/13113074003106652485385131544454474016611328125, -1195078000107423385654514162633951079375030976512*z**3/524522960124266099415405261778178960664453125 - 5097945469153115680321463137220639460597310685184*I*z**3/524522960124266099415405261778178960664453125 - 305212372790541608842988025946768482896608480985088*z**2/13113074003106652485385131544454474016611328125 + 243392014173021689006676060830172115995998876073984*I*z**2/13113074003106652485385131544454474016611328125 + 352049525907025584076516275541039463135239348420608*z/13113074003106652485385131544454474016611328125 + 174802751555070888092536223868580185233735502790656*I*z/13113074003106652485385131544454474016611328125 + 4089986242922888699609070628683929885841687576576/13113074003106652485385131544454474016611328125 - 133427033162798498803657060300823348827647579783168*I/13113074003106652485385131544454474016611328125]
    [282506883599246328253050696417685485204322910208*z**3/70881481097873797218298008348402562251953125 - 80722473145977818718951333416173581205668102144*I*z**3/70881481097873797218298008348402562251953125 - 6302077621106276499884143841112912066848896843776*z**2/771357294300391322669713620262027883330078125 - 5096640539963624507246361860144083236185722847232*I*z**2/771357294300391322669713620262027883330078125 + 1160445279200739467351748148823014423409705091072*z/13113074003106652485385131544454474016611328125 + 122697164936418483085551788763141615963407506735104*I*z/13113074003106652485385131544454474016611328125 + 29832243852497472105136091006236552531938856402944/13113074003106652485385131544454474016611328125 - 27531206287618306512104406089799766137581710344192*I/13113074003106652485385131544454474016611328125, -7027154799796072192569917672645025378096428089344*z**3/2622614800621330497077026308890894803322265625 - 14731256011036189743175000151376805979565072580608*I*z**3/2622614800621330497077026308890894803322265625 - 6320736142583877190524019552006277567505151033344*z**2/524522960124266099415405261778178960664453125 + 7751989991800344189601086921273725414378692411392*I*z**2/524522960124266099415405261778178960664453125 + 3867873395132275928656190626105851918418867912704*z/201739600047794653621309716068530369486328125 + 967462076869224772688396648221858323893613232128*I*z/201739600047794653621309716068530369486328125 - 3437630388689394931719069287685234986497455685632/2622614800621330497077026308890894803322265625 - 17810502899286419416542413674993452274992911745024*I/2622614800621330497077026308890894803322265625, -30076133466622829740401652398873493142831433252864*z**2/13113074003106652485385131544454474016611328125 - 5821193406068553112397170561314092315484773941248*I*z**2/13113074003106652485385131544454474016611328125 + 477456464948761557266840593795576382623806652416*z/452174965624367327082245915326016345400390625 + 1964347646815392754302881977117474091023007219712*I*z/452174965624367327082245915326016345400390625 + 22039494516491865424865224938367880501529157828608/13113074003106652485385131544454474016611328125 - 17680539994375964551348570462453199787350864953344*I/13113074003106652485385131544454474016611328125, 1195078000107423385654514162633951079375030976512*z**3/524522960124266099415405261778178960664453125 + 5097945469153115680321463137220639460597310685184*I*z**3/524522960124266099415405261778178960664453125 + 309693346995693244848766814355758687189776443899904*z**2/13113074003106652485385131544454474016611328125 - 243628262691424508875729336918034638294587877097472*I*z**2/13113074003106652485385131544454474016611328125 - 355405290206929800806494953759505497860716719243264*z/13113074003106652485385131544454474016611328125 - 181789969846999831289378932473685817336792296194048*I*z/13113074003106652485385131544454474016611328125 - 6271392425096992751496425897084546965737657335808/13113074003106652485385131544454474016611328125 + 135912842549750094980200795810206632225785138642944*I/13113074003106652485385131544454474016611328125]
  time 190.1s
done

real	6m54.370s
user	0m0.000s
sys	0m0.015s
