d | kappa_f | kappa_1=2(d-2)(d+1)/d | 2d | M(kappa_f) | d(d-1)/2 | lambda_min | kappa_c | b_c | lambda_c | lambda_0 | D_c/R0^2 | R_c
3 3.232708836 2.6666667 6 4.0410906 3.0 5.358728277 4.344285303 0.40033154 5.425859459 6.0 0.83973466 0.5797181361
4 5.947937551 5.0 8 10.217157 6.0 7.561216258 8.099558671 0.51959832 7.794057824 10.0 0.73001759 1.578193898
5 8.431550876 7.2 10 21.107032 10.0 9.689551191 11.64408805 0.57349104 10.15193548 15.0 0.67110803 2.671112062
6 10.78133168 9.3333333 12 38.942795 15.0 11.7758462 15.09596686 0.60326506 12.51188562 21.0 0.63607127 3.794528895
7 13.04386036 11.428571 14 66.86798 21.0 13.83598184 18.50538896 0.6219257 14.87749168 28.0 0.61320842 4.932418736
8 15.24539749 13.5 16 109.29668 28.0 15.8788822 21.89641515 0.63469752 17.24948851 36.0 0.59715906 6.080200171
10 19.5257867 17.6 20 264.85481 45.0 19.93279776 28.66556896 0.6511539 22.0113625 55.0 0.5759986 8.39956363
12 23.70097119 21.666667 24 590.69598 66.0 23.9622182 35.44417566 0.66143982 26.79319768 78.0 0.56249737 10.74525336
15 29.85105854 27.733333 30 1798.5767 105.0 29.98390877 45.64685076 0.67139026 33.99427515 120.0 0.54923511 14.30186389
17 33.9071003 31.764706 34 3643.6645 136.0 33.99087521 52.47145152 0.6760143 38.80942424 153.0 0.54300467 16.69244779
20 39.9548635 37.8 40 10172.137 190.0 39.99611023 62.73768041 0.68121231 46.04855136 210.0 0.53594978 20.3003982
30 59.99638106 57.866667 60 273531.95 435.0 59.99978084 97.14219105 0.69117435 70.27328968 465.0 0.52227801 32.45205901
50 99.99998379 97.92 100 1.6351194e+8 1225.0 99.99999939 166.4183484 0.69955236 118.9463133 1275.0 0.5106265 57.04499073
100 200.0 197.96 200 1.0639727e+15 4950.0 200.0 340.6438584 0.70643827 241.0995216 5050.0 0.50094497 119.1187099

Table 1 (fold: bounds)
| d | kappa_1 | kappa_f | 2d - kappa_f |
|---|---|---|---|
| 3 | 2.66666666667 | 3.2327088362698 | 2.76729 |
| 5 | 7.2 | 8.4315508759981 | 1.56845 |
| 17 | 31.7647058824 | 33.907100295951 | 0.0928997 |
| 100 | 197.96 | 199.99999999999 | 9.6807e-12 |

Table 2 (fold: radius and multiplier)
| d | M_d(kappa_f) | d(d-1)/2 | b_d(kappa_f) | lambda_min |
|---|---|---|---|---|
| 3 | 4.0410906 | 3.0 | 0.301630225423 | 5.3587282768762 |
| 5 | 21.107032 | 10.0 | 0.43508469636 | 9.6895511914568 |
| 17 | 3643.6645 | 136.0 | 0.498767685262 | 33.990875208891 |
| 100 | 1.0639727e+15 | 4950.0 | 0.5 | 200.0 |

Table 3 (contact)
| d | kappa_c | b_c | lambda_c | lambda_0,d |
|---|---|---|---|---|
| 3 | 4.3442853031 | 0.400331536002 | 5.42585945949 | 6.0 |
| 5 | 11.6440880518 | 0.573491039097 | 10.1519354776 | 15.0 |
| 17 | 52.4714515166 | 0.676014299873 | 38.8094242433 | 153.0 |
| 100 | 340.64385837 | 0.706438271107 | 241.099521574 | 5050.0 |

Table 4 (contact point of the rate-distortion function)
| d | D_c | R_c | lambda_c/d |
|---|---|---|---|
| 3 | 0.559823107522 | 0.579718136073 | 1.8086198 |
| 5 | 0.53688642246 | 2.67111206245 | 2.0303871 |
| 17 | 0.511063215405 | 16.6924477931 | 2.2829073 |
| 100 | 0.495935519424 | 119.118709893 | 2.4109952 |

wrote chain_values_50digits.txt
