recursion exact: True
d | q_2d>g_2d | q_2d+1>g_2d+1 | central-term bound n=2d+1: C(4d-2,2d-1)/C(4d-2,d-2) > g_2d+1 | (5/3)^(floor(d/2)+1) > g_2d+1 | (5/3)^(floor(d/2)+1) > 9d^2
3 True False False False False False  sign chat_{2d+1}: +
4 True False False False False False  sign chat_{2d+1}: +
5 True True False False False False  sign chat_{2d+1}: -
6 True True False False False False  sign chat_{2d+1}: -
7 True True False False False False  sign chat_{2d+1}: -
8 True True False False False False  sign chat_{2d+1}: -
9 True True False False False False  sign chat_{2d+1}: -
10 True True False True False False  sign chat_{2d+1}: -
11 True True True True False False  sign chat_{2d+1}: -
12 True True True True False False  sign chat_{2d+1}: -
13 True True True True False False  sign chat_{2d+1}: -
14 True True True True False False  sign chat_{2d+1}: -
15 True True True True False False  sign chat_{2d+1}: -
16 True True True True False False  sign chat_{2d+1}: -
17 True True True True False False  sign chat_{2d+1}: -
18 True True True True False False  sign chat_{2d+1}: -
19 True True True True False False  sign chat_{2d+1}: -
20 True True True True False False  sign chat_{2d+1}: -
21 True True True True False False  sign chat_{2d+1}: -
22 True True True True False False  sign chat_{2d+1}: -
23 True True True True False False  sign chat_{2d+1}: -
24 True True True True False False  sign chat_{2d+1}: -
25 True True True True False False  sign chat_{2d+1}: -
26 True True True True False False  sign chat_{2d+1}: -
27 True True True True False False  sign chat_{2d+1}: -
28 True True True True False False  sign chat_{2d+1}: -
29 True True True True False False  sign chat_{2d+1}: -
30 True True True True False False  sign chat_{2d+1}: -
31 True True True True False False  sign chat_{2d+1}: -
32 True True True True False False  sign chat_{2d+1}: -
33 True True True True False False  sign chat_{2d+1}: -
34 True True True True True False  sign chat_{2d+1}: -
35 True True True True False False  sign chat_{2d+1}: -
36 True True True True True True  sign chat_{2d+1}: -
37 True True True True True True  sign chat_{2d+1}: -
38 True True True True True True  sign chat_{2d+1}: -
39 True True True True True True  sign chat_{2d+1}: -
40 True True True True True True  sign chat_{2d+1}: -
41 True True True True True True  sign chat_{2d+1}: -
42 True True True True True True  sign chat_{2d+1}: -
43 True True True True True True  sign chat_{2d+1}: -
44 True True True True True True  sign chat_{2d+1}: -
45 True True True True True True  sign chat_{2d+1}: -
46 True True True True True True  sign chat_{2d+1}: -
47 True True True True True True  sign chat_{2d+1}: -
48 True True True True True True  sign chat_{2d+1}: -
49 True True True True True True  sign chat_{2d+1}: -
50 True True True True True True  sign chat_{2d+1}: -
51 True True True True True True  sign chat_{2d+1}: -
52 True True True True True True  sign chat_{2d+1}: -
53 True True True True True True  sign chat_{2d+1}: -
54 True True True True True True  sign chat_{2d+1}: -
55 True True True True True True  sign chat_{2d+1}: -
56 True True True True True True  sign chat_{2d+1}: -
57 True True True True True True  sign chat_{2d+1}: -
58 True True True True True True  sign chat_{2d+1}: -
59 True True True True True True  sign chat_{2d+1}: -
60 True True True True True True  sign chat_{2d+1}: -
