q=2 k=0.7: 1F2 vs evenpart diff=0.0 ode2=0.0 ode3=1.97e-31
q=2 k=3.0: 1F2 vs evenpart diff=0.0 ode2=0.0 ode3=0.0
q=2 k=11.0: 1F2 vs evenpart diff=-5.05e-29 ode2=0.0 ode3=-3.23e-27
q=4 k=0.7: 1F2 vs evenpart diff=0.0 ode2=0.0 ode3=0.0
q=4 k=3.0: 1F2 vs evenpart diff=0.0 ode2=0.0 ode3=0.0
q=4 k=11.0: 1F2 vs evenpart diff=6.31e-30 ode2=0.0 ode3=4.04e-28
q=7 k=0.7: 1F2 vs evenpart diff=0.0 ode2=0.0 ode3=1.97e-31
q=7 k=3.0: 1F2 vs evenpart diff=-1.97e-31 ode2=-6.31e-30 ode3=7.89e-31
q=7 k=11.0: 1F2 vs evenpart diff=-7.89e-31 ode2=0.0 ode3=-2.52e-29
q=2 k=1.0: identity residual=3.7e-32
q=2 k=5.0: identity residual=1.28e-30
q=2 k=20.0: identity residual=-4.73e-30
q=4 k=1.0: identity residual=1.02e-31
q=4 k=5.0: identity residual=-4.31e-31
q=4 k=20.0: identity residual=3.55e-30
q=10 k=1.0: identity residual=-2.88e-31
q=10 k=5.0: identity residual=2.34e-31
q=10 k=20.0: identity residual=3.82e-31
q=1: H zeros=[], Delta sign changes=[], Delta min=1.75e-7, D(0+)=1.75e-7, D(inf)=2.933
q=2: H zeros=[], Delta sign changes=[], Delta min=4.05e-8, D(0+)=4.05e-8, D(inf)=2.867
q=3: H zeros=[], Delta sign changes=[], Delta min=5.775e-9, D(0+)=5.775e-9, D(inf)=2.82
q=4: H zeros=['4.415714051'], Delta sign changes=['4.1619101'], Delta min=-0.017091, D(0+)=-5.943e-9, D(inf)=2.785
q=5: H zeros=['7.613543394'], Delta sign changes=['7.2901445'], Delta min=-0.073303, D(0+)=-1.033e-8, D(inf)=2.758
q=10: H zeros=['19.37353191'], Delta sign changes=['18.991063'], Delta min=-0.3389, D(0+)=-1.14e-8, D(inf)=2.68
q=30: H zeros=['59.99529121'], Delta sign changes=['59.597519'], Delta min=-0.79687, D(0+)=-5.28e-9, D(inf)=2.599
=== 0F1(;c;k^2/4) small c ===
c=0.1: max m=1.70024, m monotone=False, min H=0.0216825, m(40)=1.01021
c=0.3: max m=1.12587, m monotone=False, min H=0.00210612, m(40)=1.00509
c=0.5: max m=1.0, m monotone=False, min H=0.000661366, m(40)=1.0
c=1.0: max m=0.987388, m monotone=True, min H=0.000124584, m(40)=0.987388
c=1.5: max m=0.974937, m monotone=True, min H=4.43599e-5, m(40)=0.974937
