T1 Riccati residual: 0
T1 H: 0
lambda' check: 0
F'=H: 0
G'' at stationary (raw): kap*(-R2*b + kap*Derivative(K(kap), (kap, 2)))/b**2
Psi': 0
den at Psi: 0
Delta: -(a - c*m)*(c + 1)*(2*m - 1)/(c*m**2*(m - 1)**2)  claim diff: 0
dG/dk: (a - c*m)/(a - c*m - kappa*m**2 + kappa*m)**2
Psi(1/2) = -2*(2*a - c)*(c + 1)/c  claim 2(c+1)(c-2a)/c
Psi(m_u) = c*(a + 1)
[k^0,k^1] H: 0 0
[k^2] H = -a*(a - c)*(2*a - c)/(c**3*(c + 1)*(c + 2))
[k^3] H = 2*a*(a - c)*(5*a**2*c + 6*a**2 - 5*a*c**2 - 6*a*c + c**3 + c**2)/(c**4*(c + 1)**2*(c + 2)*(c + 3))
[k^3] H at c=2a: 1/(8*(2*a + 1)**2*(2*a + 3))
mu3 = 2*a*(a - c)*(2*a - c)/(c**3*(c + 1)*(c + 2))  check -mu3/2 - c2 = 0
v = -a*(a - c)/(c**2*(c + 1))  lambda0 = R2/(2v) = c*(c + 1)/(2*a)
0F1 ODE in kappa (should be k*(z W2 + c W1 - W0) form): kappa*(-4*W0 + 4*c*Subs(Derivative(w(_xi_1), _xi_1), _xi_1, kappa**2/4) + kappa**2*Subs(Derivative(w(_xi_1), (_xi_1, 2)), _xi_1, kappa**2/4))/4
Kummer 2nd thm residual (series to k^10): O(kappa**11)
2nd order: 0
3rd order: 0
T7 identity residual (symbolic q): 0
 q= 2 0
 q= 3 0
weight check: 0
u^2 k J claim residual: 0
u^2 k J = kappa**2*(s**2 - 1) + kappa*(2*q*s*u + s) + q**2*u**2 - q**2*u + 2*q*u - 2*q
