=== (6) independent grid ===
a=0.3 c=-0.4: SKIP (c<=a)
a=0.3 c=0.50 nH=0 nF=0 pred=0 kf=[] kc=[] m_f=[] lb=None ub=0.65 Hmin=6.272e-11 OK
a=0.3 c=0.70 nH=1 nF=1 pred=1 kf=['0.66830848'] kc=['0.89188667'] m_f=['0.526574'] lb=0.4857142857142856 ub=0.9099999999999999 Hmin=-0.0005172 OK
a=0.3 c=1.60 nH=1 nF=1 pred=1 kf=['4.441372'] kc=['6.0791619'] m_f=['0.598112'] lb=3.25 ub=2.08 Hmin=-0.05744 OK
a=0.3 c=10.60 nH=1 nF=1 pred=1 kf=['24.855718'] kc=['39.941444'] m_f=['0.557019'] lb=21.88679245283019 ub=13.78 Hmin=-0.4275 OK
a=0.3 c=40.60 nH=1 nF=1 pred=1 kf=['84.17659'] kc=['146.54053'] m_f=['0.51292'] lb=81.9704433497537 ub=52.78 Hmin=-0.7067 OK
a=0.7 c=0.3999999999999999: SKIP (c<=a)
a=0.7 c=1.30 nH=0 nF=0 pred=0 kf=[] kc=[] m_f=[] lb=None ub=2.2099999999999995 Hmin=1.863e-11 OK
a=0.7 c=1.50 nH=1 nF=1 pred=1 kf=['0.42883636'] kc=['0.57191811'] m_f=['0.509535'] lb=0.33333333333333365 ub=2.55 Hmin=-5.197e-5 OK
a=0.7 c=2.40 nH=1 nF=1 pred=1 kf=['3.5463404'] kc=['4.7842915'] m_f=['0.549836'] lb=2.8333333333333335 ub=4.08 Hmin=-0.01405 OK
a=0.7 c=11.40 nH=1 nF=1 pred=1 kf=['24.047066'] kc=['36.763836'] m_f=['0.542689'] lb=21.75438596491228 ub=19.38 Hmin=-0.2405 OK
a=0.7 c=41.40 nH=1 nF=1 pred=1 kf=['84.072296'] kc=['141.24439'] m_f=['0.512317'] lb=81.93236714975846 ub=70.38 Hmin=-0.4861 OK
a=1 c=1: SKIP (c<=a)
a=1 c=1.90 nH=0 nF=0 pred=0 kf=[] kc=[] m_f=[] lb=None ub=3.8 Hmin=1.115e-11 OK
a=1 c=2.10 nH=1 nF=1 pred=1 kf=['0.36734102'] kc=['0.48985415'] m_f=['0.505811'] lb=0.29523809523809547 ub=4.2 Hmin=-1.874e-5 OK
a=1 c=3.00 nH=1 nF=1 pred=1 kf=['3.2327088'] kc=['4.3442853'] m_f=['0.53442'] lb=2.6666666666666665 ub=6 Hmin=-0.006807 OK
a=1 c=12.00 nH=1 nF=1 pred=1 kf=['23.700971'] kc=['35.444176'] m_f=['0.53667'] lb=21.666666666666668 ub=24 Hmin=-0.1778 OK
a=1 c=42.00 nH=1 nF=1 pred=1 kf=['83.999853'] kc=['138.65752'] m_f=['0.511904'] lb=81.9047619047619 ub=84 Hmin=-0.4061 OK
a=2.5 c=4.00 nH=0 nF=0 pred=0 kf=[] kc=[] m_f=[] lb=None ub=14.0 Hmin=3.828e-11 OK
a=2.5 c=4.90 nH=0 nF=0 pred=0 kf=[] kc=[] m_f=[] lb=None ub=17.150000000000002 Hmin=3.129e-12 OK
a=2.5 c=5.10 nH=1 nF=1 pred=1 kf=['0.27291349'] kc=['0.3638959'] m_f=['0.501381'] lb=0.23921568627450895 ub=17.849999999999998 Hmin=-1.247e-6 OK
a=2.5 c=6.00 nH=1 nF=1 pred=1 kf=['2.6282208'] kc=['3.5126652'] m_f=['0.51049'] lb=2.3333333333333335 ub=21.0 Hmin=-0.0007726 OK
a=2.5 c=15.00 nH=1 nF=1 pred=1 kf=['22.751809'] kc=['32.283636'] m_f=['0.521506'] lb=21.333333333333332 ub=52.5 Hmin=-0.06496 OK
a=2.5 c=45.00 nH=1 nF=1 pred=1 kf=['83.684326'] kc=['130.97186'] m_f=['0.510173'] lb=81.77777777777777 ub=157.5 Hmin=-0.2326 OK
a=4 c=7.00 nH=0 nF=0 pred=0 kf=[] kc=[] m_f=[] lb=None ub=35 Hmin=1.944e-11 OK
a=4 c=7.90 nH=0 nF=0 pred=0 kf=[] kc=[] m_f=[] lb=None ub=39.5 Hmin=1.708e-12 OK
a=4 c=8.10 nH=1 nF=1 pred=1 kf=['0.24693917'] kc=['0.32925688'] m_f=['0.500611'] lb=0.22469135802469056 ub=40.5 Hmin=-3.029e-7 OK
a=4 c=9.00 nH=1 nF=1 pred=1 kf=['2.4250386'] kc=['3.2372295'] m_f=['0.505064'] lb=2.2222222222222223 ub=45 Hmin=-0.0002215 OK
a=4 c=18.00 nH=1 nF=1 pred=1 kf=['22.242538'] kc=['30.894544'] m_f=['0.514636'] lb=21.11111111111111 ub=90 Hmin=-0.03293 OK
a=4 c=48.00 nH=1 nF=1 pred=1 kf=['83.423964'] kc=['126.61377'] m_f=['0.508833'] lb=81.66666666666667 ub=240 Hmin=-0.1611 OK
=== boundary c=2a ===
a=1 c=2: nH=0 nF=0 Hmin over grid=2.77778e-15 H(inf)=0.48 1-mu=0.5
   k=0.01: H=2.7777646e-9 cubic pred=2.7777778e-9 ratio=0.99999524
   k=0.1: H=2.7764555e-6 cubic pred=2.7777778e-6 ratio=0.99952399
a=2 c=4: nH=0 nF=0 Hmin over grid=1.96e-15 H(inf)=0.471741 1-mu=0.5
   k=0.01: H=7.1428413e-10 cubic pred=7.1428571e-10 ratio=0.99999778
   k=0.1: H=7.1412701e-7 cubic pred=7.1428571e-7 ratio=0.99977782
a=0.5 c=1: nH=0 nF=0 Hmin over grid=4.0e-15 H(inf)=0.487379 1-mu=0.5
   k=0.01: H=7.8124349e-9 cubic pred=7.8125e-9 ratio=0.99999167
   k=0.1: H=7.8059938e-6 cubic pred=7.8125e-6 ratio=0.9991672
a=3 c=6: nH=0 nF=0 Hmin over grid=1.65306e-15 H(inf)=0.46723 1-mu=0.5
   k=0.01: H=2.8344634e-10 cubic pred=2.8344671e-10 ratio=0.9999987
   k=0.1: H=2.834099e-7 cubic pred=2.8344671e-7 ratio=0.99987014
a=0.3 c=0.6: nH=0 nF=0 Hmin over grid=5.0625e-15 H(inf)=0.49154 1-mu=0.5
   k=0.01: H=1.3563217e-8 cubic pred=1.3563368e-8 ratio=0.99998884
   k=0.1: H=1.3548243e-5 cubic pred=1.3563368e-5 ratio=0.99888488
a=10 c=20: nH=0 nF=0 Hmin over grid=1.19955e-15 H(inf)=0.457804 1-mu=0.5
   k=0.01: H=1.2323768e-11 cubic pred=1.232377e-11 ratio=0.99999981
   k=0.1: H=1.2323535e-8 cubic pred=1.232377e-8 ratio=0.99998095
=== c slightly above 2a ===
a=0.5 c=1.001: nH=1 kf=['0.0053302262'] lb=0.003998001998001557 m_f=['0.500166']
a=0.5 c=1.01: nH=1 kf=['0.053026111'] lb=0.03980198019801984 m_f=['0.501645']
a=1 c=2.001: nH=1 kf=['0.003749188'] lb=0.002999500249874732 m_f=['0.500062']
a=1 c=2.01: nH=1 kf=['0.037419246'] lb=0.029950248756218267 m_f=['0.50062']
a=3 c=6.001: nH=1 kf=['0.0026249011'] lb=0.0023332777870362733 m_f=['0.50001']
a=3 c=6.01: nH=1 kf=['0.026240123'] lb=0.023327787021630117 m_f=['0.500104']
=== T3 counterexample a=1/2,c=2 and bound checks ===
a=0.5 c=2: kf=3.8790099 c(a+1)=3.0 ratio=1.293 m_f=0.56738 m_u=0.5 lb=3.0 kc=5.2584279
a=0.5 c=1.5: kf=2.178288 c(a+1)=2.25 ratio=0.9681 m_f=0.549065 m_u=0.5555555555555556 lb=1.6666666666666667 kc=2.9226266
a=0.5 c=3: kf=6.7429562 c(a+1)=4.5 ratio=1.498 m_f=0.577878 m_u=0.4444444444444444 lb=5.333333333333333 kc=9.3408451
a=0.25 c=1: kf=2.8008995 c(a+1)=1.25 ratio=2.241 m_f=0.589016 m_u=0.4 lb=2.0 kc=3.7854219
a=0.5 c=10: kf=22.328044 c(a+1)=15.0 ratio=1.489 m_f=0.551973 m_u=0.36666666666666664 lb=19.8 kc=34.500559
a=1 c=3: kf=3.2327088 c(a+1)=6 ratio=0.5388 m_f=0.53442 m_u=0.6666666666666666 lb=2.6666666666666665 kc=4.3442853
a=2 c=6: kf=5.277113 c(a+1)=18 ratio=0.2932 m_f=0.521455 m_u=0.7777777777777778 lb=4.666666666666667 kc=7.1066013
a=5 c=65: kf=113.45497 c(a+1)=390 ratio=0.2909 m_f=0.506602 m_u=0.8461538461538461 lb=111.6923076923077 kc=173.42648
=== kappa(1-m) - (c-a) sup ===
a=0.25: sup = 2.45823
a=0.5: sup = 1.1519
a=0.75: sup = 0.405674
a=1: sup = 1.46728e-28
a=2: sup = -0.00050025
