d=2: LR>0 criterion == Fulton recursion for all r (counts [3])
d=3: LR>0 criterion == Fulton recursion for all r (counts [6, 6])
d=4: LR>0 criterion == Fulton recursion for all r (counts [10, 21, 10])
d=5: LR>0 criterion == Fulton recursion for all r (counts [15, 56, 56, 15])
d=6: LR>0 criterion == Fulton recursion for all r (counts [21, 126, 228, 126, 21])
d=7: LR>0 criterion == Fulton recursion for all r (counts [28, 252, 751, 751, 252, 28])
d=6: shifted-pair triples i=2..2: partitions (lam,mu,nu)=(((i-1)^(r-1),i-2),(1),((i-1)^r)), all c=1
d=7: shifted-pair triples i=2..3: partitions (lam,mu,nu)=(((i-1)^(r-1),i-2),(1),((i-1)^r)), all c=1
d=8: shifted-pair triples i=2..4: partitions (lam,mu,nu)=(((i-1)^(r-1),i-2),(1),((i-1)^r)), all c=1
d=9: shifted-pair triples i=2..5: partitions (lam,mu,nu)=(((i-1)^(r-1),i-2),(1),((i-1)^r)), all c=1
d=10: shifted-pair triples i=2..6: partitions (lam,mu,nu)=(((i-1)^(r-1),i-2),(1),((i-1)^r)), all c=1
d=11: shifted-pair triples i=2..7: partitions (lam,mu,nu)=(((i-1)^(r-1),i-2),(1),((i-1)^r)), all c=1
d=12: shifted-pair triples i=2..8: partitions (lam,mu,nu)=(((i-1)^(r-1),i-2),(1),((i-1)^r)), all c=1
PART1 m=2: all forms certified for z in (0, 1, 2) (triples so far 15)
PART1 m=3: all forms certified for z in (0, 1, 2) (triples so far 51)
PART1 m=4: all forms certified for z in (0, 1, 2) (triples so far 105)
PART1 m=5: all forms certified for z in (0, 1, 2) (triples so far 192)
PART1 m=6: all forms certified for z in (0, 1, 2) (triples so far 309)
PART1 m=7: all forms certified for z in (0, 1, 2) (triples so far 471)
PART1 m=8: all forms certified for z in (0, 1, 2) (triples so far 675)
PART2 m=2: 400 exact points: feasible(layering X) <=> region(X); argmax layering feasible; chambers OK
PART2 m=3: 400 exact points: feasible(layering X) <=> region(X); argmax layering feasible; chambers OK
PART2 m=4: 400 exact points: feasible(layering X) <=> region(X); argmax layering feasible; chambers OK
PART2 m=5: 400 exact points: feasible(layering X) <=> region(X); argmax layering feasible; chambers OK
PART2 m=6: 400 exact points: feasible(layering X) <=> region(X); argmax layering feasible; chambers OK
PART2 m=7: 400 exact points: feasible(layering X) <=> region(X); argmax layering feasible; chambers OK
PART2 m=8: 400 exact points: feasible(layering X) <=> region(X); argmax layering feasible; chambers OK
PART2b m=2: explicit C built at 60 points: max residual ||CC*-C*C-2F||, |cost-Phi| = 2.4e-15; rank C = m
PART2b m=3: explicit C built at 60 points: max residual ||CC*-C*C-2F||, |cost-Phi| = 2.1e-15; rank C = m
PART2b m=4: explicit C built at 60 points: max residual ||CC*-C*C-2F||, |cost-Phi| = 3.6e-14; rank C = m
PART2b m=5: explicit C built at 60 points: max residual ||CC*-C*C-2F||, |cost-Phi| = 1.9e-14; rank C = m
PART2b m=6: explicit C built at 60 points: max residual ||CC*-C*C-2F||, |cost-Phi| = 1.2e-14; rank C = m
PART2b m=7: explicit C built at 60 points: max residual ||CC*-C*C-2F||, |cost-Phi| = 1.8e-08; rank C = m
PART2b m=8: explicit C built at 60 points: max residual ||CC*-C*C-2F||, |cost-Phi| = 2.0e-08; rank C = m
PART3: Phi equals the published d=4 (3M Thm 3.1) and d=5 (37B Thm 3.1) formulas on 3000 exact stratum points each
PART3: one-spike limit b2 = 0 gives Phi = F_{m-1} = sum_j j a_j for m <= 8
ALL CHECKS PASSED
