(m,n,z)=(5,4,0) d=9: 39716 triples; N=60; max|HornLP-hive|=2.2e-15; B_min histogram {0: 35, 1: 1, 2: 9, 3: 14, 4: 1}; by law {exp:{0: 9, 2: 1, 3: 2}, unif:{0: 9, 1: 1, 2: 2}, sq:{0: 7, 2: 4, 4: 1}, tie:{0: 10, 2: 2}, dom:{3: 12}}; max box in the returned dual certificate: {0: 34, 1: 1, 2: 8, 3: 15, 4: 1, 5: 1}; lambda(K) rectangle among active non-LW tiles: {False: 37, True: 1}; 26s
   most frequent active non-LW shapes (lI, lJ, lK): count
      ((3,), (6,), (6, 3)) 12
      ((1, 1, 1), (3, 3), (3, 3, 1, 1, 1)) 12
      ((2, 2, 2, 2), (2,), (4, 2, 2, 2)) 2
      ((1, 1, 1, 1), (2,), (2, 1, 1, 1, 1)) 2
      ((1, 1), (4,), (4, 1, 1)) 2
      ((1, 1, 1, 1, 1, 1), (1, 1), (2, 2, 1, 1, 1, 1)) 1
      ((1, 1, 1, 1, 1, 1), (1,), (2, 1, 1, 1, 1, 1)) 1
      ((2, 2), (5,), (5, 2, 2)) 1
      ((1, 1, 1), (3,), (4, 1, 1)) 1
      ((1, 1, 1), (1, 1, 1), (2, 2, 1, 1)) 1
      ((1, 1, 1), (4,), (4, 1, 1, 1)) 1
      ((2, 2), (2,), (2, 2, 2)) 1
(m,n,z)=(4,4,1) d=9: 39716 triples; N=60; max|HornLP-hive|=8.9e-16; B_min histogram {0: 28, 1: 7, 2: 25}; by law {exp:{0: 10, 1: 2}, unif:{0: 9, 1: 3}, sq:{0: 5, 1: 1, 2: 6}, tie:{0: 4, 1: 1, 2: 7}, dom:{2: 12}}; max box in the returned dual certificate: {0: 28, 1: 5, 2: 4, 3: 17, 4: 6}; lambda(K) rectangle among active non-LW tiles: {False: 32}; 24s
   most frequent active non-LW shapes (lI, lJ, lK): count
      ((1, 1, 1), (3, 3), (3, 3, 1, 1, 1)) 12
      ((1, 1, 1, 1), (2, 2), (3, 3, 1, 1)) 3
      ((1,), (5,), (5, 1)) 3
      ((2, 2), (5,), (5, 2, 2)) 2
      ((1,), (4,), (4, 1)) 2
      ((1, 1, 1), (4, 3), (4, 4, 1, 1)) 2
      ((1, 1, 1, 1), (3,), (4, 1, 1, 1)) 2
      ((1, 1), (5,), (5, 1, 1)) 2
      ((1, 1), (4,), (5, 1)) 1
      ((1, 1, 1, 1, 1), (2, 2), (3, 2, 1, 1, 1, 1)) 1
      ((1, 1, 1), (2,), (3, 1, 1)) 1
      ((2, 1), (3,), (4, 2)) 1
(m,n,z)=(4,5,0) d=9: 39716 triples; N=60; max|HornLP-hive|=3.6e-15; B_min histogram {0: 29, 1: 9, 2: 21, 3: 1}; by law {exp:{0: 10, 2: 2}, unif:{0: 6, 1: 3, 2: 3}, sq:{0: 8, 1: 1, 2: 2, 3: 1}, tie:{0: 5, 1: 5, 2: 2}, dom:{2: 12}}; max box in the returned dual certificate: {0: 29, 1: 7, 2: 19, 3: 4, 4: 1}; lambda(K) rectangle among active non-LW tiles: {False: 28, True: 3}; 28s
   most frequent active non-LW shapes (lI, lJ, lK): count
      ((1, 1), (3, 3, 3), (3, 3, 3, 1, 1)) 12
      ((1, 1), (5,), (5, 1, 1)) 3
      ((1,), (4, 4), (4, 4, 1)) 3
      ((1, 1, 1, 1), (2,), (3, 1, 1, 1)) 2
      ((1,), (3,), (4,)) 2
      ((3,), (4,), (6, 1)) 1
      ((1, 1, 1, 1), (3,), (4, 1, 1, 1)) 1
      ((2,), (3,), (5,)) 1
      ((1, 1), (1,), (2, 1)) 1
      ((1, 1), (4,), (5, 1)) 1
      ((2, 2, 1), (2, 1), (3, 2, 1, 1, 1)) 1
      ((1,), (6,), (6, 1)) 1
(m,n,z)=(6,3,0) d=9: 39716 triples; N=60; max|HornLP-hive|=1.3e-15; B_min histogram {0: 39, 1: 9, 3: 12}; by law {exp:{0: 10, 1: 2}, unif:{0: 12}, sq:{0: 10, 1: 2}, tie:{0: 7, 1: 5}, dom:{3: 12}}; max box in the returned dual certificate: {0: 36, 1: 9, 2: 3, 3: 12}; lambda(K) rectangle among active non-LW tiles: {False: 22, True: 5}; 29s
   most frequent active non-LW shapes (lI, lJ, lK): count
      ((1, 1, 1, 1), (3,), (3, 1, 1, 1, 1)) 12
      ((1, 1, 1, 1, 1, 1), (1,), (2, 1, 1, 1, 1, 1)) 3
      ((4, 4, 4), (1,), (5, 4, 4)) 2
      ((3, 3, 2), (1,), (3, 3, 3)) 2
      ((2, 2, 2), (1,), (3, 2, 2)) 2
      ((1, 1, 1, 1), (1,), (1, 1, 1, 1, 1)) 1
      ((4, 2), (2,), (4, 4)) 1
      ((1, 1, 1, 1, 1, 1), (1, 1), (2, 1, 1, 1, 1, 1, 1)) 1
      ((2, 2, 2, 2, 2), (1,), (3, 2, 2, 2, 2)) 1
      ((1, 1, 1), (1, 1), (2, 2, 1)) 1
      ((3, 3, 1), (2,), (3, 3, 3)) 1
(m,n,z)=(5,3,1) d=9: 39716 triples; N=60; max|HornLP-hive|=8.9e-16; B_min histogram {0: 36, 1: 5, 2: 5, 3: 14}; by law {exp:{0: 10, 3: 2}, unif:{0: 12}, sq:{0: 11, 1: 1}, tie:{0: 3, 1: 4, 2: 5}, dom:{3: 12}}; max box in the returned dual certificate: {0: 32, 1: 4, 2: 7, 3: 15, 4: 2}; lambda(K) rectangle among active non-LW tiles: {True: 8, False: 20}; 38s
   most frequent active non-LW shapes (lI, lJ, lK): count
      ((1, 1, 1, 1), (3,), (3, 1, 1, 1, 1)) 14
      ((2, 2, 2, 1), (1,), (2, 2, 2, 2)) 3
      ((2, 2, 2), (2,), (2, 2, 2, 2)) 2
      ((1, 1, 1), (1, 1), (1, 1, 1, 1, 1)) 2
      ((2, 2, 1), (2,), (2, 2, 2, 1)) 1
      ((2, 2, 2, 2), (1,), (3, 2, 2, 2)) 1
      ((3, 1), (2,), (3, 3)) 1
      ((2, 2, 1, 1, 1), (2, 1), (3, 2, 2, 2, 1)) 1
      ((1, 1, 1, 1, 1), (1, 1, 1, 1), (2, 2, 1, 1, 1, 1, 1)) 1
      ((2, 2, 2, 2), (2,), (4, 2, 2, 2)) 1
      ((2, 2, 2, 2), (2, 2), (4, 2, 2, 2, 2)) 1
(m,n,z)=(4,3,2) d=9: 39716 triples; N=60; max|HornLP-hive|=4.4e-16; B_min histogram {0: 36, 1: 10, 2: 14}; by law {exp:{0: 10, 2: 2}, unif:{0: 10, 1: 2}, sq:{0: 9, 1: 3}, tie:{0: 7, 1: 5}, dom:{2: 12}}; max box in the returned dual certificate: {0: 30, 1: 7, 2: 6, 3: 14, 4: 2, 5: 1}; lambda(K) rectangle among active non-LW tiles: {False: 30}; 27s
   most frequent active non-LW shapes (lI, lJ, lK): count
      ((1, 1, 1, 1), (3,), (3, 1, 1, 1, 1)) 13
      ((2, 1, 1, 1, 1), (1,), (2, 2, 1, 1, 1)) 4
      ((2, 1, 1, 1, 1), (2,), (3, 2, 1, 1, 1)) 2
      ((1, 1, 1), (2,), (2, 1, 1, 1)) 2
      ((2, 1, 1, 1), (1,), (2, 2, 1, 1)) 2
      ((1, 1, 1, 1, 1, 1), (1,), (2, 1, 1, 1, 1, 1)) 1
      ((2, 2, 1), (4, 3), (5, 3, 2, 2)) 1
      ((2, 1, 1, 1), (2,), (2, 2, 1, 1, 1)) 1
      ((1, 1, 1, 1), (1, 1), (2, 1, 1, 1, 1)) 1
      ((1, 1, 1, 1), (3, 2), (4, 2, 1, 1, 1)) 1
      ((2, 2, 2), (3,), (5, 2, 2)) 1
      ((2, 1, 1), (4,), (4, 2, 1, 1)) 1
(m,n,z)=(3,3,3) d=9: 39716 triples; N=60; max|HornLP-hive|=1.6e-15; B_min histogram {0: 43, 1: 17}; by law {exp:{0: 10, 1: 2}, unif:{0: 11, 1: 1}, sq:{0: 11, 1: 1}, tie:{0: 11, 1: 1}, dom:{1: 12}}; max box in the returned dual certificate: {0: 43, 1: 12, 2: 1, 3: 2, 4: 2}; lambda(K) rectangle among active non-LW tiles: {False: 16, True: 1}; 19s
   most frequent active non-LW shapes (lI, lJ, lK): count
      ((1,), (6,), (6, 1)) 11
      ((1, 1, 1), (4,), (5, 1, 1)) 2
      ((1, 1), (5, 1), (5, 2, 1)) 1
      ((1,), (5,), (6,)) 1
      ((2, 1, 1), (3, 3, 1), (4, 4, 3)) 1
      ((1, 1, 1, 1), (3, 1), (4, 2, 1, 1)) 1
(m,n,z)=(5,2,2) d=9: 39716 triples; N=60; max|HornLP-hive|=1.3e-15; B_min histogram {0: 57, 1: 3}; by law {exp:{0: 11, 1: 1}, unif:{0: 11, 1: 1}, sq:{0: 12}, tie:{0: 11, 1: 1}, dom:{0: 12}}; max box in the returned dual certificate: {0: 41, 1: 12, 2: 6, 3: 1}; lambda(K) rectangle among active non-LW tiles: {False: 15, True: 6}; 21s
   most frequent active non-LW shapes (lI, lJ, lK): count
      ((2, 2, 2, 2), (1,), (3, 2, 2, 2)) 10
      ((1, 1, 1, 1, 1), (1,), (1, 1, 1, 1, 1, 1)) 3
      ((4, 4, 2), (2,), (4, 4, 4)) 2
      ((3, 3, 2), (2,), (4, 3, 3)) 2
      ((3, 2, 2), (2, 1), (4, 3, 3)) 1
      ((1, 1, 1, 1, 1, 1), (1,), (2, 1, 1, 1, 1, 1)) 1
      ((1, 1, 1, 1, 1, 1), (1, 1), (2, 1, 1, 1, 1, 1, 1)) 1
      ((3, 3, 2, 2), (1, 1), (3, 3, 3, 3)) 1
(m,n,z)=(6,2,1) d=9: 39716 triples; N=60; max|HornLP-hive|=2.0e-15; B_min histogram {0: 57, 1: 3}; by law {exp:{0: 11, 1: 1}, unif:{0: 11, 1: 1}, sq:{0: 12}, tie:{0: 11, 1: 1}, dom:{0: 12}}; max box in the returned dual certificate: {0: 51, 1: 5, 2: 3, 3: 1}; lambda(K) rectangle among active non-LW tiles: {True: 7, False: 4}; 19s
   most frequent active non-LW shapes (lI, lJ, lK): count
      ((1, 1, 1, 1, 1), (1,), (1, 1, 1, 1, 1, 1)) 2
      ((4, 4, 3), (1,), (4, 4, 4)) 2
      ((3, 3, 3, 2), (1,), (3, 3, 3, 3)) 1
      ((2, 2, 2, 2, 1), (1,), (2, 2, 2, 2, 2)) 1
      ((4, 2), (2,), (4, 4)) 1
      ((4, 3, 3), (1,), (4, 4, 3)) 1
      ((2, 1, 1, 1, 1), (1, 1, 1), (2, 2, 2, 2, 1)) 1
      ((1, 1, 1, 1, 1, 1), (1, 1), (2, 1, 1, 1, 1, 1, 1)) 1
      ((3, 2, 2, 2), (1, 1), (3, 3, 3, 2)) 1
