== ol_test small ==
(m,n,z)=(3,2,0) d=5: 7 ordered forms (4 family-A); N=300: max(OL-kappa)=8.9e-16 [must be <=0]; kappa=OL at 181/300 (60.3%), kappa=OL_A at 181/300 (60.3%); mean gap 0.0858, max gap 0.4677; by law {exp:46/60, unif:48/60, sq:42/60, tie:45/60, dom:0/60}; under-filled forms (8) exceed kappa at 204 points (max excess 0.4483); 1s
(m,n,z)=(4,2,1) d=7: 9 ordered forms (5 family-A); N=300: max(OL-kappa)=1.1e-15 [must be <=0]; kappa=OL at 193/300 (64.3%), kappa=OL_A at 193/300 (64.3%); mean gap 0.0775, max gap 0.4033; by law {exp:52/60, unif:49/60, sq:48/60, tie:44/60, dom:0/60}; under-filled forms (11) exceed kappa at 202 points (max excess 0.3000); 1s
(m,n,z)=(3,3,0) d=6: 28 ordered forms (8 family-A); N=300: max(OL-kappa)=4.4e-16 [must be <=0]; kappa=OL at 66/300 (22.0%), kappa=OL_A at 66/300 (22.0%); mean gap 0.2126, max gap 0.9198; by law {exp:14/60, unif:17/60, sq:15/60, tie:20/60, dom:0/60}; under-filled forms (43) exceed kappa at 190 points (max excess 0.5488); 2s
(m,n,z)=(3,3,1) d=7: 28 ordered forms (8 family-A); N=300: max(OL-kappa)=1.1e-15 [must be <=0]; kappa=OL at 59/300 (19.7%), kappa=OL_A at 59/300 (19.7%); mean gap 0.2154, max gap 0.9395; by law {exp:16/60, unif:11/60, sq:15/60, tie:17/60, dom:0/60}; under-filled forms (43) exceed kappa at 195 points (max excess 0.5235); 2s
(m,n,z)=(4,3,0) d=7: 43 ordered forms (11 family-A); N=300: max(OL-kappa)=4.4e-16 [must be <=0]; kappa=OL at 116/300 (38.7%), kappa=OL_A at 116/300 (38.7%); mean gap 0.1615, max gap 0.8714; by law {exp:30/60, unif:37/60, sq:29/60, tie:20/60, dom:0/60}; under-filled forms (84) exceed kappa at 232 points (max excess 0.8371); 2s
== interlace_test ==
(m,n,z)=(4,2,0): Theorem 2B: 180 points in the regions R_k (k=1..4, counts {1: 60, 2: 60, 3: 60}): max|cost(L_k)-kappa| = 1.3e-15
   just outside R_k (b_n pushed 5% below tau_n): kappa > cost(L_k) strictly (L_k no longer optimal) at 2/45
   Theorem 2A: 60 aligned-spike points: max|cost-kappa| = 8.9e-16; 2s
(m,n,z)=(5,2,1): Theorem 2B: 240 points in the regions R_k (k=1..5, counts {1: 60, 2: 60, 3: 60, 4: 60}): max|cost(L_k)-kappa| = 1.3e-15
   just outside R_k (b_n pushed 5% below tau_n): kappa > cost(L_k) strictly (L_k no longer optimal) at 2/59
   Theorem 2A: 60 aligned-spike points: max|cost-kappa| = 1.3e-15; 3s
(m,n,z)=(4,3,0): Theorem 2B: 120 points in the regions R_k (k=1..4, counts {1: 60, 2: 60}): max|cost(L_k)-kappa| = 8.9e-16
   just outside R_k (b_n pushed 5% below tau_n): kappa > cost(L_k) strictly (L_k no longer optimal) at 6/29
   Theorem 2A: 60 aligned-spike points: max|cost-kappa| = 6.7e-16; 2s
(m,n,z)=(5,3,0): Theorem 2B: 180 points in the regions R_k (k=1..5, counts {1: 60, 2: 60, 3: 60}): max|cost(L_k)-kappa| = 1.6e-15
   just outside R_k (b_n pushed 5% below tau_n): kappa > cost(L_k) strictly (L_k no longer optimal) at 5/45
   Theorem 2A: 60 aligned-spike points: max|cost-kappa| = 1.1e-15; 3s
(m,n,z)=(5,3,1): Theorem 2B: 180 points in the regions R_k (k=1..5, counts {1: 60, 2: 60, 3: 60}): max|cost(L_k)-kappa| = 1.6e-15
   just outside R_k (b_n pushed 5% below tau_n): kappa > cost(L_k) strictly (L_k no longer optimal) at 7/44
   Theorem 2A: 60 aligned-spike points: max|cost-kappa| = 6.7e-16; 2s
(m,n,z)=(4,4,0): Theorem 2B: 60 points in the regions R_k (k=1..4, counts {1: 60}): max|cost(L_k)-kappa| = 4.4e-16
   just outside R_k (b_n pushed 5% below tau_n): kappa > cost(L_k) strictly (L_k no longer optimal) at 0/14
   Theorem 2A: 60 aligned-spike points: max|cost-kappa| = 5.6e-16; 2s
(m,n,z)=(5,4,0): Theorem 2B: 120 points in the regions R_k (k=1..5, counts {1: 60, 2: 60}): max|cost(L_k)-kappa| = 8.9e-16
   just outside R_k (b_n pushed 5% below tau_n): kappa > cost(L_k) strictly (L_k no longer optimal) at 2/28
   Theorem 2A: 60 aligned-spike points: max|cost-kappa| = 8.9e-16; 2s
(m,n,z)=(6,4,1): Theorem 2B: 180 points in the regions R_k (k=1..6, counts {1: 60, 2: 60, 3: 60}): max|cost(L_k)-kappa| = 2.2e-15
   just outside R_k (b_n pushed 5% below tau_n): kappa > cost(L_k) strictly (L_k no longer optimal) at 5/43
   Theorem 2A: 60 aligned-spike points: max|cost-kappa| = 1.1e-15; 3s
(m,n,z)=(5,5,0): Theorem 2B: 60 points in the regions R_k (k=1..5, counts {1: 60}): max|cost(L_k)-kappa| = 8.9e-16
   just outside R_k (b_n pushed 5% below tau_n): kappa > cost(L_k) strictly (L_k no longer optimal) at 0/13
   Theorem 2A: 40 aligned-spike points: max|cost-kappa| = 5.6e-16; 3s
Non-aligned direct sum (10,1,1,1;13)+(5;5): kappa_7 = 23.000000 vs sum of one-spike costs 24 -> strict subadditivity: True
random two-spike direct sums: additive at 182/200
== pure_chain ==
n=2 m=6: 400 random (layers, sigma): feasible 68; feasible but violating majorization: 0; feasible but violating G1: 0; violating G2: 0; (M and G2) hold at 68 points, of which infeasible: 0; 1s
n=2 m=7: 400 random (layers, sigma): feasible 72; feasible but violating majorization: 0; feasible but violating G1: 0; violating G2: 0; (M and G2) hold at 72 points, of which infeasible: 0; 1s
n=3 m=6: 400 random (layers, sigma): feasible 24; feasible but violating majorization: 0; feasible but violating G1: 13; violating G2: 13; (M and G2) hold at 11 points, of which infeasible: 0; 1s
n=3 m=8: 400 random (layers, sigma): feasible 27; feasible but violating majorization: 0; feasible but violating G1: 14; violating G2: 14; (M and G2) hold at 13 points, of which infeasible: 0; 1s
n=3 m=9: 300 random (layers, sigma): feasible 16; feasible but violating majorization: 0; feasible but violating G1: 10; violating G2: 10; (M and G2) hold at 6 points, of which infeasible: 0; 1s
n=4 m=8: 300 random (layers, sigma): feasible 9; feasible but violating majorization: 0; feasible but violating G1: 7; violating G2: 7; (M and G2) hold at 2 points, of which infeasible: 0; 1s
n=4 m=11: 200 random (layers, sigma): feasible 5; feasible but violating majorization: 0; feasible but violating G1: 5; violating G2: 5; (M and G2) hold at 0 points, of which infeasible: 0; 1s
== d8_example ==
lambda=[ 5.  1.  1.  1. -2. -2. -2. -2.]: kappa=13.000000; raw hive dual gradient [ 2.  -0.5  0.5  1.  -1.5 -0.5 -0.   1. ]; exposed forms of S(4,4,0) attaining kappa here: 2
      [3, 1, 1, 2, -2, -1, 0]  {b3,b4} {b2,a2,a3} {b1,a4} {a1}  chain feasible: True; chain rank bound 5
      [4, 1, 2, 2, -3, -2, -1]  {b4} {b3,a2} {b2,a3,a4} {b1} {a1}  chain feasible: True; chain rank bound 5
   optimal s = [5. 3. 2. 2. 1. 0. 0.]; min s_5..s_7 on the optimal face = [1. 0. 0.] -> minimal optimal rank = 5
   chain (block shift of the level layering) feasible: True; rank bound of that chain sum_t min(|L_(t-1)|,|L_t|) = 5
one-parameter family (4c-3b, b, b, b, -c^4), b=1:
   c=0.8: kappa=4.2000 first tied form [2, 3, 3, 1, -2, -2, -1] min s_5 on the optimal face 0.2000 -> r_* = 5
   c=0.9: kappa=4.1000 first tied form [2, 3, 3, 1, -2, -2, -1] min s_5 on the optimal face 0.1000 -> r_* = 5
   c=1.0: kappa=4.0000 first tied form [-1, -1, 0, 1, 1, 2, 2] min s_5 on the optimal face 0.0000 -> r_* = 4
   c=1.1: kappa=4.9000 first tied form [3, 1, 1, 2, -2, -1, 0] min s_5 on the optimal face 0.1000 -> r_* = 5
   c=1.25: kappa=6.2500 first tied form [3, 1, 1, 2, -2, -1, 0] min s_5 on the optimal face 0.2500 -> r_* = 5
   c=1.5: kappa=8.5000 first tied form [3, 1, 1, 2, -2, -1, 0] min s_5 on the optimal face 0.5000 -> r_* = 5
   c=2.0: kappa=13.0000 first tied form [3, 1, 1, 2, -2, -1, 0] min s_5 on the optimal face 1.0000 -> r_* = 5
   c=3.0: kappa=23.0000 first tied form [4, 1, 2, 2, -3, -2, -1] min s_5 on the optimal face 1.0000 -> r_* = 5
== inv_rule ==
(m,n,z)=(3,3,0): 10 exposed forms; rules satisfied: R1: 10/10, R2: 10/10, R3: 10/10, R4: 10/10, R5: 10/10
(m,n,z)=(3,3,1): 10 exposed forms; rules satisfied: R1: 10/10, R2: 10/10, R3: 10/10, R4: 10/10, R5: 10/10
(m,n,z)=(4,3,0): 19 exposed forms; rules satisfied: R1: 19/19, R2: 18/19, R3: 19/19, R4: 19/19, R5: 19/19
    violates R2: [1, 2, 3, 4, -2, -1] {b3} {b2,a1} {b1,a2} {a3} {a4} a-inv=4 b-inv=3
(m,n,z)=(4,3,1): 18 exposed forms; rules satisfied: R1: 18/18, R2: 18/18, R3: 18/18, R4: 18/18, R5: 18/18
(m,n,z)=(5,3,0): 27 exposed forms; rules satisfied: R1: 27/27, R2: 26/27, R3: 27/27, R4: 27/27, R5: 27/27
    violates R2: [1, 2, 3, 3, 4, -2, -1] {b3} {b2,a1} {b1,a2} {a3,a4} {a5} a-inv=4 b-inv=3
(m,n,z)=(6,3,0): 34 exposed forms; rules satisfied: R1: 34/34, R2: 34/34, R3: 34/34, R4: 34/34, R5: 34/34
(m,n,z)=(5,3,1): 26 exposed forms; rules satisfied: R1: 26/26, R2: 26/26, R3: 26/26, R4: 26/26, R5: 26/26
(m,n,z)=(4,4,0): 32 exposed forms; rules satisfied: R1: 32/32, R2: 32/32, R3: 32/32, R4: 32/32, R5: 32/32
(m,n,z)=(4,4,1): 32 exposed forms; rules satisfied: R1: 32/32, R2: 32/32, R3: 32/32, R4: 32/32, R5: 32/32
(m,n,z)=(5,4,0): 63 exposed forms; rules satisfied: R1: 63/63, R2: 60/63, R3: 63/63, R4: 63/63, R5: 63/63
    violates R2: [0, 1, 1, 2, 3, -1, 0, 1] {b3} {b2,b4,a1} {b1,a2,a3} {a4} {a5} a-inv=5 b-inv=4
    violates R2: [1, 1, 2, 3, 4, -2, -1, 0] {b3,b4} {b2,a1,a2} {b1,a3} {a4} {a5} a-inv=7 b-inv=5
    violates R2: [2, 1, 2, 3, 4, -2, -1, -1] {b4} {b2,b3,a2} {b1,a1,a3} {a4} {a5} a-inv=6 b-inv=5
(m,n,z)=(5,4,1): 62 exposed forms; rules satisfied: R1: 62/62, R2: 62/62, R3: 62/62, R4: 62/62, R5: 62/62
(m,n,z)=(4,5,0): 62 exposed forms; rules satisfied: R1: 62/62, R2: 59/62, R3: 62/62, R4: 62/62, R5: 62/62
    violates R2: [2, 3, 3, 4, -2, -3, -2, -1] {b5} {b4} {b1,b3,a1} {b2,a2,a3} {a4} a-inv=9 b-inv=8
    violates R2: [2, 3, 4, 3, -3, -2, -2, -1] {b5} {b4} {b2,b3,a1} {b1,a2,a4} {a3} a-inv=10 b-inv=9
    violates R2: [2, 3, 4, 4, -3, -3, -2, -1] {b5} {b4} {b3,a1} {b1,b2,a2} {a3,a4} a-inv=11 b-inv=9
(m,n,z)=(6,4,0): 92 exposed forms; rules satisfied: R1: 92/92, R2: 87/92, R3: 92/92, R4: 92/92, R5: 92/92
    violates R2: [0, 1, 1, 2, 2, 3, -1, 0, 1] {b3} {b2,b4,a1} {b1,a2,a3} {a4,a5} {a6} a-inv=5 b-inv=4
    violates R2: [1, 2, 2, 3, 3, 4, -1, -2, -1] {b4} {b1,b3,a1} {b2,a2,a3} {a4,a5} {a6} a-inv=5 b-inv=4
    violates R2: [1, 2, 2, 3, 4, 3, -2, -1, -1] {b4} {b2,b3,a1} {b1,a2,a3} {a4,a6} {a5} a-inv=6 b-inv=5
    violates R2: [1, 2, 3, 2, 3, 4, -2, -1, -1] {b4} {b2,b3,a1} {b1,a2,a4} {a3,a5} {a6} a-inv=6 b-inv=5
(m,n,z)=(5,5,0): 108 exposed forms; rules satisfied: R1: 108/108, R2: 108/108, R3: 108/108, R4: 108/108, R5: 108/108
== region_coverage ==
(m,n)=(4,2): N=400 (laws exp/unif/sq/tie): in some R_k: 270 (67.5%); some L_k is an argmax: 270 (67.5%); R_k points where L_k is argmax: 270/270
(m,n)=(6,2): N=400 (laws exp/unif/sq/tie): in some R_k: 295 (73.8%); some L_k is an argmax: 295 (73.8%); R_k points where L_k is argmax: 295/295
(m,n)=(4,3): N=400 (laws exp/unif/sq/tie): in some R_k: 51 (12.8%); some L_k is an argmax: 51 (12.8%); R_k points where L_k is argmax: 51/51
(m,n)=(6,3): N=400 (laws exp/unif/sq/tie): in some R_k: 67 (16.8%); some L_k is an argmax: 92 (23.0%); R_k points where L_k is argmax: 66/67
(m,n)=(5,4): N=400 (laws exp/unif/sq/tie): in some R_k: 14 (3.5%); some L_k is an argmax: 14 (3.5%); R_k points where L_k is argmax: 14/14
(m,n)=(7,4): N=400 (laws exp/unif/sq/tie): in some R_k: 13 (3.2%); some L_k is an argmax: 35 (8.8%); R_k points where L_k is argmax: 13/13
(m,n)=(6,5): N=400 (laws exp/unif/sq/tie): in some R_k: 7 (1.8%); some L_k is an argmax: 7 (1.8%); R_k points where L_k is argmax: 7/7
== horn_boxes d<=8 ==
(m,n,z)=(3,2,0) d=5: 142 triples; N=60; max|HornLP-hive|=6.7e-16; B_min histogram {0: 58, 1: 2}; by law {exp:{0: 12}, unif:{0: 12}, sq:{0: 12}, tie:{0: 10, 1: 2}, dom:{0: 12}}; max box in the returned dual certificate: {0: 53, 1: 7}; lambda(K) rectangle among active non-LW tiles: {True: 7}; 1s
   most frequent active non-LW shapes (lI, lJ, lK): count
      ((1,), (1,), (1, 1)) 7
(m,n,z)=(4,2,1) d=7: 2062 triples; N=60; max|HornLP-hive|=8.9e-16; B_min histogram {0: 58, 1: 2}; by law {exp:{0: 12}, unif:{0: 11, 1: 1}, sq:{0: 12}, tie:{0: 11, 1: 1}, dom:{0: 12}}; max box in the returned dual certificate: {0: 55, 1: 3, 2: 2}; lambda(K) rectangle among active non-LW tiles: {True: 4, False: 1}; 2s
   most frequent active non-LW shapes (lI, lJ, lK): count
      ((2, 1), (1,), (2, 2)) 2
      ((1, 1, 1), (1,), (1, 1, 1, 1)) 1
      ((2, 1, 1), (1, 1), (2, 2, 2)) 1
      ((1, 1, 1, 1), (1, 1), (2, 1, 1, 1, 1)) 1
(m,n,z)=(3,3,0) d=6: 522 triples; N=60; max|HornLP-hive|=6.7e-16; B_min histogram {0: 34, 1: 26}; by law {exp:{0: 8, 1: 4}, unif:{0: 8, 1: 4}, sq:{0: 9, 1: 3}, tie:{0: 9, 1: 3}, dom:{1: 12}}; max box in the returned dual certificate: {0: 34, 1: 23, 2: 3}; lambda(K) rectangle among active non-LW tiles: {False: 22, True: 4}; 1s
   most frequent active non-LW shapes (lI, lJ, lK): count
      ((1,), (3,), (3, 1)) 18
      ((1, 1, 1), (1,), (2, 1, 1)) 2
      ((1, 1, 1), (1, 1), (2, 1, 1, 1)) 2
      ((1,), (2,), (3,)) 2
      ((1, 1), (1, 1), (2, 2)) 1
      ((1, 1), (1,), (1, 1, 1)) 1
(m,n,z)=(3,3,1) d=7: 2062 triples; N=60; max|HornLP-hive|=8.9e-16; B_min histogram {0: 34, 1: 26}; by law {exp:{0: 9, 1: 3}, unif:{0: 8, 1: 4}, sq:{0: 10, 1: 2}, tie:{0: 7, 1: 5}, dom:{1: 12}}; max box in the returned dual certificate: {0: 34, 1: 19, 2: 6, 3: 1}; lambda(K) rectangle among active non-LW tiles: {False: 23, True: 3}; 2s
   most frequent active non-LW shapes (lI, lJ, lK): count
      ((1,), (4,), (4, 1)) 16
      ((1, 1, 1), (2,), (3, 1, 1)) 5
      ((1,), (3,), (4,)) 3
      ((1, 1, 1), (1, 1), (2, 2, 1)) 1
      ((1, 1, 1), (2, 1), (2, 2, 1, 1)) 1
(m,n,z)=(4,3,0) d=7: 2062 triples; N=60; max|HornLP-hive|=6.7e-16; B_min histogram {0: 40, 1: 6, 2: 14}; by law {exp:{0: 8, 1: 3, 2: 1}, unif:{0: 11, 1: 1}, sq:{0: 11, 1: 1}, tie:{0: 10, 1: 1, 2: 1}, dom:{2: 12}}; max box in the returned dual certificate: {0: 36, 1: 7, 2: 16, 3: 1}; lambda(K) rectangle among active non-LW tiles: {False: 20, True: 5}; 2s
   most frequent active non-LW shapes (lI, lJ, lK): count
      ((1, 1), (3,), (3, 1, 1)) 12
      ((1, 1, 1, 1), (1,), (2, 1, 1, 1)) 5
      ((2,), (2,), (2, 2)) 3
      ((1, 1), (1,), (1, 1, 1)) 1
      ((1, 1, 1), (2, 1, 1), (2, 2, 1, 1, 1)) 1
      ((1, 1), (1, 1), (2, 1, 1)) 1
      ((1, 1), (2,), (3, 1)) 1
      ((1,), (1,), (1, 1)) 1
(m,n,z)=(4,4,0) d=8: 8752 triples; N=60; max|HornLP-hive|=8.9e-16; B_min histogram {0: 26, 1: 9, 2: 25}; by law {exp:{0: 8, 1: 2, 2: 2}, unif:{0: 7, 1: 1, 2: 4}, sq:{0: 9, 1: 2, 2: 1}, tie:{0: 2, 1: 4, 2: 6}, dom:{2: 12}}; max box in the returned dual certificate: {0: 26, 1: 6, 2: 22, 3: 4, 4: 2}; lambda(K) rectangle among active non-LW tiles: {False: 32, True: 2}; 5s
   most frequent active non-LW shapes (lI, lJ, lK): count
      ((1, 1), (3, 3), (3, 3, 1, 1)) 12
      ((1, 1, 1, 1), (1,), (2, 1, 1, 1)) 2
      ((1,), (4,), (4, 1)) 2
      ((2,), (5,), (5, 2)) 2
      ((1, 1), (4,), (4, 1, 1)) 2
      ((1, 1, 1, 1), (2,), (3, 1, 1, 1)) 2
      ((1, 1, 1), (2, 2), (3, 3, 1)) 1
      ((3, 1), (3,), (4, 3)) 1
      ((1, 1, 1), (1, 1), (2, 1, 1, 1)) 1
      ((1,), (3,), (4,)) 1
      ((1, 1, 1, 1), (2, 2), (3, 2, 1, 1, 1)) 1
      ((1, 1, 1), (3, 2), (3, 3, 1, 1)) 1
