m=3: 13 distinct candidate forms over pads [0, 1, 2, 3, 4]
  z=0 (d=6): 13 valid of 13
  z=1 (d=7): 13 valid of 13
  z=2 (d=8): 13 valid of 13
  z=3 (d=9): 13 valid of 13
  z=4 (d=10): 13 valid of 13
  z=0: exposed (radius>0 among valid): 10
     [3, 1, 2, -2, -1]  r=0.3333  count=1330
     [0, 1, 2, 1, -1]  r=0.3333  count=2477
     [-1, 0, 1, 1, 2]  r=0.1667  count=963
     [2, 3, 1, -2, -1]  r=0.1667  count=526
     [1, 2, 1, 0, -1]  r=0.1667  count=654
     [0, 0, 1, 1, 1]  r=0.1250  count=387
     [2, 2, 1, -1, -1]  r=0.1250  count=357
     [1, 0, 1, 0, 1]  r=0.1111  count=730
     [2, 1, 1, -1, 0]  r=0.1000  count=746
     [0, 1, 1, 1, 0]  r=0.1000  count=829
  z=1: exposed (radius>0 among valid): 10
     [3, 1, 2, -2, -1]  r=0.3333  count=1364
     [0, 1, 2, 1, -1]  r=0.3333  count=2456
     [-1, 0, 1, 1, 2]  r=0.1667  count=981
     [2, 3, 1, -2, -1]  r=0.1667  count=526
     [1, 2, 1, 0, -1]  r=0.1667  count=629
     [0, 0, 1, 1, 1]  r=0.1250  count=423
     [2, 2, 1, -1, -1]  r=0.1250  count=343
     [1, 0, 1, 0, 1]  r=0.1111  count=734
     [2, 1, 1, -1, 0]  r=0.1000  count=680
     [0, 1, 1, 1, 0]  r=0.1000  count=862
  z=2: exposed (radius>0 among valid): 10
     [3, 1, 2, -2, -1]  r=0.3333  count=1315
     [0, 1, 2, 1, -1]  r=0.3333  count=2456
     [-1, 0, 1, 1, 2]  r=0.1667  count=925
     [2, 3, 1, -2, -1]  r=0.1667  count=559
     [1, 2, 1, 0, -1]  r=0.1667  count=609
     [0, 0, 1, 1, 1]  r=0.1250  count=401
     [2, 2, 1, -1, -1]  r=0.1250  count=369
     [1, 0, 1, 0, 1]  r=0.1111  count=746
     [2, 1, 1, -1, 0]  r=0.1000  count=720
     [0, 1, 1, 1, 0]  r=0.1000  count=900
  z=3: exposed (radius>0 among valid): 10
     [3, 1, 2, -2, -1]  r=0.3333  count=1370
     [0, 1, 2, 1, -1]  r=0.3333  count=2438
     [-1, 0, 1, 1, 2]  r=0.1667  count=974
     [2, 3, 1, -2, -1]  r=0.1667  count=515
     [1, 2, 1, 0, -1]  r=0.1667  count=632
     [0, 0, 1, 1, 1]  r=0.1250  count=383
     [2, 2, 1, -1, -1]  r=0.1250  count=327
     [1, 0, 1, 0, 1]  r=0.1111  count=743
     [2, 1, 1, -1, 0]  r=0.1000  count=728
     [0, 1, 1, 1, 0]  r=0.1000  count=890
  z=4: exposed (radius>0 among valid): 10
     [3, 1, 2, -2, -1]  r=0.3333  count=1369
     [0, 1, 2, 1, -1]  r=0.3333  count=2477
     [-1, 0, 1, 1, 2]  r=0.1667  count=1016
     [2, 3, 1, -2, -1]  r=0.1667  count=534
     [1, 2, 1, 0, -1]  r=0.1667  count=619
     [0, 0, 1, 1, 1]  r=0.1250  count=444
     [2, 2, 1, -1, -1]  r=0.1250  count=361
     [1, 0, 1, 0, 1]  r=0.1111  count=709
     [2, 1, 1, -1, 0]  r=0.1000  count=668
     [0, 1, 1, 1, 0]  r=0.1000  count=803
