m=9: 148 distinct candidate forms over pads [0, 1]
  z=0 (d=12): 148 valid of 148
  z=1 (d=13): 148 valid of 148
  z=0: exposed (radius>0 among valid): 69
     [2, 3, 1, 2, 3, 3, 4, 4, 4, -2, -1]  r=0.1667  count=21
     [-1, 0, 1, 0, 1, 1, 2, 2, 2, 1, 2]  r=0.1111  count=75
     [-6, -5, -4, -3, -2, -1, 0, 1, 2, 7, -1]  r=0.1111  count=44
     [-2, -3, -2, -1, -1, 0, 0, 1, 1, 3, 4]  r=0.1000  count=82
     [1, 1, 2, 2, 3, 2, 3, 3, 4, 0, -1]  r=0.0909  count=61
     [-3, -2, -2, -1, -1, 0, 0, 1, 1, 4, 3]  r=0.0870  count=201
     [-4, -3, -2, -2, -1, -1, 0, 0, 1, 5, 3]  r=0.0833  count=81
     [0, 1, 1, 2, 2, 3, 2, 3, 3, 1, -1]  r=0.0833  count=36
     [1, 1, 1, 2, 2, 2, 3, 3, 3, 0, 0]  r=0.0833  count=368
     [-3, -2, -1, 0, 1, 2, 1, 2, 2, 4, -1]  r=0.0833  count=15
     [-3, -3, -2, -2, -1, -1, 0, 0, 1, 4, 4]  r=0.0769  count=68
     [-4, -3, -2, -1, -1, 0, 0, 1, 1, 5, 2]  r=0.0769  count=124
     [-4, -3, -2, -1, 0, 1, 2, 1, 2, 5, -1]  r=0.0714  count=30
     [-5, -4, -3, -2, -1, -1, 0, 0, 1, 6, 2]  r=0.0714  count=56
     [-3, -2, -2, -1, -1, 0, 1, 0, 1, 3, 4]  r=0.0714  count=37
     [-3, -2, -1, -2, -1, 0, 0, 1, 1, 3, 4]  r=0.0714  count=62
     [-2, -1, 0, 0, 1, 1, 1, 2, 2, 3, 1]  r=0.0714  count=305
     [2, 1, 1, 2, 2, 3, 3, 3, 4, -1, 0]  r=0.0714  count=645
     [-1, 0, 1, 1, 2, 2, 3, 2, 3, 2, -1]  r=0.0714  count=33
     [-1, 0, 1, 1, 1, 2, 2, 2, 3, 2, 0]  r=0.0690  count=242
     [-4, -3, -2, -1, 0, 0, 1, 1, 1, 5, 1]  r=0.0667  count=73
     [-2, -1, -1, 0, 0, 1, 1, 1, 2, 3, 2]  r=0.0645  count=313
     [-5, -4, -3, -2, -1, 0, 0, 1, 1, 6, 1]  r=0.0638  count=69
     [-2, -1, -1, 0, 0, 1, 1, 2, 1, 2, 3]  r=0.0625  count=27
     [2, 1, 2, 2, 3, 3, 4, 3, 4, -1, -1]  r=0.0625  count=19
     [-6, -5, -4, -3, -2, -1, 0, 0, 1, 7, 1]  r=0.0625  count=41
     [-5, -4, -3, -2, -1, 0, 1, 2, 1, 6, -1]  r=0.0625  count=20
     [-2, -1, 0, 1, 1, 1, 2, 2, 2, 3, 0]  r=0.0625  count=130
     [-2, -1, 0, 1, 1, 2, 2, 3, 2, 3, -1]  r=0.0625  count=20
     [-1, -1, 0, 0, 1, 1, 1, 2, 2, 2, 2]  r=0.0625  count=324
     [0, 1, 1, 1, 2, 2, 3, 2, 3, 0, 1]  r=0.0625  count=7
     [1, 1, 2, 2, 2, 3, 3, 4, 3, 0, -1]  r=0.0588  count=14
     [-2, -1, 0, 1, 2, 1, 2, 2, 3, 3, -1]  r=0.0588  count=60
     [1, 0, 1, 1, 2, 2, 2, 3, 3, 0, 1]  r=0.0588  count=173
     [1, 2, 2, 3, 3, 2, 3, 4, 4, -1, -1]  r=0.0588  count=44
     [-3, -2, -1, 0, 1, 1, 2, 2, 3, 4, -1]  r=0.0556  count=82
     [-3, -2, -2, -1, 0, -1, 0, 1, 1, 3, 4]  r=0.0556  count=25
     [-1, 0, 0, 1, 1, 1, 2, 2, 2, 2, 1]  r=0.0556  count=418
     [0, 1, 2, 1, 2, 2, 3, 3, 3, 1, -1]  r=0.0556  count=102
     [-3, -2, -1, 0, 1, 1, 1, 2, 2, 4, 0]  r=0.0536  count=91
     [-2, -1, 0, -1, 0, 1, 1, 1, 2, 2, 3]  r=0.0526  count=54
     [-1, 0, 0, 1, 1, 2, 1, 2, 2, 1, 2]  r=0.0526  count=32
     [-1, 0, 1, 2, 1, 2, 2, 3, 3, 2, -1]  r=0.0526  count=77
     [1, 2, 1, 2, 2, 3, 3, 4, 3, -1, 0]  r=0.0500  count=10
     [1, 1, 2, 2, 2, 3, 4, 3, 3, -1, 0]  r=0.0488  count=15
     [-3, -2, -1, 0, 0, 1, 1, 1, 2, 4, 1]  r=0.0476  count=172
     [0, -1, 0, 1, 1, 1, 2, 2, 2, 1, 2]  r=0.0476  count=118
     [-2, -1, -1, 0, 1, 0, 1, 1, 2, 2, 3]  r=0.0476  count=69
     [1, 2, 2, 3, 2, 3, 4, 3, 4, -1, -1]  r=0.0455  count=6
     [0, 1, 1, 2, 1, 2, 2, 3, 3, 0, 1]  r=0.0455  count=49
     [-4, -3, -2, -1, 0, 1, 1, 1, 2, 5, 0]  r=0.0455  count=38
     [2, 1, 2, 3, 2, 3, 3, 4, 4, -1, -1]  r=0.0455  count=54
     [0, 1, 1, 2, 2, 2, 3, 3, 4, 1, -1]  r=0.0435  count=163
     [1, 2, 2, 2, 3, 3, 4, 4, 3, -1, -1]  r=0.0435  count=9
     [-1, 0, 0, 1, 1, 1, 2, 2, 3, 1, 2]  r=0.0435  count=122
     [-3, -2, -1, -1, 0, 0, 1, 1, 1, 4, 2]  r=0.0417  count=125
     [3, 1, 2, 2, 3, 3, 4, 4, 4, -2, -1]  r=0.0417  count=207
     [0, 0, 1, 1, 1, 2, 2, 2, 3, 1, 1]  r=0.0417  count=485
     [1, 2, 1, 2, 2, 3, 3, 3, 4, 0, -1]  r=0.0408  count=174
     [-6, -5, -4, -3, -2, -1, 0, 1, 1, 7, 0]  r=0.0400  count=10
     [-2, -2, -1, -1, 0, 0, 1, 1, 1, 3, 3]  r=0.0400  count=119
     [-1, -2, -1, 0, 0, 1, 1, 1, 2, 2, 3]  r=0.0392  count=107
     [1, 1, 2, 2, 3, 2, 3, 4, 3, -1, 0]  r=0.0385  count=2
     [0, 1, 1, 1, 2, 2, 2, 3, 3, 1, 0]  r=0.0345  count=1580
     [1, 2, 1, 2, 3, 2, 3, 3, 4, -1, 0]  r=0.0345  count=25
     [-5, -4, -3, -2, -1, 0, 1, 1, 1, 6, 0]  r=0.0333  count=15
     [1, 1, 2, 3, 2, 2, 3, 3, 4, -1, 0]  r=0.0312  count=62
     [2, 2, 1, 2, 3, 3, 3, 4, 4, -1, -1]  r=0.0309  count=242
     [-4, -3, -3, -2, -2, -1, -1, 0, 1, 4, 5]  r=0.0263  count=140
  z=1: exposed (radius>0 among valid): 69
     [2, 3, 1, 2, 3, 3, 4, 4, 4, -2, -1]  r=0.1667  count=21
     [-1, 0, 1, 0, 1, 1, 2, 2, 2, 1, 2]  r=0.1111  count=72
     [-6, -5, -4, -3, -2, -1, 0, 1, 2, 7, -1]  r=0.1111  count=62
     [-2, -3, -2, -1, -1, 0, 0, 1, 1, 3, 4]  r=0.1000  count=83
     [1, 1, 2, 2, 3, 2, 3, 3, 4, 0, -1]  r=0.0909  count=67
     [-3, -2, -2, -1, -1, 0, 0, 1, 1, 4, 3]  r=0.0870  count=216
     [-4, -3, -2, -2, -1, -1, 0, 0, 1, 5, 3]  r=0.0833  count=86
     [0, 1, 1, 2, 2, 3, 2, 3, 3, 1, -1]  r=0.0833  count=23
     [1, 1, 1, 2, 2, 2, 3, 3, 3, 0, 0]  r=0.0833  count=396
     [-3, -2, -1, 0, 1, 2, 1, 2, 2, 4, -1]  r=0.0833  count=21
     [-3, -3, -2, -2, -1, -1, 0, 0, 1, 4, 4]  r=0.0769  count=80
     [-4, -3, -2, -1, -1, 0, 0, 1, 1, 5, 2]  r=0.0769  count=115
     [-4, -3, -2, -1, 0, 1, 2, 1, 2, 5, -1]  r=0.0714  count=16
     [-5, -4, -3, -2, -1, -1, 0, 0, 1, 6, 2]  r=0.0714  count=43
     [-3, -2, -2, -1, -1, 0, 1, 0, 1, 3, 4]  r=0.0714  count=44
     [-3, -2, -1, -2, -1, 0, 0, 1, 1, 3, 4]  r=0.0714  count=55
     [-2, -1, 0, 0, 1, 1, 1, 2, 2, 3, 1]  r=0.0714  count=328
     [2, 1, 1, 2, 2, 3, 3, 3, 4, -1, 0]  r=0.0714  count=627
     [-1, 0, 1, 1, 2, 2, 3, 2, 3, 2, -1]  r=0.0714  count=26
     [-1, 0, 1, 1, 1, 2, 2, 2, 3, 2, 0]  r=0.0690  count=252
     [-4, -3, -2, -1, 0, 0, 1, 1, 1, 5, 1]  r=0.0667  count=67
     [-2, -1, -1, 0, 0, 1, 1, 1, 2, 3, 2]  r=0.0645  count=283
     [-5, -4, -3, -2, -1, 0, 0, 1, 1, 6, 1]  r=0.0638  count=77
     [-2, -1, -1, 0, 0, 1, 1, 2, 1, 2, 3]  r=0.0625  count=32
     [2, 1, 2, 2, 3, 3, 4, 3, 4, -1, -1]  r=0.0625  count=17
     [-6, -5, -4, -3, -2, -1, 0, 0, 1, 7, 1]  r=0.0625  count=47
     [-5, -4, -3, -2, -1, 0, 1, 2, 1, 6, -1]  r=0.0625  count=18
     [-2, -1, 0, 1, 1, 1, 2, 2, 2, 3, 0]  r=0.0625  count=97
     [-2, -1, 0, 1, 1, 2, 2, 3, 2, 3, -1]  r=0.0625  count=24
     [-1, -1, 0, 0, 1, 1, 1, 2, 2, 2, 2]  r=0.0625  count=326
     [0, 1, 1, 1, 2, 2, 3, 2, 3, 0, 1]  r=0.0625  count=15
     [1, 1, 2, 2, 2, 3, 3, 4, 3, 0, -1]  r=0.0588  count=12
     [-2, -1, 0, 1, 2, 1, 2, 2, 3, 3, -1]  r=0.0588  count=64
     [1, 0, 1, 1, 2, 2, 2, 3, 3, 0, 1]  r=0.0588  count=186
     [1, 2, 2, 3, 3, 2, 3, 4, 4, -1, -1]  r=0.0588  count=43
     [-3, -2, -1, 0, 1, 1, 2, 2, 3, 4, -1]  r=0.0556  count=85
     [-3, -2, -2, -1, 0, -1, 0, 1, 1, 3, 4]  r=0.0556  count=24
     [-1, 0, 0, 1, 1, 1, 2, 2, 2, 2, 1]  r=0.0556  count=461
     [0, 1, 2, 1, 2, 2, 3, 3, 3, 1, -1]  r=0.0556  count=111
     [-3, -2, -1, 0, 1, 1, 1, 2, 2, 4, 0]  r=0.0536  count=95
     [-2, -1, 0, -1, 0, 1, 1, 1, 2, 2, 3]  r=0.0526  count=54
     [-1, 0, 0, 1, 1, 2, 1, 2, 2, 1, 2]  r=0.0526  count=22
     [-1, 0, 1, 2, 1, 2, 2, 3, 3, 2, -1]  r=0.0526  count=100
     [1, 2, 1, 2, 2, 3, 3, 4, 3, -1, 0]  r=0.0500  count=6
     [1, 1, 2, 2, 2, 3, 4, 3, 3, -1, 0]  r=0.0488  count=15
     [-3, -2, -1, 0, 0, 1, 1, 1, 2, 4, 1]  r=0.0476  count=157
     [0, -1, 0, 1, 1, 1, 2, 2, 2, 1, 2]  r=0.0476  count=131
     [-2, -1, -1, 0, 1, 0, 1, 1, 2, 2, 3]  r=0.0476  count=71
     [1, 2, 2, 3, 2, 3, 4, 3, 4, -1, -1]  r=0.0455  count=6
     [0, 1, 1, 2, 1, 2, 2, 3, 3, 0, 1]  r=0.0455  count=43
     [-4, -3, -2, -1, 0, 1, 1, 1, 2, 5, 0]  r=0.0455  count=34
     [2, 1, 2, 3, 2, 3, 3, 4, 4, -1, -1]  r=0.0455  count=60
     [0, 1, 1, 2, 2, 2, 3, 3, 4, 1, -1]  r=0.0435  count=146
     [1, 2, 2, 2, 3, 3, 4, 4, 3, -1, -1]  r=0.0435  count=5
     [-1, 0, 0, 1, 1, 1, 2, 2, 3, 1, 2]  r=0.0435  count=118
     [-3, -2, -1, -1, 0, 0, 1, 1, 1, 4, 2]  r=0.0417  count=105
     [3, 1, 2, 2, 3, 3, 4, 4, 4, -2, -1]  r=0.0417  count=187
     [0, 0, 1, 1, 1, 2, 2, 2, 3, 1, 1]  r=0.0417  count=470
     [1, 2, 1, 2, 2, 3, 3, 3, 4, 0, -1]  r=0.0408  count=182
     [-6, -5, -4, -3, -2, -1, 0, 1, 1, 7, 0]  r=0.0400  count=17
     [-2, -2, -1, -1, 0, 0, 1, 1, 1, 3, 3]  r=0.0400  count=108
     [-1, -2, -1, 0, 0, 1, 1, 1, 2, 2, 3]  r=0.0392  count=101
     [1, 1, 2, 2, 3, 2, 3, 4, 3, -1, 0]  r=0.0385  count=4
     [0, 1, 1, 1, 2, 2, 2, 3, 3, 1, 0]  r=0.0345  count=1532
     [1, 2, 1, 2, 3, 2, 3, 3, 4, -1, 0]  r=0.0345  count=16
     [-5, -4, -3, -2, -1, 0, 1, 1, 1, 6, 0]  r=0.0333  count=11
     [1, 1, 2, 3, 2, 2, 3, 3, 4, -1, 0]  r=0.0312  count=60
     [2, 2, 1, 2, 3, 3, 3, 4, 4, -1, -1]  r=0.0309  count=297
     [-4, -3, -3, -2, -2, -1, -1, 0, 1, 4, 5]  r=0.0263  count=149
