m=6: 56 distinct candidate forms over pads [0, 1, 2, 3]
  z=0 (d=9): 56 valid of 56
  z=1 (d=10): 56 valid of 56
  z=2 (d=11): 56 valid of 56
  z=3 (d=12): 56 valid of 56
  z=0: exposed (radius>0 among valid): 34
     [0, 1, 2, 1, 2, 2, 1, -1]  r=0.1667  count=208
     [-2, -1, -1, 0, 0, 1, 3, 2]  r=0.1250  count=311
     [2, 2, 1, 2, 3, 3, -1, -1]  r=0.1250  count=350
     [1, 2, 1, 2, 2, 3, 0, -1]  r=0.1111  count=315
     [2, 1, 1, 2, 2, 3, -1, 0]  r=0.1111  count=703
     [3, 1, 2, 2, 3, 3, -2, -1]  r=0.1111  count=367
     [0, 0, 1, 1, 1, 2, 1, 1]  r=0.1053  count=604
     [-3, -2, -1, 0, 0, 1, 4, 1]  r=0.1000  count=165
     [0, 1, 1, 1, 2, 2, 1, 0]  r=0.1000  count=1675
     [0, 1, 1, 2, 1, 2, 0, 1]  r=0.1000  count=99
     [2, 1, 2, 3, 2, 3, -1, -1]  r=0.1000  count=99
     [-2, -1, -1, 0, 1, 0, 2, 3]  r=0.1000  count=81
     [-2, -1, 0, 1, 2, 1, 3, -1]  r=0.1000  count=87
     [2, 3, 1, 2, 3, 3, -2, -1]  r=0.0952  count=83
     [-2, -1, 0, 0, 1, 1, 3, 1]  r=0.0909  count=344
     [-3, -2, -1, 0, 1, 2, 4, -1]  r=0.0909  count=214
     [-1, 0, 1, 0, 1, 1, 1, 2]  r=0.0909  count=124
     [1, 1, 2, 2, 3, 2, 0, -1]  r=0.0909  count=79
     [1, 0, 1, 1, 2, 2, 0, 1]  r=0.0833  count=280
     [1, 1, 2, 3, 2, 2, -1, 0]  r=0.0833  count=113
     [-1, -1, 0, 0, 1, 1, 2, 2]  r=0.0833  count=303
     [0, 1, 1, 2, 2, 3, 1, -1]  r=0.0833  count=301
     [-2, -1, 0, -1, 0, 1, 2, 3]  r=0.0833  count=83
     [1, 1, 1, 2, 2, 2, 0, 0]  r=0.0833  count=148
     [-1, 0, 1, 1, 1, 2, 2, 0]  r=0.0769  count=228
     [-1, 0, 1, 2, 1, 2, 2, -1]  r=0.0769  count=160
     [1, 2, 1, 2, 3, 2, -1, 0]  r=0.0714  count=49
     [-1, -2, -1, 0, 0, 1, 2, 3]  r=0.0714  count=160
     [-1, 0, 0, 1, 1, 1, 2, 1]  r=0.0667  count=463
     [1, 2, 2, 3, 3, 2, -1, -1]  r=0.0667  count=65
     [-3, -2, -1, 0, 1, 1, 4, 0]  r=0.0625  count=55
     [-1, 0, 0, 1, 1, 2, 1, 2]  r=0.0625  count=419
     [0, -1, 0, 1, 1, 1, 1, 2]  r=0.0556  count=190
     [-2, -1, 0, 1, 1, 1, 3, 0]  r=0.0417  count=69
  z=1: exposed (radius>0 among valid): 34
     [0, 1, 2, 1, 2, 2, 1, -1]  r=0.1667  count=180
     [-2, -1, -1, 0, 0, 1, 3, 2]  r=0.1250  count=293
     [2, 2, 1, 2, 3, 3, -1, -1]  r=0.1250  count=332
     [1, 2, 1, 2, 2, 3, 0, -1]  r=0.1111  count=325
     [2, 1, 1, 2, 2, 3, -1, 0]  r=0.1111  count=739
     [3, 1, 2, 2, 3, 3, -2, -1]  r=0.1111  count=405
     [0, 0, 1, 1, 1, 2, 1, 1]  r=0.1053  count=563
     [-3, -2, -1, 0, 0, 1, 4, 1]  r=0.1000  count=169
     [0, 1, 1, 1, 2, 2, 1, 0]  r=0.1000  count=1708
     [0, 1, 1, 2, 1, 2, 0, 1]  r=0.1000  count=97
     [2, 1, 2, 3, 2, 3, -1, -1]  r=0.1000  count=73
     [-2, -1, -1, 0, 1, 0, 2, 3]  r=0.1000  count=80
     [-2, -1, 0, 1, 2, 1, 3, -1]  r=0.1000  count=92
     [2, 3, 1, 2, 3, 3, -2, -1]  r=0.0952  count=81
     [-2, -1, 0, 0, 1, 1, 3, 1]  r=0.0909  count=368
     [-3, -2, -1, 0, 1, 2, 4, -1]  r=0.0909  count=186
     [-1, 0, 1, 0, 1, 1, 1, 2]  r=0.0909  count=114
     [1, 1, 2, 2, 3, 2, 0, -1]  r=0.0909  count=60
     [1, 0, 1, 1, 2, 2, 0, 1]  r=0.0833  count=287
     [1, 1, 2, 3, 2, 2, -1, 0]  r=0.0833  count=102
     [-1, -1, 0, 0, 1, 1, 2, 2]  r=0.0833  count=299
     [0, 1, 1, 2, 2, 3, 1, -1]  r=0.0833  count=322
     [-2, -1, 0, -1, 0, 1, 2, 3]  r=0.0833  count=76
     [1, 1, 1, 2, 2, 2, 0, 0]  r=0.0833  count=167
     [-1, 0, 1, 1, 1, 2, 2, 0]  r=0.0769  count=266
     [-1, 0, 1, 2, 1, 2, 2, -1]  r=0.0769  count=141
     [1, 2, 1, 2, 3, 2, -1, 0]  r=0.0714  count=52
     [-1, -2, -1, 0, 0, 1, 2, 3]  r=0.0714  count=138
     [-1, 0, 0, 1, 1, 1, 2, 1]  r=0.0667  count=479
     [1, 2, 2, 3, 3, 2, -1, -1]  r=0.0667  count=67
     [-3, -2, -1, 0, 1, 1, 4, 0]  r=0.0625  count=57
     [-1, 0, 0, 1, 1, 2, 1, 2]  r=0.0625  count=441
     [0, -1, 0, 1, 1, 1, 1, 2]  r=0.0556  count=175
     [-2, -1, 0, 1, 1, 1, 3, 0]  r=0.0417  count=56
  z=2: exposed (radius>0 among valid): 34
     [0, 1, 2, 1, 2, 2, 1, -1]  r=0.1667  count=190
     [-2, -1, -1, 0, 0, 1, 3, 2]  r=0.1250  count=284
     [2, 2, 1, 2, 3, 3, -1, -1]  r=0.1250  count=361
     [1, 2, 1, 2, 2, 3, 0, -1]  r=0.1111  count=320
     [2, 1, 1, 2, 2, 3, -1, 0]  r=0.1111  count=686
     [3, 1, 2, 2, 3, 3, -2, -1]  r=0.1111  count=394
     [0, 0, 1, 1, 1, 2, 1, 1]  r=0.1053  count=552
     [-3, -2, -1, 0, 0, 1, 4, 1]  r=0.1000  count=194
     [0, 1, 1, 1, 2, 2, 1, 0]  r=0.1000  count=1697
     [0, 1, 1, 2, 1, 2, 0, 1]  r=0.1000  count=110
     [2, 1, 2, 3, 2, 3, -1, -1]  r=0.1000  count=88
     [-2, -1, -1, 0, 1, 0, 2, 3]  r=0.1000  count=56
     [-2, -1, 0, 1, 2, 1, 3, -1]  r=0.1000  count=71
     [2, 3, 1, 2, 3, 3, -2, -1]  r=0.0952  count=87
     [-2, -1, 0, 0, 1, 1, 3, 1]  r=0.0909  count=385
     [-3, -2, -1, 0, 1, 2, 4, -1]  r=0.0909  count=168
     [-1, 0, 1, 0, 1, 1, 1, 2]  r=0.0909  count=115
     [1, 1, 2, 2, 3, 2, 0, -1]  r=0.0909  count=70
     [1, 0, 1, 1, 2, 2, 0, 1]  r=0.0833  count=261
     [1, 1, 2, 3, 2, 2, -1, 0]  r=0.0833  count=109
     [-1, -1, 0, 0, 1, 1, 2, 2]  r=0.0833  count=316
     [0, 1, 1, 2, 2, 3, 1, -1]  r=0.0833  count=327
     [-2, -1, 0, -1, 0, 1, 2, 3]  r=0.0833  count=95
     [1, 1, 1, 2, 2, 2, 0, 0]  r=0.0833  count=174
     [-1, 0, 1, 1, 1, 2, 2, 0]  r=0.0769  count=245
     [-1, 0, 1, 2, 1, 2, 2, -1]  r=0.0769  count=150
     [1, 2, 1, 2, 3, 2, -1, 0]  r=0.0714  count=46
     [-1, -2, -1, 0, 0, 1, 2, 3]  r=0.0714  count=161
     [-1, 0, 0, 1, 1, 1, 2, 1]  r=0.0667  count=514
     [1, 2, 2, 3, 3, 2, -1, -1]  r=0.0667  count=69
     [-3, -2, -1, 0, 1, 1, 4, 0]  r=0.0625  count=64
     [-1, 0, 0, 1, 1, 2, 1, 2]  r=0.0625  count=404
     [0, -1, 0, 1, 1, 1, 1, 2]  r=0.0556  count=182
     [-2, -1, 0, 1, 1, 1, 3, 0]  r=0.0417  count=49
  z=3: exposed (radius>0 among valid): 34
     [0, 1, 2, 1, 2, 2, 1, -1]  r=0.1667  count=193
     [-2, -1, -1, 0, 0, 1, 3, 2]  r=0.1250  count=320
     [2, 2, 1, 2, 3, 3, -1, -1]  r=0.1250  count=349
     [1, 2, 1, 2, 2, 3, 0, -1]  r=0.1111  count=304
     [2, 1, 1, 2, 2, 3, -1, 0]  r=0.1111  count=730
     [3, 1, 2, 2, 3, 3, -2, -1]  r=0.1111  count=420
     [0, 0, 1, 1, 1, 2, 1, 1]  r=0.1053  count=583
     [-3, -2, -1, 0, 0, 1, 4, 1]  r=0.1000  count=194
     [0, 1, 1, 1, 2, 2, 1, 0]  r=0.1000  count=1672
     [0, 1, 1, 2, 1, 2, 0, 1]  r=0.1000  count=98
     [2, 1, 2, 3, 2, 3, -1, -1]  r=0.1000  count=71
     [-2, -1, -1, 0, 1, 0, 2, 3]  r=0.1000  count=77
     [-2, -1, 0, 1, 2, 1, 3, -1]  r=0.1000  count=81
     [2, 3, 1, 2, 3, 3, -2, -1]  r=0.0952  count=102
     [-2, -1, 0, 0, 1, 1, 3, 1]  r=0.0909  count=387
     [-3, -2, -1, 0, 1, 2, 4, -1]  r=0.0909  count=174
     [-1, 0, 1, 0, 1, 1, 1, 2]  r=0.0909  count=131
     [1, 1, 2, 2, 3, 2, 0, -1]  r=0.0909  count=62
     [1, 0, 1, 1, 2, 2, 0, 1]  r=0.0833  count=280
     [1, 1, 2, 3, 2, 2, -1, 0]  r=0.0833  count=93
     [-1, -1, 0, 0, 1, 1, 2, 2]  r=0.0833  count=280
     [0, 1, 1, 2, 2, 3, 1, -1]  r=0.0833  count=334
     [-2, -1, 0, -1, 0, 1, 2, 3]  r=0.0833  count=76
     [1, 1, 1, 2, 2, 2, 0, 0]  r=0.0833  count=141
     [-1, 0, 1, 1, 1, 2, 2, 0]  r=0.0769  count=254
     [-1, 0, 1, 2, 1, 2, 2, -1]  r=0.0769  count=129
     [1, 2, 1, 2, 3, 2, -1, 0]  r=0.0714  count=58
     [-1, -2, -1, 0, 0, 1, 2, 3]  r=0.0714  count=151
     [-1, 0, 0, 1, 1, 1, 2, 1]  r=0.0667  count=484
     [1, 2, 2, 3, 3, 2, -1, -1]  r=0.0667  count=71
     [-3, -2, -1, 0, 1, 1, 4, 0]  r=0.0625  count=55
     [-1, 0, 0, 1, 1, 2, 1, 2]  r=0.0625  count=396
     [0, -1, 0, 1, 1, 1, 1, 2]  r=0.0556  count=188
     [-2, -1, 0, 1, 1, 1, 3, 0]  r=0.0417  count=56
