m=5: 37 distinct candidate forms over pads [0, 1, 2, 3]
  z=0 (d=8): 37 valid of 37
  z=1 (d=9): 35 valid of 37
  z=2 (d=10): 35 valid of 37
  z=3 (d=11): 35 valid of 37
  z=0: exposed (radius>0 among valid): 27
     [3, 1, 2, 2, 3, -2, -1]  r=0.3333  count=599
     [-2, -1, 0, 1, 2, 3, -1]  r=0.2000  count=343
     [0, -1, 0, 1, 1, 1, 2]  r=0.1667  count=350
     [1, 2, 1, 2, 2, 0, -1]  r=0.1667  count=336
     [-1, 0, 1, 0, 1, 1, 2]  r=0.1667  count=273
     [-2, -1, 0, 0, 1, 3, 1]  r=0.1250  count=303
     [-1, 0, 1, 2, 1, 2, -1]  r=0.1250  count=138
     [0, 0, 1, 1, 1, 1, 1]  r=0.1250  count=399
     [2, 2, 1, 2, 3, -1, -1]  r=0.1250  count=354
     [-1, 0, 0, 1, 1, 2, 1]  r=0.1111  count=848
     [-1, -1, 0, 0, 1, 2, 2]  r=0.1111  count=210
     [1, 0, 1, 1, 2, 0, 1]  r=0.1053  count=332
     [2, 1, 2, 3, 2, -1, -1]  r=0.1000  count=83
     [0, 1, 1, 2, 1, 0, 1]  r=0.1000  count=126
     [0, 1, 1, 1, 2, 1, 0]  r=0.1000  count=653
     [-2, -1, -1, 0, 1, 2, 3]  r=0.1000  count=403
     [0, 1, 2, 1, 2, 1, -1]  r=0.0909  count=321
     [1, 1, 2, 2, 3, 0, -1]  r=0.0909  count=1251
     [1, 1, 1, 2, 2, 0, 0]  r=0.0833  count=216
     [1, 1, 2, 3, 2, -1, 0]  r=0.0833  count=123
     [2, 3, 1, 2, 3, -2, -1]  r=0.0833  count=167
     [-2, -1, 0, 1, 1, 3, 0]  r=0.0769  count=114
     [2, 1, 1, 2, 2, -1, 0]  r=0.0769  count=597
     [1, 2, 1, 2, 3, -1, 0]  r=0.0714  count=93
     [-1, 0, 1, 1, 1, 2, 0]  r=0.0714  count=118
     [1, 2, 2, 3, 3, -1, -1]  r=0.0625  count=136
     [1, 2, 3, 3, 4, -2, -1]  r=0.0556  count=113
  z=1: exposed (radius>0 among valid): 26
     [3, 1, 2, 2, 3, -2, -1]  r=0.3333  count=580
     [-2, -1, 0, 1, 2, 3, -1]  r=0.2000  count=321
     [1, 2, 1, 2, 2, 0, -1]  r=0.1667  count=311
     [-1, 0, 1, 0, 1, 1, 2]  r=0.1667  count=280
     [0, -1, 0, 1, 1, 1, 2]  r=0.1667  count=327
     [-2, -1, 0, 0, 1, 3, 1]  r=0.1250  count=340
     [-1, 0, 1, 2, 1, 2, -1]  r=0.1250  count=147
     [0, 0, 1, 1, 1, 1, 1]  r=0.1250  count=429
     [2, 2, 1, 2, 3, -1, -1]  r=0.1250  count=316
     [-1, 0, 0, 1, 1, 2, 1]  r=0.1111  count=892
     [-1, -1, 0, 0, 1, 2, 2]  r=0.1111  count=194
     [1, 0, 1, 1, 2, 0, 1]  r=0.1053  count=337
     [0, 1, 1, 1, 2, 1, 0]  r=0.1000  count=642
     [2, 1, 2, 3, 2, -1, -1]  r=0.1000  count=90
     [0, 1, 1, 2, 1, 0, 1]  r=0.1000  count=136
     [-2, -1, -1, 0, 1, 2, 3]  r=0.1000  count=399
     [0, 1, 2, 1, 2, 1, -1]  r=0.0909  count=328
     [1, 1, 2, 2, 3, 0, -1]  r=0.0909  count=1244
     [1, 1, 2, 3, 2, -1, 0]  r=0.0833  count=104
     [2, 3, 1, 2, 3, -2, -1]  r=0.0833  count=166
     [1, 1, 1, 2, 2, 0, 0]  r=0.0833  count=227
     [-2, -1, 0, 1, 1, 3, 0]  r=0.0769  count=94
     [2, 1, 1, 2, 2, -1, 0]  r=0.0769  count=599
     [1, 2, 1, 2, 3, -1, 0]  r=0.0714  count=84
     [-1, 0, 1, 1, 1, 2, 0]  r=0.0714  count=125
     [1, 2, 2, 3, 3, -1, -1]  r=0.0667  count=286
  z=2: exposed (radius>0 among valid): 26
     [3, 1, 2, 2, 3, -2, -1]  r=0.3333  count=571
     [-2, -1, 0, 1, 2, 3, -1]  r=0.2000  count=323
     [1, 2, 1, 2, 2, 0, -1]  r=0.1667  count=317
     [-1, 0, 1, 0, 1, 1, 2]  r=0.1667  count=274
     [0, -1, 0, 1, 1, 1, 2]  r=0.1667  count=408
     [-2, -1, 0, 0, 1, 3, 1]  r=0.1250  count=299
     [-1, 0, 1, 2, 1, 2, -1]  r=0.1250  count=154
     [0, 0, 1, 1, 1, 1, 1]  r=0.1250  count=396
     [2, 2, 1, 2, 3, -1, -1]  r=0.1250  count=324
     [-1, 0, 0, 1, 1, 2, 1]  r=0.1111  count=857
     [-1, -1, 0, 0, 1, 2, 2]  r=0.1111  count=207
     [1, 0, 1, 1, 2, 0, 1]  r=0.1053  count=372
     [0, 1, 1, 1, 2, 1, 0]  r=0.1000  count=604
     [2, 1, 2, 3, 2, -1, -1]  r=0.1000  count=97
     [0, 1, 1, 2, 1, 0, 1]  r=0.1000  count=115
     [-2, -1, -1, 0, 1, 2, 3]  r=0.1000  count=404
     [0, 1, 2, 1, 2, 1, -1]  r=0.0909  count=352
     [1, 1, 2, 2, 3, 0, -1]  r=0.0909  count=1260
     [1, 1, 2, 3, 2, -1, 0]  r=0.0833  count=137
     [2, 3, 1, 2, 3, -2, -1]  r=0.0833  count=161
     [1, 1, 1, 2, 2, 0, 0]  r=0.0833  count=210
     [-2, -1, 0, 1, 1, 3, 0]  r=0.0769  count=97
     [2, 1, 1, 2, 2, -1, 0]  r=0.0769  count=618
     [1, 2, 1, 2, 3, -1, 0]  r=0.0714  count=106
     [-1, 0, 1, 1, 1, 2, 0]  r=0.0714  count=114
     [1, 2, 2, 3, 3, -1, -1]  r=0.0667  count=219
  z=3: exposed (radius>0 among valid): 26
     [3, 1, 2, 2, 3, -2, -1]  r=0.3333  count=581
     [-2, -1, 0, 1, 2, 3, -1]  r=0.2000  count=349
     [1, 2, 1, 2, 2, 0, -1]  r=0.1667  count=298
     [-1, 0, 1, 0, 1, 1, 2]  r=0.1667  count=235
     [0, -1, 0, 1, 1, 1, 2]  r=0.1667  count=362
     [-2, -1, 0, 0, 1, 3, 1]  r=0.1250  count=313
     [-1, 0, 1, 2, 1, 2, -1]  r=0.1250  count=181
     [0, 0, 1, 1, 1, 1, 1]  r=0.1250  count=396
     [2, 2, 1, 2, 3, -1, -1]  r=0.1250  count=332
     [-1, 0, 0, 1, 1, 2, 1]  r=0.1111  count=848
     [-1, -1, 0, 0, 1, 2, 2]  r=0.1111  count=201
     [1, 0, 1, 1, 2, 0, 1]  r=0.1053  count=325
     [0, 1, 1, 1, 2, 1, 0]  r=0.1000  count=627
     [2, 1, 2, 3, 2, -1, -1]  r=0.1000  count=103
     [0, 1, 1, 2, 1, 0, 1]  r=0.1000  count=118
     [-2, -1, -1, 0, 1, 2, 3]  r=0.1000  count=4