m=7: 78 distinct candidate forms over pads [0, 1, 2, 3]
  z=0 (d=10): 78 valid of 78
  z=1 (d=11): 77 valid of 78
  z=2 (d=12): 77 valid of 78
  z=3 (d=13): 77 valid of 78
  z=0: exposed (radius>0 among valid): 46
     [3, 1, 2, 2, 3, 3, 4, -2, -1]  r=0.3333  count=285
     [2, 2, 1, 2, 3, 3, 3, -1, -1]  r=0.1250  count=244
     [0, 1, 2, 1, 2, 2, 3, 1, -1]  r=0.1176  count=213
     [-4, -3, -2, -1, 0, 1, 2, 5, -1]  r=0.1154  count=113
     [1, 0, 1, 1, 2, 2, 2, 0, 1]  r=0.1111  count=212
     [1, 2, 1, 2, 2, 3, 3, 0, -1]  r=0.1111  count=329
     [-2, -1, -1, 0, 0, 1, 1, 3, 2]  r=0.1053  count=356
     [0, 1, 1, 2, 1, 2, 2, 0, 1]  r=0.1000  count=57
     [2, 1, 2, 3, 2, 3, 3, -1, -1]  r=0.1000  count=45
     [-3, -2, -1, -1, 0, 0, 1, 4, 2]  r=0.1000  count=172
     [-1, 0, 1, 2, 1, 2, 2, 2, -1]  r=0.0909  count=93
     [1, 1, 2, 2, 3, 2, 3, 0, -1]  r=0.0909  count=99
     [-2, -2, -1, -1, 0, 0, 1, 3, 3]  r=0.0909  count=134
     [0, 1, 1, 2, 2, 3, 2, 1, -1]  r=0.0833  count=55
     [1, 1, 2, 3, 2, 2, 3, -1, 0]  r=0.0833  count=91
     [-2, -1, 0, -1, 0, 1, 1, 2, 3]  r=0.0833  count=94
     [-1, -2, -1, 0, 0, 1, 1, 2, 3]  r=0.0833  count=158
     [-4, -3, -2, -1, 0, 0, 1, 5, 1]  r=0.0833  count=109
     [-1, 0, 0, 1, 1, 2, 1, 1, 2]  r=0.0833  count=64
     [-3, -2, -1, 0, 1, 2, 1, 4, -1]  r=0.0833  count=32
     [0, 0, 1, 1, 1, 2, 2, 1, 1]  r=0.0800  count=891
     [-3, -2, -1, 0, 0, 1, 1, 4, 1]  r=0.0769  count=227
     [2, 1, 1, 2, 2, 3, 3, -1, 0]  r=0.0769  count=691
     [1, 2, 1, 2, 3, 2, 3, -1, 0]  r=0.0714  count=45
     [-2, -1, 0, 0, 1, 1, 1, 3, 1]  r=0.0690  count=202
     [1, 2, 2, 3, 3, 2, 3, -1, -1]  r=0.0667  count=43
     [0, 1, 1, 1, 2, 2, 3, 0, 1]  r=0.0625  count=251
     [-2, -1, -1, 0, 1, 0, 1, 2, 3]  r=0.0625  count=97
     [-1, 0, 1, 1, 1, 2, 2, 2, 0]  r=0.0625  count=283
     [2, 1, 2, 2, 3, 3, 4, -1, -1]  r=0.0625  count=72
     [-2, -1, 0, 1, 1, 1, 2, 3, 0]  r=0.0625  count=121
     [-1, 0, 0, 1, 1, 1, 2, 2, 1]  r=0.0606  count=576
     [-2, -1, 0, 1, 2, 1, 2, 3, -1]  r=0.0588  count=54
     [-1, 0, 1, 1, 2, 2, 3, 2, -1]  r=0.0588  count=198
     [0, 1, 1, 1, 2, 2, 2, 1, 0]  r=0.0588  count=662
     [2, 3, 1, 2, 3, 3, 4, -2, -1]  r=0.0556  count=64
     [-1, -1, 0, 0, 1, 1, 1, 2, 2]  r=0.0526  count=206
     [-4, -3, -2, -1, 0, 1, 1, 5, 0]  r=0.0526  count=35
     [0, -1, 0, 1, 1, 1, 2, 1, 2]  r=0.0513  count=208
     [1, 1, 1, 2, 2, 2, 3, 0, 0]  r=0.0513  count=569
     [-3, -2, -2, -1, -1, 0, 1, 3, 4]  r=0.0500  count=220
     [-1, 0, 1, 0, 1, 1, 2, 1, 2]  r=0.0500  count=127
     [1, 2, 2, 3, 3, 4, 5, -2, -1]  r=0.0476  count=51
     [1, 2, 2, 3, 2, 3, 4, -1, -1]  r=0.0455  count=33
     [-3, -2, -1, 0, 1, 1, 1, 4, 0]  r=0.0455  count=26
     [1, 1, 2, 2, 2, 3, 4, -1, 0]  r=0.0385  count=80
  z=1: exposed (radius>0 among valid): 45
     [3, 1, 2, 2, 3, 3, 4, -2, -1]  r=0.3333  count=308
     [2, 2, 1, 2, 3, 3, 3, -1, -1]  r=0.1250  count=240
     [0, 1, 2, 1, 2, 2, 3, 1, -1]  r=0.1176  count=254
     [-4, -3, -2, -1, 0, 1, 2, 5, -1]  r=0.1154  count=147
     [1, 0, 1, 1, 2, 2, 2, 0, 1]  r=0.1111  count=200
     [1, 2, 1, 2, 2, 3, 3, 0, -1]  r=0.1111  count=326
     [-2, -1, -1, 0, 0, 1, 1, 3, 2]  r=0.1053  count=352
     [0, 1, 1, 2, 1, 2, 2, 0, 1]  r=0.1000  count=53
     [2, 1, 2, 3, 2, 3, 3, -1, -1]  r=0.1000  count=50
     [-3, -2, -1, -1, 0, 0, 1, 4, 2]  r=0.1000  count=130
     [-1, 0, 1, 2, 1, 2, 2, 2, -1]  r=0.0909  count=74
     [1, 1, 2, 2, 3, 2, 3, 0, -1]  r=0.0909  count=85
     [-2, -2, -1, -1, 0, 0, 1, 3, 3]  r=0.0909  count=116
     [1, 1, 2, 3, 2, 2, 3, -1, 0]  r=0.0833  count=77
     [-2, -1, 0, -1, 0, 1, 1, 2, 3]  r=0.0833  count=77
     [-1, -2, -1, 0, 0, 1, 1, 2, 3]  r=0.0833  count=159
     [0, 1, 1, 2, 2, 3, 2, 1, -1]  r=0.0833  count=40
     [-4, -3, -2, -1, 0, 0, 1, 5, 1]  r=0.0833  count=100
     [-1, 0, 0, 1, 1, 2, 1, 1, 2]  r=0.0833  count=59
     [-3, -2, -1, 0, 1, 2, 1, 4, -1]  r=0.0833  count=40
     [0, 0, 1, 1, 1, 2, 2, 1, 1]  r=0.0800  count=902
     [-3, -2, -1, 0, 0, 1, 1, 4, 1]  r=0.0769  count=204
     [2, 1, 1, 2, 2, 3, 3, -1, 0]  r=0.0769  count=743
     [1, 2, 1, 2, 3, 2, 3, -1, 0]  r=0.0714  count=43
     [-2, -1, 0, 0, 1, 1, 1, 3, 1]  r=0.0690  count=224
     [1, 2, 2, 3, 3, 2, 3, -1, -1]  r=0.0667  count=41
     [0, 1, 1, 1, 2, 2, 3, 0, 1]  r=0.0625  count=239
     [-2, -1, -1, 0, 1, 0, 1, 2, 3]  r=0.0625  count=97
     [-1, 0, 1, 1, 1, 2, 2, 2, 0]  r=0.0625  count=277
     [2, 1, 2, 2, 3, 3, 4, -1, -1]  r=0.0625  count=76
     [-2, -1, 0, 1, 1, 1, 2, 3, 0]  r=0.0625  count=137
     [-1, 0, 0, 1, 1, 1, 2, 2, 1]  r=0.0606  count=615
     [-2, -1, 0, 1, 2, 1, 2, 3, -1]  r=0.0588  count=54
     [-1, 0, 1, 1, 2, 2, 3, 2, -1]  r=0.0588  count=182
     [0, 1, 1, 1, 2, 2, 2, 1, 0]  r=0.0588  count=628
     [2, 3, 1, 2, 3, 3, 4, -2, -1]  r=0.0556  count=65
     [-1, -1, 0, 0, 1, 1, 1, 2, 2]  r=0.0526  count=189
     [-4, -3, -2, -1, 0, 1, 1, 5, 0]  r=0.0526  count=33
     [0, -1, 0, 1, 1, 1, 2, 1, 2]  r=0.0513  count=202
     [1, 1, 1, 2, 2, 2, 3, 0, 0]  r=0.0513  count=582
     [-3, -2, -2, -1, -1, 0, 1, 3, 4]  r=0.0500  count=257
     [-1, 0, 1, 0, 1, 1, 2, 1, 2]  r=0.0500  count=123
     [1, 1, 2, 2, 2, 3, 4, -1, 0]  r=0.0476  count=128
     [1, 2, 2, 3, 2, 3, 4, -1, -1]  r=0.0455  count=35
     [-3, -2, -1, 0, 1, 1, 1, 4, 0]  r=0.0455  count=30
  z=2: exposed (radius>0 among valid): 45
     [3, 1, 2, 2, 3, 3, 4, -2, -1]  r=0.3333  count=297
     [2, 2, 1, 2, 3, 3, 3, -1, -1]  r=0.1250  count=248
     [0, 1, 2, 1, 2, 2, 3, 1, -1]  r=0.1176  count=219
     [-4, -3, -2, -1, 0, 1, 2, 5, -1]  r=0.1154  count=144
     [1, 0, 1, 1, 2, 2, 2, 0, 1]  r=0.1111  count=197
     [1, 2, 1, 2, 2, 3, 3, 0, -1]  r=0.1111  count=354
     [-2, -1, -1, 0, 0, 1, 1, 3, 2]  r=0.1053  count=364
     [0, 1, 1, 2, 1, 2, 2, 0, 1]  r=0.1000  count=62
     [2, 1, 2, 3, 2, 3, 3, -1, -1]  r=0.1000  count=51
     [-3, -2, -1, -1, 0, 0, 1, 4, 2]  r=0.1000  count=164
     [-1, 0, 1, 2, 1, 2, 2, 2, -1]  r=0.0909  count=102
     [1, 1, 2, 2, 3, 2, 3, 0, -1]  r=0.0909  count=88
     [-2, -2, -1, -1, 0, 0, 1, 3, 3]  r=0.0909  count=94
     [1, 1, 2, 3, 2, 2, 3, -1, 0]  r=0.0833  count=73
     [-2, -1, 0, -1, 0, 1, 1, 2, 3]  r=0.0833  count=96
     [-1, -2, -1, 0, 0, 1, 1, 2, 3]  r=0.0833  count=153
     [0, 1, 1, 2, 2, 3, 2, 1, -1]  r=0.0833  count=48
     [-4, -3, -2, -1, 0, 0, 1, 5, 1]  r=0.0833  count=95
     [-1, 0, 0, 1, 1, 2, 1, 1, 2]  r=0.0833  count=60
     [-3, -2, -1, 0, 1, 2, 1, 4, -1]  r=0.0833  count=33
     [0, 0, 1, 1, 1, 2, 2, 1, 1]  r=0.0800  count=872
     [-3, -2, -1, 0, 0, 1, 1, 4, 1]  r=0.0769  count=215
     [2, 1, 1, 2, 2, 3, 3, -1, 0]  r=0.0769  count=730
     [1, 2, 1, 2, 3, 2, 3, -1, 0]  r=0.0714  count=37
     [-2, -1, 0, 0, 1, 1, 1, 3, 1]  r=0.0690  count=197
     [1, 2, 2, 3, 3, 2, 3, -1, -1]  r=0.0667  count=44
     [0, 1, 1, 1, 2, 2, 3, 0, 1]  r=0.0625  count=244
     [-2, -1, -1, 0, 1, 0, 1, 2, 3]  r=0.0625  count=106
     [-1, 0, 1, 1, 1, 2, 2, 2, 0]  r=0.0625  count=284
     [2, 1, 2, 2, 3, 3, 4, -1, -1]  r=0.0625  count=80
     [-2, -1, 0, 1, 1, 1, 2, 3, 0]  r=0.0625  count=111
     [-1, 0, 0, 1, 1, 1, 2, 2, 1]  r=0.0606  count=608
     [-2, -1, 0, 1, 2, 1, 2, 3, -1]  r=0.0588  count=62
     [-1, 0, 1, 1, 2, 2, 3, 2, -1]  r=0.0588  count=169
     [0, 1, 1, 1, 2, 2, 2, 1, 0]  r=0.0588  count=652
     [2, 3, 1, 2, 3, 3, 4, -2, -1]  r=0.0556  count=52
     [-1, -1, 0, 0, 1, 1, 1, 2, 2]  r=0.0526  count=194
     [-4, -3, -2, -1, 0, 1, 1, 5, 0]  r=0.0526  count=40
     [0, -1, 0, 1, 1, 1, 2, 1, 2]  r=0.0513  count=215
     [1, 1, 1, 2, 2, 2, 3, 0, 0]  r=0.0513  count=572
     [-3, -2, -2, -1, -1, 0, 1, 3, 4]  r=0.0500  count=222
     [-1, 0, 1, 0, 1, 1, 2, 1, 2]  r=0.0500  count=133
     [1, 1, 2, 2, 2, 3, 4, -1, 0]  r=0.0476  count=134
     [1, 2, 2, 3, 2, 3, 4, -1, -1]  r=0.0455  count=35
     [-3, -2, -1, 0, 1, 1, 1, 4, 0]  r=0.0455  count=38
  z=3: exposed (radius>0 among valid): 45
     [3, 1, 2, 2, 3, 3, 4, -2, -1]  r=0.3333  count=310
     [2, 2, 1, 2, 3, 3, 3, -1, -1]  r=0.1250  count=224
     [0, 1, 2, 1, 2, 2, 3, 1, -1]  r=0.1176  count=224
     [-4, -3, -2, -1, 0, 1, 2, 5, -1]  r=0.1154  count=112
     [1, 0, 1, 1, 2, 2, 2, 0, 1]  r=0.1111  count=188
     [1, 2, 1, 2, 2, 3, 3, 0, -1]  r=0.1111  count=346
     [-2, -1, -1, 0, 0, 1, 1, 3, 2]  r=0.1053  count=414
     [0, 1, 1, 2, 1, 2, 2, 0, 1]  r=0.1000  count=54
     [2, 1, 2, 3, 2, 3, 3, -1, -1]  r=0.1000  count=57
     [-3, -2, -1, -1, 0, 0, 1, 4, 2]  r=0.1000  count=151
     [-1, 0, 1, 2, 1, 2, 2, 2, -1]  r=0.0909  count=75
     [1, 1, 2, 2, 3, 2, 3, 0, -1]  r=0.0909  count=84
     [-2, -2, -1, -1, 0, 0, 1, 3, 3]  r=0.0909  count=113
     [1, 1, 2, 3, 2, 2, 3, -1, 0]  r=0.0833  count=87
     [-2, -1, 0, -1, 0, 1, 1, 2, 3]  r=0.0833  count=100
     [-1, -2, -1, 0, 0, 1, 1, 2, 3]  r=0.0833  count=145
     [0, 1, 1, 2, 2, 3, 2, 1, -1]  r=0.0833  count=54
     [-4, -3, -2, -1, 0, 0, 1, 5, 1]  r=0.0833  count=88
     [-1, 0, 0, 1, 1, 2, 1, 1, 2]  r=0.0833  count=58
     [-3, -2, -1, 0, 1, 2, 1, 4, -1]  r=0.0833  count=51
     [0, 0, 1, 1, 1, 2, 2, 1, 1]  r=0.0800  count=854
     [-3, -2, -1, 0, 0, 1, 1, 4, 1]  r=0.0769  count=188
     [2, 1, 1, 2, 2, 3, 3, -1, 0]  r=0.0769  count=736
     [1, 2, 1, 2, 3, 2, 3, -1, 0]  r=0.0714  count=30
     [-2, -1, 0, 0, 1, 1, 1, 3, 1]  r=0.0690  count=203
     [1, 2, 2, 3, 3, 2, 3, -1, -1]  r=0.0667  count=40
     [0, 1, 1, 1, 2, 2, 3, 0, 1]  r=0.0625  count=260
     [-2, -1, -1, 0, 1, 0, 1, 2, 3]  r=0.0625  count=98
     [-1, 0, 1, 1, 1, 2, 2, 2, 0]  r=0.0625  count=295
     [2, 1, 2, 2, 3, 3, 4, -1, -1]  r=0.0625  count=73
     [-2, -1, 0, 1, 1, 1, 2, 3, 0]  r=0.0625  count=105
     [-1, 0, 0, 1, 1, 1, 2, 2, 1]  r=0.0606  count=604
     [-2, -1, 0, 1, 2, 1, 2, 3, -1]  r=0.0588  count=84
     [-1, 0, 1, 1, 2, 2, 3, 2, -1]  r=0.0588  count=181
     [0, 1, 1, 1, 2, 2, 2, 1, 0]  r=0.0588  count=654
     [2, 3, 1, 2, 3, 3, 4, -2, -1]  r=0.0556  count=55
     [-1, -1, 0, 0, 1, 1, 1, 2, 2]  r=0.0526  count=189
     [-4, -3, -2, -1, 0, 1, 1, 5, 0]  r=0.0526  count=46
     [0, -1, 0, 1, 1, 1, 2, 1, 2]  r=0.0513  count=224
     [1, 1, 1, 2, 2, 2, 3, 0, 0]  r=0.0513  count=549
     [-3, -2, -2, -1, -1, 0, 1, 3, 4]  r=0.0500  count=242
     [-1, 0, 1, 0, 1, 1, 2, 1, 2]  r=0.0500  count=135
     [1, 1, 2, 2, 2, 3, 4, -1, 0]  r=0.0476  count=143
     [1, 2, 2, 3, 2, 3, 4, -1, -1]  r=0.0455  count=35
     [-3, -2, -1, 0, 1, 1, 1, 4, 0]  r=0.0455  count=30
