m=8: 106 distinct candidate forms over pads [0, 1]
  z=0 (d=11): 106 valid of 106
  z=1 (d=12): 105 valid of 106
  z=0: exposed (radius>0 among valid): 60
     [0, 1, 2, 1, 2, 2, 3, 3, 1, -1]  r=0.1667  count=161
     [-5, -4, -3, -2, -1, 0, 1, 2, 6, -1]  r=0.1250  count=79
     [-1, 0, 1, 2, 1, 2, 2, 3, 2, -1]  r=0.1250  count=83
     [0, 0, 1, 1, 1, 2, 2, 2, 1, 1]  r=0.1250  count=425
     [2, 2, 1, 2, 3, 3, 3, 4, -1, -1]  r=0.1250  count=278
     [1, 0, 1, 1, 2, 2, 2, 3, 0, 1]  r=0.1111  count=195
     [-3, -2, -2, -1, -1, 0, 0, 1, 4, 3]  r=0.1000  count=161
     [-2, -3, -2, -1, -1, 0, 0, 1, 3, 4]  r=0.1000  count=63
     [0, 1, 1, 2, 1, 2, 2, 3, 0, 1]  r=0.1000  count=70
     [2, 1, 2, 3, 2, 3, 3, 4, -1, -1]  r=0.1000  count=58
     [1, 1, 2, 3, 2, 2, 3, 3, -1, 0]  r=0.0833  count=66
     [2, 3, 1, 2, 3, 3, 4, 4, -2, -1]  r=0.0833  count=42
     [-4, -3, -2, -1, 0, 0, 1, 1, 5, 1]  r=0.0833  count=138
     [1, 1, 1, 2, 2, 2, 3, 3, 0, 0]  r=0.0833  count=423
     [0, 1, 1, 2, 2, 3, 2, 3, 1, -1]  r=0.0833  count=56
     [3, 1, 2, 2, 3, 3, 4, 4, -2, -1]  r=0.0833  count=259
     [-3, -2, -1, -1, 0, 0, 1, 1, 4, 2]  r=0.0800  count=178
     [-1, 0, 1, 0, 1, 1, 2, 2, 1, 2]  r=0.0800  count=137
     [-4, -3, -2, -1, 0, 1, 2, 1, 5, -1]  r=0.0714  count=28
     [-3, -2, -2, -1, -1, 0, 1, 0, 3, 4]  r=0.0714  count=29
     [-1, 0, 1, 1, 2, 2, 3, 2, 2, -1]  r=0.0714  count=29
     [1, 2, 1, 2, 3, 2, 3, 3, -1, 0]  r=0.0714  count=20
     [-1, 0, 1, 1, 1, 2, 2, 2, 2, 0]  r=0.0714  count=177
     [-5, -4, -3, -2, -1, 0, 0, 1, 6, 1]  r=0.0714  count=58
     [1, 2, 2, 3, 3, 2, 3, 4, -1, -1]  r=0.0667  count=53
     [-2, -2, -1, -1, 0, 0, 1, 1, 3, 3]  r=0.0652  count=175
     [-4, -3, -2, -1, -1, 0, 0, 1, 5, 2]  r=0.0625  count=112
     [-3, -2, -1, 0, 1, 2, 1, 2, 4, -1]  r=0.0625  count=32
     [-2, -1, 0, 1, 1, 1, 2, 2, 3, 0]  r=0.0625  count=138
     [0, 1, 1, 1, 2, 2, 3, 2, 0, 1]  r=0.0625  count=22
     [2, 1, 2, 2, 3, 3, 4, 3, -1, -1]  r=0.0625  count=17
     [2, 1, 1, 2, 2, 3, 3, 3, -1, 0]  r=0.0625  count=652
     [-2, -1, 0, 1, 2, 1, 2, 2, 3, -1]  r=0.0588  count=55
     [0, -1, 0, 1, 1, 1, 2, 2, 1, 2]  r=0.0588  count=175
     [1, 2, 1, 2, 2, 3, 3, 3, 0, -1]  r=0.0588  count=172
     [1, 1, 2, 2, 3, 2, 3, 3, 0, -1]  r=0.0588  count=33
     [-3, -2, -2, -1, 0, -1, 0, 1, 3, 4]  r=0.0556  count=33
     [-1, 0, 0, 1, 1, 1, 2, 2, 2, 1]  r=0.0556  count=602
     [-2, -1, 0, 1, 1, 2, 2, 3, 3, -1]  r=0.0556  count=116
     [0, 1, 1, 1, 2, 2, 2, 3, 1, 0]  r=0.0541  count=618
     [-3, -2, -1, -2, -1, 0, 0, 1, 3, 4]  r=0.0526  count=50
     [-2, -1, 0, -1, 0, 1, 1, 1, 2, 3]  r=0.0526  count=31
     [-1, 0, 0, 1, 1, 2, 1, 2, 1, 2]  r=0.0526  count=53
     [-3, -2, -1, 0, 1, 1, 1, 2, 4, 0]  r=0.0526  count=68
     [-2, -1, 0, 0, 1, 1, 1, 2, 3, 1]  r=0.0513  count=287
     [-1, -2, -1, 0, 0, 1, 1, 1, 2, 3]  r=0.0513  count=85
     [1, 2, 1, 2, 2, 3, 3, 4, -1, 0]  r=0.0500  count=19
     [-1, -1, 0, 0, 1, 1, 1, 2, 2, 2]  r=0.0488  count=277
     [1, 1, 2, 2, 2, 3, 4, 3, -1, 0]  r=0.0488  count=15
     [1, 1, 2, 2, 2, 3, 3, 4, 0, -1]  r=0.0488  count=1067
     [-2, -1, -1, 0, 0, 1, 1, 1, 3, 2]  r=0.0476  count=252
     [-2, -1, -1, 0, 1, 0, 1, 1, 2, 3]  r=0.0476  count=49
     [-3, -2, -1, 0, 0, 1, 1, 1, 4, 1]  r=0.0476  count=113
     [1, 2, 2, 3, 2, 3, 4, 3, -1, -1]  r=0.0455  count=7
     [-5, -4, -3, -2, -1, 0, 1, 1, 6, 0]  r=0.0455  count=14
     [1, 2, 2, 3, 3, 4, 4, 5, -2, -1]  r=0.0417  count=28
     [1, 2, 2, 2, 3, 3, 4, 4, -1, -1]  r=0.0408  count=23
     [1, 1, 2, 2, 3, 2, 3, 4, -1, 0]  r=0.0385  count=3
     [-4, -3, -2, -1, 0, 1, 1, 1, 5, 0]  r=0.0385  count=23
     [-2, -1, -1, 0, 0, 1, 1, 2, 2, 3]  r=0.0303  count=289
  z=1: exposed (radius>0 among valid): 59
     [0, 1, 2, 1, 2, 2, 3, 3, 1, -1]  r=0.1667  count=165
     [-5, -4, -3, -2, -1, 0, 1, 2, 6, -1]  r=0.1250  count=71
     [-1, 0, 1, 2, 1, 2, 2, 3, 2, -1]  r=0.1250  count=90
     [0, 0, 1, 1, 1, 2, 2, 2, 1, 1]  r=0.1250  count=388
     [2, 2, 1, 2, 3, 3, 3, 4, -1, -1]  r=0.1250  count=281
     [1, 0, 1, 1, 2, 2, 2, 3, 0, 1]  r=0.1111  count=208
     [-3, -2, -2, -1, -1, 0, 0, 1, 4, 3]  r=0.1000  count=153
     [-2, -3, -2, -1, -1, 0, 0, 1, 3, 4]  r=0.1000  count=61
     [0, 1, 1, 2, 1, 2, 2, 3, 0, 1]  r=0.1000  count=69
     [2, 1, 2, 3, 2, 3, 3, 4, -1, -1]  r=0.1000  count=59
     [-4, -3, -2, -1, 0, 0, 1, 1, 5, 1]  r=0.0833  count=109
     [1, 1, 2, 3, 2, 2, 3, 3, -1, 0]  r=0.0833  count=60
     [2, 3, 1, 2, 3, 3, 4, 4, -2, -1]  r=0.0833  count=43
     [0, 1, 1, 2, 2, 3, 2, 3, 1, -1]  r=0.0833  count=45
     [3, 1, 2, 2, 3, 3, 4, 4, -2, -1]  r=0.0833  count=230
     [1, 1, 1, 2, 2, 2, 3, 3, 0, 0]  r=0.0833  count=408
     [-3, -2, -1, -1, 0, 0, 1, 1, 4, 2]  r=0.0800  count=200
     [-1, 0, 1, 0, 1, 1, 2, 2, 1, 2]  r=0.0800  count=123
     [-4, -3, -2, -1, 0, 1, 2, 1, 5, -1]  r=0.0714  count=26
     [-3, -2, -2, -1, -1, 0, 1, 0, 3, 4]  r=0.0714  count=36
     [-1, 0, 1, 1, 2, 2, 3, 2, 2, -1]  r=0.0714  count=32
     [1, 2, 1, 2, 3, 2, 3, 3, -1, 0]  r=0.0714  count=13
     [-1, 0, 1, 1, 1, 2, 2, 2, 2, 0]  r=0.0714  count=210
     [-5, -4, -3, -2, -1, 0, 0, 1, 6, 1]  r=0.0714  count=70
     [1, 2, 2, 3, 3, 2, 3, 4, -1, -1]  r=0.0667  count=38
     [-2, -2, -1, -1, 0, 0, 1, 1, 3, 3]  r=0.0652  count=162
     [-4, -3, -2, -1, -1, 0, 0, 1, 5, 2]  r=0.0625  count=89
     [-3, -2, -1, 0, 1, 2, 1, 2, 4, -1]  r=0.0625  count=47
     [-2, -1, 0, 1, 1, 1, 2, 2, 3, 0]  r=0.0625  count=142
     [0, 1, 1, 1, 2, 2, 3, 2, 0, 1]  r=0.0625  count=13
     [2, 1, 2, 2, 3, 3, 4, 3, -1, -1]  r=0.0625  count=18
     [2, 1, 1, 2, 2, 3, 3, 3, -1, 0]  r=0.0625  count=663
     [-2, -1, 0, 1, 2, 1, 2, 2, 3, -1]  r=0.0588  count=44
     [1, 1, 2, 2, 3, 2, 3, 3, 0, -1]  r=0.0588  count=43
     [1, 2, 1, 2, 2, 3, 3, 3, 0, -1]  r=0.0588  count=198
     [0, -1, 0, 1, 1, 1, 2, 2, 1, 2]  r=0.0588  count=174
     [-3, -2, -2, -1, 0, -1, 0, 1, 3, 4]  r=0.0556  count=37
     [-1, 0, 0, 1, 1, 1, 2, 2, 2, 1]  r=0.0556  count=659
     [-2, -1, 0, 1, 1, 2, 2, 3, 3, -1]  r=0.0556  count=112
     [0, 1, 1, 1, 2, 2, 2, 3, 1, 0]  r=0.0541  count=653
     [-3, -2, -1, -2, -1, 0, 0, 1, 3, 4]  r=0.0526  count=53
     [-2, -1, 0, -1, 0, 1, 1, 1, 2, 3]  r=0.0526  count=26
     [-1, 0, 0, 1, 1, 2, 1, 2, 1, 2]  r=0.0526  count=52
     [-3, -2, -1, 0, 1, 1, 1, 2, 4, 0]  r=0.0526  count=82
     [-1, -2, -1, 0, 0, 1, 1, 1, 2, 3]  r=0.0513  count=72
     [-2, -1, 0, 0, 1, 1, 1, 2, 3, 1]  r=0.0513  count=299
     [1, 2, 1, 2, 2, 3, 3, 4, -1, 0]  r=0.0500  count=11
     [-1, -1, 0, 0, 1, 1, 1, 2, 2, 2]  r=0.0488  count=290
     [1, 1, 2, 2, 2, 3, 4, 3, -1, 0]  r=0.0488  count=10
     [1, 1, 2, 2, 2, 3, 3, 4, 0, -1]  r=0.0488  count=1075
     [-2, -1, -1, 0, 0, 1, 1, 1, 3, 2]  r=0.0476  count=223
     [-2, -1, -1, 0, 1, 0, 1, 1, 2, 3]  r=0.0476  count=48
     [-3, -2, -1, 0, 0, 1, 1, 1, 4, 1]  r=0.0476  count=122
     [1, 2, 2, 3, 2, 3, 4, 3, -1, -1]  r=0.0455  count=6
     [-5, -4, -3, -2, -1, 0, 1, 1, 6, 0]  r=0.0455  count=22
     [1, 2, 2, 2, 3, 3, 4, 4, -1, -1]  r=0.0435  count=47
     [1, 1, 2, 2, 3, 2, 3, 4, -1, 0]  r=0.0385  count=6
     [-4, -3, -2, -1, 0, 1, 1, 1, 5, 0]  r=0.0385  count=18
     [-2, -1, -1, 0, 0, 1, 1, 2, 2, 3]  r=0.0303  count=262
