m=4: 22 distinct candidate forms over pads [0, 1, 2, 3, 4]
  z=0 (d=7): 22 valid of 22
  z=1 (d=8): 21 valid of 22
  z=2 (d=9): 21 valid of 22
  z=3 (d=10): 21 valid of 22
  z=4 (d=11): 21 valid of 22
  z=0: exposed (radius>0 among valid): 19
     [3, 1, 2, 2, -2, -1]  r=0.3333  count=724
     [-1, 0, 1, 0, 1, 2]  r=0.1667  count=245
     [0, 1, 2, 1, 1, -1]  r=0.1667  count=373
     [2, 3, 1, 2, -2, -1]  r=0.1667  count=324
     [0, -1, 0, 1, 1, 2]  r=0.1667  count=376
     [1, 2, 1, 2, 0, -1]  r=0.1667  count=593
     [2, 1, 1, 2, -1, 0]  r=0.1429  count=929
     [-1, 0, 1, 2, 2, -1]  r=0.1250  count=669
     [0, 0, 1, 1, 1, 1]  r=0.1250  count=752
     [2, 2, 1, 2, -1, -1]  r=0.1250  count=188
     [-1, 0, 0, 1, 2, 1]  r=0.1111  count=722
     [0, 1, 1, 2, 0, 1]  r=0.1000  count=859
     [2, 1, 2, 3, -1, -1]  r=0.1000  count=324
     [-1, 0, 1, 1, 2, 0]  r=0.1000  count=230
     [0, 1, 1, 1, 1, 0]  r=0.1000  count=409
     [1, 2, 3, 4, -2, -1]  r=0.0833  count=665
     [1, 0, 1, 1, 0, 1]  r=0.0714  count=223
     [1, 1, 1, 2, 0, 0]  r=0.0556  count=113
     [1, 1, 2, 3, -1, 0]  r=0.0455  count=281
  z=1: exposed (radius>0 among valid): 18
     [3, 1, 2, 2, -2, -1]  r=0.3333  count=675
     [-1, 0, 1, 0, 1, 2]  r=0.1667  count=234
     [0, 1, 2, 1, 1, -1]  r=0.1667  count=367
     [2, 3, 1, 2, -2, -1]  r=0.1667  count=319
     [0, -1, 0, 1, 1, 2]  r=0.1667  count=379
     [1, 2, 1, 2, 0, -1]  r=0.1667  count=652
     [2, 1, 1, 2, -1, 0]  r=0.1429  count=924
     [-1, 0, 1, 2, 2, -1]  r=0.1250  count=608
     [0, 0, 1, 1, 1, 1]  r=0.1250  count=753
     [2, 2, 1, 2, -1, -1]  r=0.1250  count=187
     [-1, 0, 0, 1, 2, 1]  r=0.1111  count=743
     [0, 1, 1, 2, 0, 1]  r=0.1000  count=882
     [2, 1, 2, 3, -1, -1]  r=0.1000  count=327
     [-1, 0, 1, 1, 2, 0]  r=0.1000  count=253
     [0, 1, 1, 1, 1, 0]  r=0.1000  count=350
     [1, 1, 2, 3, -1, 0]  r=0.0833  count=967
     [1, 0, 1, 1, 0, 1]  r=0.0714  count=244
     [1, 1, 1, 2, 0, 0]  r=0.0556  count=136
  z=2: exposed (radius>0 among valid): 18
     [3, 1, 2, 2, -2, -1]  r=0.3333  count=720
     [-1, 0, 1, 0, 1, 2]  r=0.1667  count=259
     [0, 1, 2, 1, 1, -1]  r=0.1667  count=389
     [2, 3, 1, 2, -2, -1]  r=0.1667  count=300
     [0, -1, 0, 1, 1, 2]  r=0.1667  count=341
     [1, 2, 1, 2, 0, -1]  r=0.1667  count=621
     [2, 1, 1, 2, -1, 0]  r=0.1429  count=934
     [-1, 0, 1, 2, 2, -1]  r=0.1250  count=620
     [0, 0, 1, 1, 1, 1]  r=0.1250  count=732
     [2, 2, 1, 2, -1, -1]  r=0.1250  count=192
     [-1, 0, 0, 1, 2, 1]  r=0.1111  count=750
     [0, 1, 1, 2, 0, 1]  r=0.1000  count=843
     [2, 1, 2, 3, -1, -1]  r=0.1000  count=344
     [-1, 0, 1, 1, 2, 0]  r=0.1000  count=251
     [0, 1, 1, 1, 1, 0]  r=0.1000  count=371
     [1, 1, 2, 3, -1, 0]  r=0.0833  count=990
     [1, 0, 1, 1, 0, 1]  r=0.0714  count=231
     [1, 1, 1, 2, 0, 0]  r=0.0556  count=111
  z=3: exposed (radius>0 among valid): 18
     [3, 1, 2, 2, -2, -1]  r=0.3333  count=736
     [-1, 0, 1, 0, 1, 2]  r=0.1667  count=226
     [0, 1, 2, 1, 1, -1]  r=0.1667  count=368
     [2, 3, 1, 2, -2, -1]  r=0.1667  count=283
     [0, -1, 0, 1, 1, 2]  r=0.1667  count=368
     [1, 2, 1, 2, 0, -1]  r=0.1667  count=628
     [2, 1, 1, 2, -1, 0]  r=0.1429  count=970
     [-1, 0, 1, 2, 2, -1]  r=0.1250  count=664
     [0, 0, 1, 1, 1, 1]  r=0.1250  count=700
     [2, 2, 1, 2, -1, -1]  r=0.1250  count=190
     [-1, 0, 0, 1, 2, 1]  r=0.1111  count=716
     [0, 1, 1, 2, 0, 1]  r=0.1000  count=815
     [2, 1, 2, 3, -1, -1]  r=0.1000  count=309
     [-1, 0, 1, 1, 2, 0]  r=0.1000  count=244
     [0, 1, 1, 1, 1, 0]  r=0.1000  count=369
     [1, 1, 2, 3, -1, 0]  r=0.0833  count=999
     [1, 0, 1, 1, 0, 1]  r=0.0714  count=269
     [1, 1, 1, 2, 0, 0]  r=0.0556  count=141
  z=4: exposed (radius>0 among valid): 18
     [3, 1, 2, 2, -2, -1]  r=0.3333  count=687
     [-1, 0, 1, 0, 1, 2]  r=0.1667  count=224
     [0, 1, 2, 1, 1, -1]  r=0.1667  count=404
     [2, 3, 1, 2, -2, -1]  r=0.1667  count=299
     [0, -1, 0, 1, 1, 2]  r=0.1667  count=320
     [1, 2, 1, 2, 0, -1]  r=0.1667  count=645
     [2, 1, 1, 2, -1, 0]  r=0.1429  count=995
     [-1, 0, 1, 2, 2, -1]  r=0.1250  count=676
     [0, 0, 1, 1, 1, 1]  r=0.1250  count=688
     [2, 2, 1, 2, -1, -1]  r=0.1250  count=200
     [-1, 0, 0, 1, 2, 1]  r=0.1111  count=722
     [0, 1, 1, 2, 0, 1]  r=0.1000  count=878
     [2, 1, 2, 3, -1, -1]  r=0.1000  count=318
     [-1, 0, 1, 1, 2, 0]  r=0.1000  count=239
     [0, 1, 1, 1, 1, 0]  r=0.1000  count=352
     [1, 1, 2, 3, -1, 0]  r=0.0833  count=961
     [1, 0, 1, 1, 0, 1]  r=0.0714  count=262
     [1, 1, 1, 2, 0, 0]  r=0.0556  count=130
