m=3 z=0 d=6: 10 exposed forms, 58 catalogue tiles (0s)
RESULT m=3 z=0 d=6: 10/10 forms certified (multipliers 1, each s_t <= once, tiles sum exactly to the form, LR>=1 by lr and lr2, in T^d_r); tile types {'LW': 17, 'row': 8, 'col': 5}; max s index used 4  (0s)
m=3 z=1 d=7: 10 exposed forms, 71 catalogue tiles (0s)
RESULT m=3 z=1 d=7: 10/10 forms certified (multipliers 1, each s_t <= once, tiles sum exactly to the form, LR>=1 by lr and lr2, in T^d_r); tile types {'LW': 17, 'row': 8, 'col': 5}; max s index used 4  (0s)
m=3 z=2 d=8: 10 exposed forms, 69 catalogue tiles (0s)
RESULT m=3 z=2 d=8: 10/10 forms certified (multipliers 1, each s_t <= once, tiles sum exactly to the form, LR>=1 by lr and lr2, in T^d_r); tile types {'LW': 17, 'row': 8, 'col': 5}; max s index used 4  (0s)
m=3 z=3 d=9: 10 exposed forms, 64 catalogue tiles (0s)
RESULT m=3 z=3 d=9: 10/10 forms certified (multipliers 1, each s_t <= once, tiles sum exactly to the form, LR>=1 by lr and lr2, in T^d_r); tile types {'LW': 17, 'row': 8, 'col': 5}; max s index used 4  (0s)
m=4 z=0 d=7: 19 exposed forms, 144 catalogue tiles (0s)
RESULT m=4 z=0 d=7: 19/19 forms certified (multipliers 1, each s_t <= once, tiles sum exactly to the form, LR>=1 by lr and lr2, in T^d_r); tile types {'LW': 41, 'row': 17, 'col': 9, 'other': 1}; max s index used 5  (0s)
m=4 z=1 d=8: 18 exposed forms, 169 catalogue tiles (0s)
RESULT m=4 z=1 d=8: 18/18 forms certified (multipliers 1, each s_t <= once, tiles sum exactly to the form, LR>=1 by lr and lr2, in T^d_r); tile types {'LW': 40, 'row': 16, 'col': 8}; max s index used 5  (0s)
m=4 z=2 d=9: 18 exposed forms, 163 catalogue tiles (0s)
RESULT m=4 z=2 d=9: 18/18 forms certified (multipliers 1, each s_t <= once, tiles sum exactly to the form, LR>=1 by lr and lr2, in T^d_r); tile types {'LW': 40, 'row': 16, 'col': 8}; max s index used 6  (0s)
m=4 z=3 d=10: 18 exposed forms, 147 catalogue tiles (0s)
RESULT m=4 z=3 d=10: 18/18 forms certified (multipliers 1, each s_t <= once, tiles sum exactly to the form, LR>=1 by lr and lr2); tile types {'LW': 40, 'row': 16, 'col': 8}; max s index used 6  (0s)
m=5 z=0 d=8: 27 exposed forms, 342 catalogue tiles (0s)
RESULT m=5 z=0 d=8: 27/27 forms certified (multipliers 1, each s_t <= once, tiles sum exactly to the form, LR>=1 by lr and lr2, in T^d_r); tile types {'LW': 71, 'row': 25, 'col': 13, 'other': 1}; max s index used 6  (0s)
m=5 z=1 d=9: 26 exposed forms, 392 catalogue tiles (0s)
RESULT m=5 z=1 d=9: 26/26 forms certified (multipliers 1, each s_t <= once, tiles sum exactly to the form, LR>=1 by lr and lr2, in T^d_r); tile types {'LW': 70, 'row': 24, 'col': 12}; max s index used 6  (0s)
m=5 z=2 d=10: 26 exposed forms, 377 catalogue tiles (0s)
RESULT m=5 z=2 d=10: 26/26 forms certified (multipliers 1, each s_t <= once, tiles sum exactly to the form, LR>=1 by lr and lr2); tile types {'LW': 70, 'row': 24, 'col': 12}; max s index used 6  (0s)
m=5 z=3 d=11: 26 exposed forms, 320 catalogue tiles (0s)
RESULT m=5 z=3 d=11: 26/26 forms certified (multipliers 1, each s_t <= once, tiles sum exactly to the form, LR>=1 by lr and lr2); tile types {'LW': 70, 'row': 24, 'col': 12}; max s index used 6  (0s)
m=6 z=0 d=9: 34 exposed forms, 796 catalogue tiles (0s)
RESULT m=6 z=0 d=9: 34/34 forms certified (multipliers 1, each s_t <= once, tiles sum exactly to the form, LR>=1 by lr and lr2, in T^d_r); tile types {'LW': 110, 'row': 33, 'col': 12}; max s index used 7  (0s)
m=6 z=1 d=10: 34 exposed forms, 907 catalogue tiles (0s)
RESULT m=6 z=1 d=10: 34/34 forms certified (multipliers 1, each s_t <= once, tiles sum exactly to the form, LR>=1 by lr and lr2); tile types {'LW': 110, 'row': 33, 'col': 12}; max s index used 7  (0s)
m=6 z=2 d=11: 34 exposed forms, 886 catalogue tiles (1s)
RESULT m=6 z=2 d=11: 34/34 forms certified (multipliers 1, each s_t <= once, tiles sum exactly to the form, LR>=1 by lr and lr2); tile types {'LW': 110, 'row': 33, 'col': 12}; max s index used 7  (1s)
m=6 z=3 d=12: 34 exposed forms, 710 catalogue tiles (1s)
RESULT m=6 z=3 d=12: 34/34 forms certified (multipliers 1, each s_t <= once, tiles sum exactly to the form, LR>=1 by lr and lr2); tile types {'LW': 110, 'row': 33, 'col': 12}; max s index used 7  (2s)
m=7 z=0 d=10: 46 exposed forms, 1761 catalogue tiles (0s)
RESULT m=7 z=0 d=10: 46/46 forms certified (multipliers 1, each s_t <= once, tiles sum exactly to the form, LR>=1 by lr and lr2); tile types {'LW': 162, 'row': 51, 'col': 17, 'other': 2}; max s index used 8  (1s)
m=7 z=1 d=11: 45 exposed forms, 2029 catalogue tiles (1s)
RESULT m=7 z=1 d=11: 45/45 forms certified (multipliers 1, each s_t <= once, tiles sum exactly to the form, LR>=1 by lr and lr2); tile types {'LW': 161, 'row': 50, 'col': 16}; max s index used 8  (2s)
m=7 z=2 d=12: 45 exposed forms, 2028 catalogue tiles (3s)
RESULT m=7 z=2 d=12: 45/45 forms certified (multipliers 1, each s_t <= once, tiles sum exactly to the form, LR>=1 by lr and lr2); tile types {'LW': 161, 'row': 50, 'col': 16}; max s index used 9  (5s)
m=8 z=0 d=11: 60 exposed forms, 3730 catalogue tiles (2s)
RESULT m=8 z=0 d=11: 60/60 forms certified (multipliers 1, each s_t <= once, tiles sum exactly to the form, LR>=1 by lr and lr2); tile types {'LW': 233, 'row': 72, 'col': 23, 'other': 2}; max s index used 9  (4s)
m=8 z=1 d=12: 59 exposed forms, 4323 catalogue tiles (5s)
RESULT m=8 z=1 d=12: 59/59 forms certified (multipliers 1, each s_t <= once, tiles sum exactly to the form, LR>=1 by lr and lr2); tile types {'LW': 232, 'row': 71, 'col': 22}; max s index used 9  (9s)
m=9 z=0 d=12: 69 exposed forms, 7501 catalogue tiles (8s)
RESULT m=9 z=0 d=12: 69/69 forms certified (multipliers 1, each s_t <= once, tiles sum exactly to the form, LR>=1 by lr and lr2); tile types {'LW': 307, 'row': 87, 'col': 22}; max s index used 10  (14s)
