m=7 z=1 d=11: 45 exposed forms (1s)
  form [-4, -3, -2, -1, 0, 0, 1, 5, 1]: 10 vertices, ok
  form [-4, -3, -2, -1, 0, 1, 1, 5, 0]: 9 vertices, ok
  form [-4, -3, -2, -1, 0, 1, 2, 5, -1]: 9 vertices, ok
  form [-3, -2, -2, -1, -1, 0, 1, 3, 4]: 9 vertices, ok
  form [-3, -2, -1, -1, 0, 0, 1, 4, 2]: 11 vertices, ok
  form [-3, -2, -1, 0, 0, 1, 1, 4, 1]: 12 vertices, ok
  form [-3, -2, -1, 0, 1, 1, 1, 4, 0]: 9 vertices, ok
  form [-3, -2, -1, 0, 1, 2, 1, 4, -1]: 9 vertices, ok
  form [-2, -2, -1, -1, 0, 0, 1, 3, 3]: 14 vertices, ok
  form [-2, -1, -1, 0, 0, 1, 1, 3, 2]: 13 vertices, ok
  form [-2, -1, -1, 0, 1, 0, 1, 2, 3]: 10 vertices, ok
  form [-2, -1, 0, -1, 0, 1, 1, 2, 3]: 10 vertices, ok
  form [-2, -1, 0, 0, 1, 1, 1, 3, 1]: 12 vertices, ok
  form [-2, -1, 0, 1, 1, 1, 2, 3, 0]: 11 vertices, ok
  form [-2, -1, 0, 1, 2, 1, 2, 3, -1]: 9 vertices, ok
  form [-1, -2, -1, 0, 0, 1, 1, 2, 3]: 10 vertices, ok
  form [-1, -1, 0, 0, 1, 1, 1, 2, 2]: 14 vertices, ok
  form [-1, 0, 0, 1, 1, 1, 2, 2, 1]: 14 vertices, ok
  form [-1, 0, 0, 1, 1, 2, 1, 1, 2]: 9 vertices, ok
  form [-1, 0, 1, 0, 1, 1, 2, 1, 2]: 10 vertices, ok
  form [-1, 0, 1, 1, 1, 2, 2, 2, 0]: 13 vertices, ok
  form [-1, 0, 1, 1, 2, 2, 3, 2, -1]: 9 vertices, ok
  form [-1, 0, 1, 2, 1, 2, 2, 2, -1]: 9 vertices, ok
  form [0, -1, 0, 1, 1, 1, 2, 1, 2]: 11 vertices, ok
  form [0, 0, 1, 1, 1, 2, 2, 1, 1]: 17 vertices, ok
  form [0, 1, 1, 1, 2, 2, 2, 1, 0]: 13 vertices, ok
  form [0, 1, 1, 1, 2, 2, 3, 0, 1]: 11 vertices, ok
  form [0, 1, 1, 2, 1, 2, 2, 0, 1]: 10 vertices, ok
  form [0, 1, 1, 2, 2, 3, 2, 1, -1]: 9 vertices, ok
  form [0, 1, 2, 1, 2, 2, 3, 1, -1]: 9 vertices, ok
  form [1, 0, 1, 1, 2, 2, 2, 0, 1]: 11 vertices, ok
  form [1, 1, 1, 2, 2, 2, 3, 0, 0]: 16 vertices, ok
  form [1, 1, 2, 2, 2, 3, 4, -1, 0]: 12 vertices, ok
  form [1, 1, 2, 2, 3, 2, 3, 0, -1]: 11 vertices, ok
  form [1, 1, 2, 3, 2, 2, 3, -1, 0]: 15 vertices, ok
  form [1, 2, 1, 2, 2, 3, 3, 0, -1]: 11 vertices, ok
  form [1, 2, 1, 2, 3, 2, 3, -1, 0]: 11 vertices, ok
  form [1, 2, 2, 3, 2, 3, 4, -1, -1]: 11 vertices, ok
  form [1, 2, 2, 3, 3, 2, 3, -1, -1]: 12 vertices, ok
  form [2, 1, 1, 2, 2, 3, 3, -1, 0]: 15 vertices, ok
  form [2, 1, 2, 2, 3, 3, 4, -1, -1]: 11 vertices, ok
  form [2, 1, 2, 3, 2, 3, 3, -1, -1]: 10 vertices, ok
  form [2, 2, 1, 2, 3, 3, 3, -1, -1]: 12 vertices, ok
  form [2, 3, 1, 2, 3, 3, 4, -2, -1]: 9 vertices, ok
  form [3, 1, 2, 2, 3, 3, 4, -2, -1]: 9 vertices, ok
RESULT m=7 z=1: 501 chamber vertices, max(kappa - form) = 5.44e-15  (3s)
