m=6 z=1 d=10: 34 exposed forms (0s)
  form [-3, -2, -1, 0, 0, 1, 4, 1]: 9 vertices, ok
  form [-3, -2, -1, 0, 1, 1, 4, 0]: 8 vertices, ok
  form [-3, -2, -1, 0, 1, 2, 4, -1]: 8 vertices, ok
  form [-2, -1, -1, 0, 0, 1, 3, 2]: 10 vertices, ok
  form [-2, -1, -1, 0, 1, 0, 2, 3]: 8 vertices, ok
  form [-2, -1, 0, -1, 0, 1, 2, 3]: 8 vertices, ok
  form [-2, -1, 0, 0, 1, 1, 3, 1]: 11 vertices, ok
  form [-2, -1, 0, 1, 1, 1, 3, 0]: 8 vertices, ok
  form [-2, -1, 0, 1, 2, 1, 3, -1]: 8 vertices, ok
  form [-1, -2, -1, 0, 0, 1, 2, 3]: 8 vertices, ok
  form [-1, -1, 0, 0, 1, 1, 2, 2]: 13 vertices, ok
  form [-1, 0, 0, 1, 1, 1, 2, 1]: 11 vertices, ok
  form [-1, 0, 0, 1, 1, 2, 1, 2]: 8 vertices, ok
  form [-1, 0, 1, 0, 1, 1, 1, 2]: 9 vertices, ok
  form [-1, 0, 1, 1, 1, 2, 2, 0]: 10 vertices, ok
  form [-1, 0, 1, 2, 1, 2, 2, -1]: 8 vertices, ok
  form [0, -1, 0, 1, 1, 1, 1, 2]: 9 vertices, ok
  form [0, 0, 1, 1, 1, 2, 1, 1]: 13 vertices, ok
  form [0, 1, 1, 1, 2, 2, 1, 0]: 12 vertices, ok
  form [0, 1, 1, 2, 1, 2, 0, 1]: 9 vertices, ok
  form [0, 1, 1, 2, 2, 3, 1, -1]: 8 vertices, ok
  form [0, 1, 2, 1, 2, 2, 1, -1]: 8 vertices, ok
  form [1, 0, 1, 1, 2, 2, 0, 1]: 10 vertices, ok
  form [1, 1, 1, 2, 2, 2, 0, 0]: 10 vertices, ok
  form [1, 1, 2, 2, 3, 2, 0, -1]: 9 vertices, ok
  form [1, 1, 2, 3, 2, 2, -1, 0]: 11 vertices, ok
  form [1, 2, 1, 2, 2, 3, 0, -1]: 9 vertices, ok
  form [1, 2, 1, 2, 3, 2, -1, 0]: 9 vertices, ok
  form [1, 2, 2, 3, 3, 2, -1, -1]: 11 vertices, ok
  form [2, 1, 1, 2, 2, 3, -1, 0]: 11 vertices, ok
  form [2, 1, 2, 3, 2, 3, -1, -1]: 9 vertices, ok
  form [2, 2, 1, 2, 3, 3, -1, -1]: 11 vertices, ok
  form [2, 3, 1, 2, 3, 3, -2, -1]: 8 vertices, ok
  form [3, 1, 2, 2, 3, 3, -2, -1]: 8 vertices, ok
RESULT m=6 z=1: 320 chamber vertices, max(kappa - form) = 6.11e-15  (2s)
