m=3 z=0 d=6: 10 exposed forms; 522 Horn triples
--- form [-1, 0, 1, 1, 2]  LP=1.277778 form=1.277778  a=[0.389 0.333 0.278] b=[0.5   0.444 0.056]  s=[0.5   0.444 0.278 0.056 0.   ]
    y=1.000  I=(3,) J=(1,) K=(3,)  ->  +s3 >= lam[3]
    y=1.000  I=(1, 3, 4) J=(1, 2, 4) K=(2, 3, 4)  ->  +s1 +s4 -s5 >= lam[2, 3, 4]
    y=1.000  I=(1, 2, 3, 4, 5) J=(1, 2, 3, 4, 6) K=(1, 2, 3, 4, 6)  ->  +s2 >= lam[1, 2, 3, 4, 6]
--- form [0, 0, 1, 1, 1]  LP=1.153846 form=1.153846  a=[0.462 0.308 0.231] b=[0.538 0.385 0.077]  s=[0.538 0.385 0.231 0.    0.   ]
    y=1.000  I=(3,) J=(1,) K=(3,)  ->  +s3 >= lam[3]
    y=1.000  I=(1, 2, 3, 4, 5) J=(1, 2, 3, 4, 5) K=(1, 2, 3, 4, 5)  ->  +s1 >= lam[1, 2, 3, 4, 5]
    y=1.000  I=(1, 2, 3, 4, 5) J=(1, 2, 3, 4, 6) K=(1, 2, 3, 4, 6)  ->  +s2 >= lam[1, 2, 3, 4, 6]
--- form [0, 1, 1, 1, 0]  LP=1.181818 form=1.181818  a=[0.455 0.364 0.182] b=[0.636 0.273 0.091]  s=[0.636 0.364 0.182 0.    0.   ]
    y=1.000  I=(2,) J=(1,) K=(2,)  ->  +s2 >= lam[2]
    y=1.000  I=(3,) J=(1,) K=(3,)  ->  +s3 >= lam[3]
    y=1.000  I=(1, 2, 3, 4, 5) J=(1, 2, 3, 4, 5) K=(1, 2, 3, 4, 5)  ->  +s1 >= lam[1, 2, 3, 4, 5]
--- form [0, 1, 2, 1, -1]  LP=1.416667 form=1.416667  a=[0.417 0.333 0.25 ] b=[0.75  0.167 0.083]  s=[0.75  0.333 0.25  0.083 0.   ]
    y=1.000  I=(3,) J=(1,) K=(3,)  ->  +s3 >= lam[3]
    y=1.000  I=(2, 3, 4) J=(1, 2, 4) K=(2, 3, 5)  ->  +s2 +s4 -s5 >= lam[2, 3, 5]
    y=1.000  I=(1, 2, 3, 4, 5) J=(1, 2, 3, 4, 5) K=(1, 2, 3, 4, 5)  ->  +s1 >= lam[1, 2, 3, 4, 5]
--- form [1, 0, 1, 0, 1]  LP=1.166667 form=1.166667  a=[0.583 0.25  0.167] b=[0.5   0.417 0.083]  s=[0.583 0.417 0.167 0.    0.   ]
    y=1.000  I=(1,) J=(1,) K=(1,)  ->  +s1 >= lam[1]
    y=1.000  I=(3,) J=(1,) K=(3,)  ->  +s3 >= lam[3]
    y=1.000  I=(1, 2, 3, 4, 5) J=(1, 2, 3, 4, 6) K=(1, 2, 3, 4, 6)  ->  +s2 >= lam[1, 2, 3, 4, 6]
--- form [1, 2, 1, 0, -1]  LP=1.166667 form=1.166667  a=[0.5   0.417 0.083] b=[0.583 0.25  0.167]  s=[0.583 0.417 0.167 0.    0.   ]
    y=1.000  I=(2,) J=(1,) K=(2,)  ->  +s2 >= lam[2]
    y=1.000  I=(1, 2, 3, 4, 5) J=(1, 2, 3, 4, 5) K=(1, 2, 3, 4, 5)  ->  +s1 >= lam[1, 2, 3, 4, 5]
    y=1.000  I=(1, 2, 3, 4, 5) J=(1, 2, 3, 5, 6) K=(1, 2, 3, 5, 6)  ->  +s3 >= lam[1, 2, 3, 5, 6]
--- form [2, 1, 1, -1, 0]  LP=1.181818 form=1.181818  a=[0.636 0.273 0.091] b=[0.455 0.364 0.182]  s=[0.636 0.364 0.182 0.    0.   ]
    y=1.000  I=(1,) J=(1,) K=(1,)  ->  +s1 >= lam[1]
    y=1.000  I=(1, 2, 3, 4, 5) J=(1, 2, 3, 4, 6) K=(1, 2, 3, 4, 6)  ->  +s2 >= lam[1, 2, 3, 4, 6]
    y=1.000  I=(1, 2, 3, 4, 5) J=(1, 2, 3, 5, 6) K=(1, 2, 3, 5, 6)  ->  +s3 >= lam[1, 2, 3, 5, 6]
--- form [2, 2, 1, -1, -1]  LP=1.153846 form=1.153846  a=[0.538 0.385 0.077] b=[0.462 0.308 0.231]  s=[0.538 0.385 0.231 0.    0.   ]
    y=1.000  I=(1,) J=(1,) K=(1,)  ->  +s1 >= lam[1]
    y=1.000  I=(2,) J=(1,) K=(2,)  ->  +s2 >= lam[2]
    y=1.000  I=(1, 2, 3, 4, 5) J=(1, 2, 3, 5, 6) K=(1, 2, 3, 5, 6)  ->  +s3 >= lam[1, 2, 3, 5, 6]
--- form [2, 3, 1, -2, -1]  LP=1.277778 form=1.277778  a=[0.5   0.444 0.056] b=[0.389 0.333 0.278]  s=[0.5   0.444 0.278 0.056 0.   ]
    y=1.000  I=(2,) J=(1,) K=(2,)  ->  +s2 >= lam[2]
    y=1.000  I=(1, 2, 4) J=(1, 2, 5) K=(1, 2, 6)  ->  +s1 +s4 -s5 >= lam[1, 2, 6]
    y=1.000  I=(1, 2, 3, 4, 5) J=(1, 2, 3, 5, 6) K=(1, 2, 3, 5, 6)  ->  +s3 >= lam[1, 2, 3, 5, 6]
--- form [3, 1, 2, -2, -1]  LP=1.416667 form=1.416667  a=[0.75  0.167 0.083] b=[0.417 0.333 0.25 ]  s=[0.75  0.333 0.25  0.083 0.   ]
    y=1.000  I=(1,) J=(1,) K=(1,)  ->  +s1 >= lam[1]
    y=1.000  I=(1, 2, 4) J=(1, 2, 6) K=(1, 3, 6)  ->  +s2 +s4 -s5 >= lam[1, 3, 6]
    y=1.000  I=(1, 2, 3, 4, 5) J=(1, 2, 3, 5, 6) K=(1, 2, 3, 5, 6)  ->  +s3 >= lam[1, 2, 3, 5, 6]
