m=4 z=0 d=7: 19 exposed forms; 2062 Horn triples
--- form [-1, 0, 0, 1, 2, 1]  LP=1.357143 form=1.357143  a=[0.357 0.286 0.214 0.143] b=[0.643 0.286 0.071]  s=[0.643 0.357 0.214 0.143 0.    0.   ]
    y=1.000  I=(4,) J=(1,) K=(4,)  ->  +s4 >= lam[4]
    y=1.000  I=(2, 3, 4, 5) J=(1, 2, 3, 4) K=(2, 3, 4, 5)  ->  +s2 +s3 -s6 >= lam[2, 3, 4, 5]
    y=1.000  I=(1, 2, 3, 4, 5, 6) J=(1, 2, 3, 4, 5, 6) K=(1, 2, 3, 4, 5, 6)  ->  +s1 >= lam[1, 2, 3, 4, 5, 6]
--- form [-1, 0, 1, 0, 1, 2]  LP=1.318182 form=1.318182  a=[0.364 0.318 0.273 0.045] b=[0.5   0.455 0.045]  s=[0.545 0.455 0.273 0.045 0.    0.   ]
    y=1.000  I=(3,) J=(1,) K=(3,)  ->  +s3 >= lam[3]
    y=1.000  I=(1, 3, 4, 5) J=(1, 2, 3, 5) K=(2, 3, 4, 5)  ->  +s1 +s4 -s6 >= lam[2, 3, 4, 5]
    y=1.000  I=(1, 2, 3, 4, 5, 6) J=(1, 2, 3, 4, 5, 7) K=(1, 2, 3, 4, 5, 7)  ->  +s2 >= lam[1, 2, 3, 4, 5, 7]
--- form [-1, 0, 1, 1, 2, 0]  LP=1.529412 form=1.529412  a=[0.353 0.294 0.235 0.118] b=[0.765 0.176 0.059]  s=[0.765 0.412 0.235 0.118 0.    0.   ]
    y=1.000  I=(3,) J=(1,) K=(3,)  ->  +s3 >= lam[3]
    y=1.000  I=(4,) J=(1,) K=(4,)  ->  +s4 >= lam[4]
    y=1.000  I=(2, 3, 4, 5, 6) J=(1, 2, 3, 4, 5) K=(2, 3, 4, 5, 6)  ->  +s2 >= lam[2, 3, 4, 5, 6]
    y=1.000  I=(1, 2, 3, 4, 5, 6) J=(1, 2, 3, 4, 5, 6) K=(1, 2, 3, 4, 5, 6)  ->  +s1 >= lam[1, 2, 3, 4, 5, 6]
--- form [-1, 0, 1, 2, 2, -1]  LP=1.777778 form=1.777778  a=[0.333 0.278 0.222 0.167] b=[0.833 0.111 0.056]  s=[0.833 0.5   0.222 0.167 0.056 0.   ]
    y=1.000  I=(4,) J=(1,) K=(4,)  ->  +s4 >= lam[4]
    y=1.000  I=(3, 4, 5) J=(1, 2, 4) K=(3, 4, 6)  ->  +s3 +s5 -s6 >= lam[3, 4, 6]
    y=1.000  I=(2, 3, 4, 5, 6) J=(1, 2, 3, 4, 5) K=(2, 3, 4, 5, 6)  ->  +s2 >= lam[2, 3, 4, 5, 6]
    y=1.000  I=(1, 2, 3, 4, 5, 6) J=(1, 2, 3, 4, 5, 6) K=(1, 2, 3, 4, 5, 6)  ->  +s1 >= lam[1, 2, 3, 4, 5, 6]
--- form [0, -1, 0, 1, 1, 2]  LP=1.277778 form=1.277778  a=[0.5   0.222 0.167 0.111] b=[0.5   0.444 0.056]  s=[0.556 0.444 0.167 0.111 0.    0.   ]
    y=1.000  I=(4,) J=(1,) K=(4,)  ->  +s4 >= lam[4]
    y=1.000  I=(1, 3, 4, 5) J=(1, 2, 3, 4) K=(1, 3, 4, 5)  ->  +s1 +s3 -s6 >= lam[1, 3, 4, 5]
    y=1.000  I=(1, 2, 3, 4, 5, 6) J=(1, 2, 3, 4, 5, 7) K=(1, 2, 3, 4, 5, 7)  ->  +s2 >= lam[1, 2, 3, 4, 5, 7]
--- form [0, 0, 1, 1, 1, 1]  LP=1.200000 form=1.200000  a=[0.4 0.3 0.2 0.1] b=[0.5 0.4 0.1]  s=[0.5 0.4 0.2 0.1 0.  0. ]
    y=1.000  I=(3,) J=(1,) K=(3,)  ->  +s3 >= lam[3]
    y=1.000  I=(4,) J=(1,) K=(4,)  ->  +s4 >= lam[4]
    y=1.000  I=(1, 2, 3, 4, 5, 6) J=(1, 2, 3, 4, 5, 6) K=(1, 2, 3, 4, 5, 6)  ->  +s1 >= lam[1, 2, 3, 4, 5, 6]
    y=1.000  I=(1, 2, 3, 4, 5, 6) J=(1, 2, 3, 4, 5, 7) K=(1, 2, 3, 4, 5, 7)  ->  +s2 >= lam[1, 2, 3, 4, 5, 7]
--- form [0, 1, 1, 1, 1, 0]  LP=1.200000 form=1.200000  a=[0.4   0.333 0.2   0.067] b=[0.6   0.267 0.133]  s=[0.6   0.333 0.2   0.067 0.    0.   ]
    y=1.000  I=(2,) J=(1,) K=(2,)  ->  +s2 >= lam[2]
    y=1.000  I=(3,) J=(1,) K=(3,)  ->  +s3 >= lam[3]
    y=1.000  I=(4,) J=(1,) K=(4,)  ->  +s4 >= lam[4]
    y=1.000  I=(1, 2, 3, 4, 5, 6) J=(1, 2, 3, 4, 5, 6) K=(1, 2, 3, 4, 5, 6)  ->  +s1 >= lam[1, 2, 3, 4, 5, 6]
--- form [0, 1, 1, 2, 0, 1]  LP=1.227273 form=1.227273  a=[0.318 0.273 0.227 0.182] b=[0.409 0.364 0.227]  s=[0.455 0.364 0.227 0.182 0.    0.   ]
    y=1.000  I=(4,) J=(1,) K=(4,)  ->  +s4 >= lam[4]
    y=1.000  I=(1, 3, 4) J=(1, 2, 4) K=(2, 3, 4)  ->  +s1 +s3 -s6 >= lam[2, 3, 4]
    y=1.000  I=(1, 2, 3, 4, 5, 6) J=(1, 2, 3, 4, 5, 7) K=(1, 2, 3, 4, 5, 7)  ->  +s2 >= lam[1, 2, 3, 4, 5, 7]
--- form [0, 1, 2, 1, 1, -1]  LP=1.375000 form=1.375000  a=[0.375 0.313 0.25  0.062] b=[0.688 0.188 0.125]  s=[0.688 0.313 0.25  0.125 0.    0.   ]
    y=1.000  I=(3,) J=(1,) K=(3,)  ->  +s3 >= lam[3]
    y=1.000  I=(2, 3, 4, 5) J=(1, 2, 3, 5) K=(2, 3, 4, 6)  ->  +s2 +s4 -s6 >= lam[2, 3, 4, 6]
    y=1.000  I=(1, 2, 3, 4, 5, 6) J=(1, 2, 3, 4, 5, 6) K=(1, 2, 3, 4, 5, 6)  ->  +s1 >= lam[1, 2, 3, 4, 5, 6]
--- form [1, 0, 1, 1, 0, 1]  LP=1.176471 form=1.176471  a=[0.529 0.235 0.176 0.059] b=[0.471 0.412 0.118]  s=[0.529 0.412 0.176 0.059 0.    0.   ]
    y=1.000  I=(1,) J=(1,) K=(1,)  ->  +s1 >= lam[1]
    y=1.000  I=(3,) J=(1,) K=(3,)  ->  +s3 >= lam[3]
    y=1.000  I=(4,) J=(1,) K=(4,)  ->  +s4 >= lam[4]
    y=1.000  I=(1, 2, 3, 4, 5, 6) J=(1, 2, 3, 4, 5, 7) K=(1, 2, 3, 4, 5, 7)  ->  +s2 >= lam[1, 2, 3, 4, 5, 7]
--- form [1, 1, 1, 2, 0, 0]  LP=1.142857 form=1.142857  a=[0.381 0.286 0.19  0.143] b=[0.429 0.333 0.238]  s=[0.429 0.333 0.238 0.143 0.    0.   ]
    y=1.000  I=(4,) J=(1,) K=(4,)  ->  +s4 >= lam[4]
    y=1.000  I=(1, 2, 3, 4, 5, 6) J=(1, 2, 3, 4, 5, 6) K=(1, 2, 3, 4, 5, 6)  ->  +s1 >= lam[1, 2, 3, 4, 5, 6]
    y=1.000  I=(1, 2, 3, 4, 5, 6) J=(1, 2, 3, 4, 5, 7) K=(1, 2, 3, 4, 5, 7)  ->  +s2 >= lam[1, 2, 3, 4, 5, 7]
    y=1.000  I=(1, 2, 3, 4, 5, 6) J=(1, 2, 3, 4, 6, 7) K=(1, 2, 3, 4, 6, 7)  ->  +s3 >= lam[1, 2, 3, 4, 6, 7]
--- form [1, 1, 2, 3, -1, 0]  LP=1.257143 form=1.257143  a=[0.314 0.257 0.229 0.2  ] b=[0.371 0.343 0.286]  s=[0.429 0.343 0.286 0.2   0.    0.   ]
    y=1.000  I=(4,) J=(1,) K=(4,)  ->  +s4 >= lam[4]
    y=1.000  I=(1, 4) J=(1, 4) K=(3, 4)  ->  +s1 >= lam[3, 4]
    y=1.000  I=(1, 2, 3, 4, 5, 6) J=(1, 2, 3, 4, 5, 7) K=(1, 2, 3, 4, 5, 7)  ->  +s2 >= lam[1, 2, 3, 4, 5, 7]
    y=1.000  I=(1, 2, 3, 4, 5, 6) J=(1, 2, 3, 4, 6, 7) K=(1, 2, 3, 4, 6, 7)  ->  +s3 >= lam[1, 2, 3, 4, 6, 7]
--- form [1, 2, 1, 2, 0, -1]  LP=1.142857 form=1.142857  a=[0.429 0.357 0.143 0.071] b=[0.5   0.286 0.214]  s=[0.5   0.357 0.214 0.071 0.    0.   ]
    y=1.000  I=(2,) J=(1,) K=(2,)  ->  +s2 >= lam[2]
    y=1.000  I=(4,) J=(1,) K=(4,)  ->  +s4 >= lam[4]
    y=1.000  I=(1, 2, 3, 4, 5, 6) J=(1, 2, 3, 4, 5, 6) K=(1, 2, 3, 4, 5, 6)  ->  +s1 >= lam[1, 2, 3, 4, 5, 6]
    y=1.000  I=(1, 2, 3, 4, 5, 6) J=(1, 2, 3, 4, 6, 7) K=(1, 2, 3, 4, 6, 7)  ->  +s3 >= lam[1, 2, 3, 4, 6, 7]
--- form [1, 2, 3, 4, -2, -1]  LP=1.333333 form=1.333333  a=[0.286 0.262 0.238 0.214] b=[0.357 0.333 0.31 ]  s=[0.452 0.333 0.31  0.214 0.024 0.   ]
    y=1.000  I=(4,) J=(1,) K=(4,)  ->  +s4 >= lam[4]
    y=1.000  I=(1, 4) J=(1, 4) K=(3, 4)  ->  +s1 >= lam[3, 4]
    y=1.000  I=(1, 2, 4, 5) J=(1, 2, 4, 7) K=(2, 3, 4, 7)  ->  +s2 +s5 -s6 >= lam[2, 3, 4, 7]
    y=1.000  I=(1, 2, 3, 4, 5, 6) J=(1, 2, 3, 4, 6, 7) K=(1, 2, 3, 4, 6, 7)  ->  +s3 >= lam[1, 2, 3, 4, 6, 7]
--- form [2, 1, 1, 2, -1, 0]  LP=1.166667 form=1.166667  a=[0.5   0.25  0.167 0.083] b=[0.417 0.333 0.25 ]  s=[0.5   0.333 0.25  0.083 0.    0.   ]
    y=1.000  I=(1,) J=(1,) K=(1,)  ->  +s1 >= lam[1]
    y=1.000  I=(4,) J=(1,) K=(4,)  ->  +s4 >= lam[4]
    y=1.000  I=(1, 2, 3, 4, 5, 6) J=(1, 2, 3, 4, 5, 7) K=(1, 2, 3, 4, 5, 7)  ->  +s2 >= lam[1, 2, 3, 4, 5, 7]
    y=1.000  I=(1, 2, 3, 4, 5, 6) J=(1, 2, 3, 4, 6, 7) K=(1, 2, 3, 4, 6, 7)  ->  +s3 >= lam[1, 2, 3, 4, 6, 7]
--- form [2, 1, 2, 3, -1, -1]  LP=1.208333 form=1.208333  a=[0.375 0.25  0.208 0.167] b=[0.375 0.333 0.292]  s=[0.417 0.333 0.292 0.167 0.    0.   ]
    y=1.000  I=(4,) J=(1,) K=(4,)  ->  +s4 >= lam[4]
    y=1.000  I=(1, 2, 4) J=(1, 2, 4) K=(1, 3, 4)  ->  +s1 +s2 -s6 >= lam[1, 3, 4]
    y=1.000  I=(1, 2, 3, 4, 5, 6) J=(1, 2, 3, 4, 6, 7) K=(1, 2, 3, 4, 6, 7)  ->  +s3 >= lam[1, 2, 3, 4, 6, 7]
--- form [2, 2, 1, 2, -1, -1]  LP=1.157895 form=1.157895  a=[0.474 0.368 0.105 0.053] b=[0.421 0.316 0.263]  s=[0.474 0.368 0.263 0.053 0.    0.   ]
    y=1.000  I=(1,) J=(1,) K=(1,)  ->  +s1 >= lam[1]
    y=1.000  I=(2,) J=(1,) K=(2,)  ->  +s2 >= lam[2]
    y=1.000  I=(4,) J=(1,) K=(4,)  ->  +s4 >= lam[4]
    y=1.000  I=(1, 2, 3, 4, 5, 6) J=(1, 2, 3, 4, 6, 7) K=(1, 2, 3, 4, 6, 7)  ->  +s3 >= lam[1, 2, 3, 4, 6, 7]
--- form [2, 3, 1, 2, -2, -1]  LP=1.250000 form=1.250000  a=[0.458 0.417 0.083 0.042] b=[0.375 0.333 0.292]  s=[0.5   0.417 0.292 0.042 0.    0.   ]
    y=1.000  I=(2,) J=(1,) K=(2,)  ->  +s2 >= lam[2]
    y=1.000  I=(1, 2, 4, 5) J=(1, 2, 3, 6) K=(1, 2, 4, 7)  ->  +s1 +s4 -s6 >= lam[1, 2, 4, 7]
    y=1.000  I=(1, 2, 3, 4, 5, 6) J=(1, 2, 3, 4, 6, 7) K=(1, 2, 3, 4, 6, 7)  ->  +s3 >= lam[1, 2, 3, 4, 6, 7]
--- form [3, 1, 2, 2, -2, -1]  LP=1.388889 form=1.388889  a=[0.667 0.167 0.111 0.056] b=[0.389 0.333 0.278]  s=[0.667 0.333 0.278 0.111 0.    0.   ]
    y=1.000  I=(1,) J=(1,) K=(1,)  ->  +s1 >= lam[1]
    y=1.000  I=(1, 2, 4, 5) J=(1, 2, 3, 7) K=(1, 3, 4, 7)  ->  +s2 +s4 -s6 >= lam[1, 3, 4, 7]
    y=1.000  I=(1, 2, 3, 4, 5, 6) J=(1, 2, 3, 4, 6, 7) K=(1, 2, 3, 4, 6, 7)  ->  +s3 >= lam[1, 2, 3, 4, 6, 7]
