m=6 z=0 d=9: 34 exposed forms; 39716 Horn triples
--- form [-3, -2, -1, 0, 0, 1, 4, 1]  LP=2.074074 form=2.074074  a=[0.259 0.222 0.185 0.148 0.111 0.074] b=[0.815 0.148 0.037]  s=[0.815 0.556 0.333 0.185 0.111 0.074 0.    0.   ]
    y=1.000  I=(6,) J=(1,) K=(6,)  ->  +s6 >= lam[6]
    y=1.000  I=(4, 5, 6, 7) J=(1, 2, 3, 4) K=(4, 5, 6, 7)  ->  +s4 +s5 -s8 >= lam[4, 5, 6, 7]
    y=1.000  I=(3, 4, 5, 6, 7, 8) J=(1, 2, 3, 4, 5, 6) K=(3, 4, 5, 6, 7, 8)  ->  +s3 >= lam[3, 4, 5, 6, 7, 8]
    y=1.000  I=(2, 3, 4, 5, 6, 7, 8) J=(1, 2, 3, 4, 5, 6, 7) K=(2, 3, 4, 5, 6, 7, 8)  ->  +s2 >= lam[2, 3, 4, 5, 6, 7, 8]
    y=1.000  I=(1, 2, 3, 4, 5, 6, 7, 8) J=(1, 2, 3, 4, 5, 6, 7, 8) K=(1, 2, 3, 4, 5, 6, 7, 8)  ->  +s1 >= lam[1, 2, 3, 4, 5, 6, 7, 8]
--- form [-3, -2, -1, 0, 1, 1, 4, 0]  LP=2.312500 form=2.312500  a=[0.25  0.219 0.188 0.156 0.125 0.062] b=[0.875 0.094 0.031]  s=[0.875 0.625 0.406 0.219 0.125 0.062 0.    0.   ]
    y=1.000  I=(5,) J=(1,) K=(5,)  ->  +s5 >= lam[5]
    y=1.000  I=(6,) J=(1,) K=(6,)  ->  +s6 >= lam[6]
    y=1.000  I=(4, 5, 6, 7, 8) J=(1, 2, 3, 4, 5) K=(4, 5, 6, 7, 8)  ->  +s4 >= lam[4, 5, 6, 7, 8]
    y=1.000  I=(3, 4, 5, 6, 7, 8) J=(1, 2, 3, 4, 5, 6) K=(3, 4, 5, 6, 7, 8)  ->  +s3 >= lam[3, 4, 5, 6, 7, 8]
    y=1.000  I=(2, 3, 4, 5, 6, 7, 8) J=(1, 2, 3, 4, 5, 6, 7) K=(2, 3, 4, 5, 6, 7, 8)  ->  +s2 >= lam[2, 3, 4, 5, 6, 7, 8]
    y=1.000  I=(1, 2, 3, 4, 5, 6, 7, 8) J=(1, 2, 3, 4, 5, 6, 7, 8) K=(1, 2, 3, 4, 5, 6, 7, 8)  ->  +s1 >= lam[1, 2, 3, 4, 5, 6, 7, 8]
--- form [-3, -2, -1, 0, 1, 2, 4, -1]  LP=2.545455 form=2.545455  a=[0.242 0.212 0.182 0.152 0.121 0.091] b=[0.909 0.061 0.03 ]  s=[0.909 0.667 0.455 0.273 0.121 0.091 0.03  0.   ]
    y=1.000  I=(6,) J=(1,) K=(6,)  ->  +s6 >= lam[6]
    y=1.000  I=(5, 6, 7) J=(1, 2, 4) K=(5, 6, 8)  ->  +s5 +s7 -s8 >= lam[5, 6, 8]
    y=1.000  I=(4, 5, 6, 7, 8) J=(1, 2, 3, 4, 5) K=(4, 5, 6, 7, 8)  ->  +s4 >= lam[4, 5, 6, 7, 8]
    y=1.000  I=(3, 4, 5, 6, 7, 8) J=(1, 2, 3, 4, 5, 6) K=(3, 4, 5, 6, 7, 8)  ->  +s3 >= lam[3, 4, 5, 6, 7, 8]
    y=1.000  I=(2, 3, 4, 5, 6, 7, 8) J=(1, 2, 3, 4, 5, 6, 7) K=(2, 3, 4, 5, 6, 7, 8)  ->  +s2 >= lam[2, 3, 4, 5, 6, 7, 8]
    y=1.000  I=(1, 2, 3, 4, 5, 6, 7, 8) J=(1, 2, 3, 4, 5, 6, 7, 8) K=(1, 2, 3, 4, 5, 6, 7, 8)  ->  +s1 >= lam[1, 2, 3, 4, 5, 6, 7, 8]
--- form [-2, -1, -1, 0, 0, 1, 3, 2]  LP=1.703704 form=1.703704  a=[0.259 0.222 0.185 0.148 0.111 0.074] b=[0.63  0.333 0.037]  s=[0.63  0.37  0.333 0.185 0.111 0.074 0.    0.   ]
    y=1.000  I=(6,) J=(1,) K=(6,)  ->  +s6 >= lam[6]
    y=1.000  I=(4, 5, 6, 7) J=(1, 2, 3, 4) K=(4, 5, 6, 7)  ->  +s4 +s5 -s8 >= lam[4, 5, 6, 7]
    y=1.000  I=(2, 3, 4, 5, 6, 7) J=(1, 2, 3, 4, 5, 6) K=(2, 3, 4, 5, 6, 7)  ->  +s2 +s3 -s8 >= lam[2, 3, 4, 5, 6, 7]
    y=1.000  I=(1, 2, 3, 4, 5, 6, 7, 8) J=(1, 2, 3, 4, 5, 6, 7, 8) K=(1, 2, 3, 4, 5, 6, 7, 8)  ->  +s1 >= lam[1, 2, 3, 4, 5, 6, 7, 8]
--- form [-2, -1, -1, 0, 1, 0, 2, 3]  LP=1.695652 form=1.695652  a=[0.239 0.217 0.196 0.174 0.152 0.022] b=[0.5   0.478 0.022]  s=[0.522 0.478 0.304 0.217 0.152 0.022 0.    0.   ]
    y=1.000  I=(5,) J=(1,) K=(5,)  ->  +s5 >= lam[5]
    y=1.000  I=(3, 5, 6, 7) J=(1, 2, 3, 5) K=(4, 5, 6, 7)  ->  +s3 +s6 -s8 >= lam[4, 5, 6, 7]
    y=1.000  I=(1, 3, 4, 5, 6, 7) J=(1, 2, 3, 4, 5, 7) K=(2, 3, 4, 5, 6, 7)  ->  +s1 +s4 -s8 >= lam[2, 3, 4, 5, 6, 7]
    y=1.000  I=(1, 2, 3, 4, 5, 6, 7, 8) J=(1, 2, 3, 4, 5, 6, 7, 9) K=(1, 2, 3, 4, 5, 6, 7, 9)  ->  +s2 >= lam[1, 2, 3, 4, 5, 6, 7, 9]
--- form [-2, -1, 0, -1, 0, 1, 2, 3]  LP=1.547619 form=1.547619  a=[0.286 0.262 0.238 0.095 0.071 0.048] b=[0.5   0.476 0.024]  s=[0.524 0.476 0.262 0.167 0.071 0.048 0.    0.   ]
    y=1.000  I=(6,) J=(1,) K=(6,)  ->  +s6 >= lam[6]
    y=1.000  I=(3, 5, 6, 7) J=(1, 2, 3, 4) K=(3, 5, 6, 7)  ->  +s3 +s5 -s8 >= lam[3, 5, 6, 7]
    y=1.000  I=(1, 3, 4, 5, 6, 7) J=(1, 2, 3, 4, 5, 7) K=(2, 3, 4, 5, 6, 7)  ->  +s1 +s4 -s8 >= lam[2, 3, 4, 5, 6, 7]
    y=1.000  I=(1, 2, 3, 4, 5, 6, 7, 8) J=(1, 2, 3, 4, 5, 6, 7, 9) K=(1, 2, 3, 4, 5, 6, 7, 9)  ->  +s2 >= lam[1, 2, 3, 4, 5, 6, 7, 9]
--- form [-2, -1, 0, 0, 1, 1, 3, 1]  LP=1.809524 form=1.809524  a=[0.286 0.238 0.19  0.143 0.095 0.048] b=[0.762 0.19  0.048]  s=[0.762 0.476 0.286 0.143 0.095 0.048 0.    0.   ]
    y=1.000  I=(5,) J=(1,) K=(5,)  ->  +s5 >= lam[5]
    y=1.000  I=(6,) J=(1,) K=(6,)  ->  +s6 >= lam[6]
    y=1.000  I=(3, 4, 5, 6, 7) J=(1, 2, 3, 4, 5) K=(3, 4, 5, 6, 7)  ->  +s3 +s4 -s8 >= lam[3, 4, 5, 6, 7]
    y=1.000  I=(2, 3, 4, 5, 6, 7, 8) J=(1, 2, 3, 4, 5, 6, 7) K=(2, 3, 4, 5, 6, 7, 8)  ->  +s2 >= lam[2, 3, 4, 5, 6, 7, 8]
    y=1.000  I=(1, 2, 3, 4, 5, 6, 7, 8) J=(1, 2, 3, 4, 5, 6, 7, 8) K=(1, 2, 3, 4, 5, 6, 7, 8)  ->  +s1 >= lam[1, 2, 3, 4, 5, 6, 7, 8]
--- form [-2, -1, 0, 1, 1, 1, 3, 0]  LP=1.933333 form=1.933333  a=[0.267 0.233 0.2   0.167 0.1   0.033] b=[0.8   0.133 0.067]  s=[0.8   0.533 0.3   0.167 0.1   0.033 0.    0.   ]
    y=1.000  I=(4,) J=(1,) K=(4,)  ->  +s4 >= lam[4]
    y=1.000  I=(5,) J=(1,) K=(5,)  ->  +s5 >= lam[5]
    y=1.000  I=(6,) J=(1,) K=(6,)  ->  +s6 >= lam[6]
    y=1.000  I=(3, 4, 5, 6, 7, 8) J=(1, 2, 3, 4, 5, 6) K=(3, 4, 5, 6, 7, 8)  ->  +s3 >= lam[3, 4, 5, 6, 7, 8]
    y=1.000  I=(2, 3, 4, 5, 6, 7, 8) J=(1, 2, 3, 4, 5, 6, 7) K=(2, 3, 4, 5, 6, 7, 8)  ->  +s2 >= lam[2, 3, 4, 5, 6, 7, 8]
    y=1.000  I=(1, 2, 3, 4, 5, 6, 7, 8) J=(1, 2, 3, 4, 5, 6, 7, 8) K=(1, 2, 3, 4, 5, 6, 7, 8)  ->  +s1 >= lam[1, 2, 3, 4, 5, 6, 7, 8]
--- form [-2, -1, 0, 1, 2, 1, 3, -1]  LP=2.129032 form=2.129032  a=[0.258 0.226 0.194 0.161 0.129 0.032] b=[0.839 0.097 0.065]  s=[0.839 0.581 0.355 0.194 0.129 0.032 0.    0.   ]
    y=1.000  I=(5,) J=(1,) K=(5,)  ->  +s5 >= lam[5]
    y=1.000  I=(4, 5, 6, 7) J=(1, 2, 3, 5) K=(4, 5, 6, 8)  ->  +s4 +s6 -s8 >= lam[4, 5, 6, 8]
    y=1.000  I=(3, 4, 5, 6, 7, 8) J=(1, 2, 3, 4, 5, 6) K=(3, 4, 5, 6, 7, 8)  ->  +s3 >= lam[3, 4, 5, 6, 7, 8]
    y=1.000  I=(2, 3, 4, 5, 6, 7, 8) J=(1, 2, 3, 4, 5, 6, 7) K=(2, 3, 4, 5, 6, 7, 8)  ->  +s2 >= lam[2, 3, 4, 5, 6, 7, 8]
    y=1.000  I=(1, 2, 3, 4, 5, 6, 7, 8) J=(1, 2, 3, 4, 5, 6, 7, 8) K=(1, 2, 3, 4, 5, 6, 7, 8)  ->  +s1 >= lam[1, 2, 3, 4, 5, 6, 7, 8]
--- form [-1, -2, -1, 0, 0, 1, 2, 3]  LP=1.562500 form=1.562500  a=[0.375 0.188 0.156 0.125 0.094 0.062] b=[0.5   0.469 0.031]  s=[0.531 0.469 0.25  0.156 0.094 0.062 0.    0.   ]
    y=1.000  I=(6,) J=(1,) K=(6,)  ->  +s6 >= lam[6]
    y=1.000  I=(4, 5, 6, 7) J=(1, 2, 3, 4) K=(4, 5, 6, 7)  ->  +s4 +s5 -s8 >= lam[4, 5, 6, 7]
    y=1.000  I=(1, 3, 4, 5, 6, 7) J=(1, 2, 3, 4, 5, 6) K=(1, 3, 4, 5, 6, 7)  ->  +s1 +s3 -s8 >= lam[1, 3, 4, 5, 6, 7]
    y=1.000  I=(1, 2, 3, 4, 5, 6, 7, 8) J=(1, 2, 3, 4, 5, 6, 7, 9) K=(1, 2, 3, 4, 5, 6, 7, 9)  ->  +s2 >= lam[1, 2, 3, 4, 5, 6, 7, 9]
--- form [-1, -1, 0, 0, 1, 1, 2, 2]  LP=1.523810 form=1.523810  a=[0.286 0.238 0.19  0.143 0.095 0.048] b=[0.524 0.429 0.048]  s=[0.524 0.429 0.286 0.143 0.095 0.048 0.    0.   ]
    y=1.000  I=(5,) J=(1,) K=(5,)  ->  +s5 >= lam[5]
    y=1.000  I=(6,) J=(1,) K=(6,)  ->  +s6 >= lam[6]
    y=1.000  I=(3, 4, 5, 6, 7) J=(1, 2, 3, 4, 5) K=(3, 4, 5, 6, 7)  ->  +s3 +s4 -s8 >= lam[3, 4, 5, 6, 7]
    y=1.000  I=(1, 2, 3, 4, 5, 6, 7, 8) J=(1, 2, 3, 4, 5, 6, 7, 8) K=(1, 2, 3, 4, 5, 6, 7, 8)  ->  +s1 >= lam[1, 2, 3, 4, 5, 6, 7, 8]
    y=1.000  I=(1, 2, 3, 4, 5, 6, 7, 8) J=(1, 2, 3, 4, 5, 6, 7, 9) K=(1, 2, 3, 4, 5, 6, 7, 9)  ->  +s2 >= lam[1, 2, 3, 4, 5, 6, 7, 9]
--- form [-1, 0, 0, 1, 1, 1, 2, 1]  LP=1.476190 form=1.476190  a=[0.286 0.238 0.19  0.143 0.095 0.048] b=[0.571 0.333 0.095]  s=[0.571 0.333 0.286 0.143 0.095 0.048 0.    0.   ]
    y=1.000  I=(4,) J=(1,) K=(4,)  ->  +s4 >= lam[4]
    y=1.000  I=(5,) J=(1,) K=(5,)  ->  +s5 >= lam[5]
    y=1.000  I=(6,) J=(1,) K=(6,)  ->  +s6 >= lam[6]
    y=1.000  I=(2, 3, 4, 5, 6, 7) J=(1, 2, 3, 4, 5, 6) K=(2, 3, 4, 5, 6, 7)  ->  +s2 +s3 -s8 >= lam[2, 3, 4, 5, 6, 7]
    y=1.000  I=(1, 2, 3, 4, 5, 6, 7, 8) J=(1, 2, 3, 4, 5, 6, 7, 8) K=(1, 2, 3, 4, 5, 6, 7, 8)  ->  +s1 >= lam[1, 2, 3, 4, 5, 6, 7, 8]
--- form [-1, 0, 0, 1, 1, 2, 1, 2]  LP=1.577778 form=1.577778  a=[0.222 0.2   0.178 0.156 0.133 0.111] b=[0.444 0.422 0.133]  s=[0.467 0.422 0.267 0.178 0.133 0.111 0.    0.   ]
    y=1.000  I=(6,) J=(1,) K=(6,)  ->  +s6 >= lam[6]
    y=1.000  I=(3, 5, 6) J=(1, 2, 4) K=(4, 5, 6)  ->  +s3 +s5 -s8 >= lam[4, 5, 6]
    y=1.000  I=(1, 3, 4, 5, 6, 7) J=(1, 2, 3, 4, 5, 7) K=(2, 3, 4, 5, 6, 7)  ->  +s1 +s4 -s8 >= lam[2, 3, 4, 5, 6, 7]
    y=1.000  I=(1, 2, 3, 4, 5, 6, 7, 8) J=(1, 2, 3, 4, 5, 6, 7, 9) K=(1, 2, 3, 4, 5, 6, 7, 9)  ->  +s2 >= lam[1, 2, 3, 4, 5, 6, 7, 9]
--- form [-1, 0, 1, 0, 1, 1, 1, 2]  LP=1.424242 form=1.424242  a=[0.303 0.273 0.242 0.091 0.061 0.03 ] b=[0.485 0.455 0.061]  s=[0.515 0.455 0.242 0.121 0.061 0.03  0.    0.   ]
    y=1.000  I=(3,) J=(1,) K=(3,)  ->  +s3 >= lam[3]
    y=1.000  I=(5,) J=(1,) K=(5,)  ->  +s5 >= lam[5]
    y=1.000  I=(6,) J=(1,) K=(6,)  ->  +s6 >= lam[6]
    y=1.000  I=(1, 3, 4, 5, 6, 7) J=(1, 2, 3, 4, 5, 7) K=(2, 3, 4, 5, 6, 7)  ->  +s1 +s4 -s8 >= lam[2, 3, 4, 5, 6, 7]
    y=1.000  I=(1, 2, 3, 4, 5, 6, 7, 8) J=(1, 2, 3, 4, 5, 6, 7, 9) K=(1, 2, 3, 4, 5, 6, 7, 9)  ->  +s2 >= lam[1, 2, 3, 4, 5, 6, 7, 9]
--- form [-1, 0, 1, 1, 1, 2, 2, 0]  LP=1.571429 form=1.571429  a=[0.286 0.238 0.19  0.143 0.095 0.048] b=[0.667 0.19  0.143]  s=[0.667 0.381 0.238 0.143 0.095 0.048 0.    0.   ]
    y=1.000  I=(6,) J=(1,) K=(6,)  ->  +s6 >= lam[6]
    y=1.000  I=(3, 4, 5, 6) J=(1, 2, 3, 4) K=(3, 4, 5, 6)  ->  +s3 +s4 +s5 -s7 -s8 >= lam[3, 4, 5, 6]
    y=1.000  I=(2, 3, 4, 5, 6, 7, 8) J=(1, 2, 3, 4, 5, 6, 7) K=(2, 3, 4, 5, 6, 7, 8)  ->  +s2 >= lam[2, 3, 4, 5, 6, 7, 8]
    y=1.000  I=(1, 2, 3, 4, 5, 6, 7, 8) J=(1, 2, 3, 4, 5, 6, 7, 8) K=(1, 2, 3, 4, 5, 6, 7, 8)  ->  +s1 >= lam[1, 2, 3, 4, 5, 6, 7, 8]
--- form [-1, 0, 1, 2, 1, 2, 2, -1]  LP=1.793103 form=1.793103  a=[0.276 0.241 0.207 0.172 0.069 0.034] b=[0.759 0.138 0.103]  s=[0.759 0.483 0.276 0.172 0.069 0.034 0.    0.   ]
    y=1.000  I=(4,) J=(1,) K=(4,)  ->  +s4 >= lam[4]
    y=1.000  I=(6,) J=(1,) K=(6,)  ->  +s6 >= lam[6]
    y=1.000  I=(3, 4, 5, 6, 7) J=(1, 2, 3, 4, 6) K=(3, 4, 5, 6, 8)  ->  +s3 +s5 -s8 >= lam[3, 4, 5, 6, 8]
    y=1.000  I=(2, 3, 4, 5, 6, 7, 8) J=(1, 2, 3, 4, 5, 6, 7) K=(2, 3, 4, 5, 6, 7, 8)  ->  +s2 >= lam[2, 3, 4, 5, 6, 7, 8]
    y=1.000  I=(1, 2, 3, 4, 5, 6, 7, 8) J=(1, 2, 3, 4, 5, 6, 7, 8) K=(1, 2, 3, 4, 5, 6, 7, 8)  ->  +s1 >= lam[1, 2, 3, 4, 5, 6, 7, 8]
--- form [0, -1, 0, 1, 1, 1, 1, 2]  LP=1.400000 form=1.400000  a=[0.4  0.2  0.16 0.12 0.08 0.04] b=[0.48 0.44 0.08]  s=[0.52 0.44 0.2  0.12 0.08 0.04 0.   0.  ]
    y=1.000  I=(4,) J=(1,) K=(4,)  ->  +s4 >= lam[4]
    y=1.000  I=(5,) J=(1,) K=(5,)  ->  +s5 >= lam[5]
    y=1.000  I=(6,) J=(1,) K=(6,)  ->  +s6 >= lam[6]
    y=1.000  I=(1, 3, 4, 5, 6, 7) J=(1, 2, 3, 4, 5, 6) K=(1, 3, 4, 5, 6, 7)  ->  +s1 +s3 -s8 >= lam[1, 3, 4, 5, 6, 7]
    y=1.000  I=(1, 2, 3, 4, 5, 6, 7, 8) J=(1, 2, 3, 4, 5, 6, 7, 9) K=(1, 2, 3, 4, 5, 6, 7, 9)  ->  +s2 >= lam[1, 2, 3, 4, 5, 6, 7, 9]
--- form [0, 0, 1, 1, 1, 2, 1, 1]  LP=1.380952 form=1.380952  a=[0.286 0.238 0.19  0.143 0.095 0.048] b=[0.476 0.381 0.143]  s=[0.476 0.381 0.238 0.143 0.095 0.048 0.    0.   ]
    y=1.000  I=(6,) J=(1,) K=(6,)  ->  +s6 >= lam[6]
    y=1.000  I=(3, 4, 5, 6) J=(1, 2, 3, 4) K=(3, 4, 5, 6)  ->  +s3 +s4 +s5 -s7 -s8 >= lam[3, 4, 5, 6]
    y=1.000  I=(1, 2, 3, 4, 5, 6, 7, 8) J=(1, 2, 3, 4, 5, 6, 7, 8) K=(1, 2, 3, 4, 5, 6, 7, 8)  ->  +s1 >= lam[1, 2, 3, 4, 5, 6, 7, 8]
    y=1.000  I=(1, 2, 3, 4, 5, 6, 7, 8) J=(1, 2, 3, 4, 5, 6, 7, 9) K=(1, 2, 3, 4, 5, 6, 7, 9)  ->  +s2 >= lam[1, 2, 3, 4, 5, 6, 7, 9]
--- form [0, 1, 1, 1, 2, 2, 1, 0]  LP=1.428571 form=1.428571  a=[0.286 0.238 0.19  0.143 0.095 0.048] b=[0.571 0.238 0.19 ]  s=[0.571 0.286 0.238 0.19  0.095 0.048 0.    0.   ]
    y=1.000  I=(5,) J=(1,) K=(5,)  ->  +s5 >= lam[5]
    y=1.000  I=(6,) J=(1,) K=(6,)  ->  +s6 >= lam[6]
    y=1.000  I=(2, 3, 4, 5, 6) J=(1, 2, 3, 4, 5) K=(2, 3, 4, 5, 6)  ->  +s2 +s3 +s4 -s7 -s8 >= lam[2, 3, 4, 5, 6]
    y=1.000  I=(1, 2, 3, 4, 5, 6, 7, 8) J=(1, 2, 3, 4, 5, 6, 7, 8) K=(1, 2, 3, 4, 5, 6, 7, 8)  ->  +s1 >= lam[1, 2, 3, 4, 5, 6, 7, 8]
--- form [0, 1, 1, 2, 1, 2, 0, 1]  LP=1.303030 form=1.303030  a=[0.273 0.242 0.212 0.182 0.061 0.03 ] b=[0.394 0.364 0.242]  s=[0.424 0.364 0.242 0.182 0.061 0.03  0.    0.   ]
    y=1.000  I=(4,) J=(1,) K=(4,)  ->  +s4 >= lam[4]
    y=1.000  I=(6,) J=(1,) K=(6,)  ->  +s6 >= lam[6]
    y=1.000  I=(1, 3, 4, 5, 6) J=(1, 2, 3, 4, 6) K=(2, 3, 4, 5, 6)  ->  +s1 +s3 +s5 -s7 -s8 >= lam[2, 3, 4, 5, 6]
    y=1.000  I=(1, 2, 3, 4, 5, 6, 7, 8) J=(1, 2, 3, 4, 5, 6, 7, 9) K=(1, 2, 3, 4, 5, 6, 7, 9)  ->  +s2 >= lam[1, 2, 3, 4, 5, 6, 7, 9]
--- form [0, 1, 1, 2, 2, 3, 1, -1]  LP=1.589744 form=1.589744  a=[0.231 0.205 0.179 0.154 0.128 0.103] b=[0.564 0.231 0.205]  s=[0.564 0.333 0.256 0.205 0.128 0.103 0.    0.   ]
    y=1.000  I=(6,) J=(1,) K=(6,)  ->  +s6 >= lam[6]
    y=1.000  I=(3, 5, 6) J=(1, 2, 4) K=(4, 5, 6)  ->  +s3 +s5 -s8 >= lam[4, 5, 6]
    y=1.000  I=(2, 3, 4, 5, 6, 7) J=(1, 2, 3, 4, 5, 7) K=(2, 3, 4, 5, 6, 8)  ->  +s2 +s4 -s8 >= lam[2, 3, 4, 5, 6, 8]
    y=1.000  I=(1, 2, 3, 4, 5, 6, 7, 8) J=(1, 2, 3, 4, 5, 6, 7, 8) K=(1, 2, 3, 4, 5, 6, 7, 8)  ->  +s1 >= lam[1, 2, 3, 4, 5, 6, 7, 8]
--- form [0, 1, 2, 1, 2, 2, 1, -1]  LP=1.466667 form=1.466667  a=[0.3   0.267 0.233 0.1   0.067 0.033] b=[0.633 0.2   0.167]  s=[0.633 0.333 0.233 0.167 0.067 0.033 0.    0.   ]
    y=1.000  I=(3,) J=(1,) K=(3,)  ->  +s3 >= lam[3]
    y=1.000  I=(5,) J=(1,) K=(5,)  ->  +s5 >= lam[5]
    y=1.000  I=(6,) J=(1,) K=(6,)  ->  +s6 >= lam[6]
    y=1.000  I=(2, 3, 4, 5, 6, 7) J=(1, 2, 3, 4, 5, 7) K=(2, 3, 4, 5, 6, 8)  ->  +s2 +s4 -s8 >= lam[2, 3, 4, 5, 6, 8]
    y=1.000  I=(1, 2, 3, 4, 5, 6, 7, 8) J=(1, 2, 3, 4, 5, 6, 7, 8) K=(1, 2, 3, 4, 5, 6, 7, 8)  ->  +s1 >= lam[1, 2, 3, 4, 5, 6, 7, 8]
--- form [1, 0, 1, 1, 2, 2, 0, 1]  LP=1.291667 form=1.291667  a=[0.375 0.208 0.167 0.125 0.083 0.042] b=[0.417 0.375 0.208]  s=[0.458 0.375 0.208 0.125 0.083 0.042 0.    0.   ]
    y=1.000  I=(5,) J=(1,) K=(5,)  ->  +s5 >= lam[5]
    y=1.000  I=(6,) J=(1,) K=(6,)  ->  +s6 >= lam[6]
    y=1.000  I=(1, 3, 4, 5, 6) J=(1, 2, 3, 4, 5) K=(1, 3, 4, 5, 6)  ->  +s1 +s3 +s4 -s7 -s8 >= lam[1, 3, 4, 5, 6]
    y=1.000  I=(1, 2, 3, 4, 5, 6, 7, 8) J=(1, 2, 3, 4, 5, 6, 7, 9) K=(1, 2, 3, 4, 5, 6, 7, 9)  ->  +s2 >= lam[1, 2, 3, 4, 5, 6, 7, 9]
--- form [1, 1, 1, 2, 2, 2, 0, 0]  LP=1.285714 form=1.285714  a=[0.286 0.238 0.19  0.143 0.095 0.048] b=[0.381 0.333 0.286]  s=[0.381 0.333 0.286 0.143 0.095 0.048 0.    0.   ]
    y=1.000  I=(4,) J=(1,) K=(4,)  ->  +s4 >= lam[4]
    y=1.000  I=(5,) J=(1,) K=(5,)  ->  +s5 >= lam[5]
    y=1.000  I=(6,) J=(1,) K=(6,)  ->  +s6 >= lam[6]
    y=1.000  I=(1, 2, 3, 4, 5, 6, 7, 8) J=(1, 2, 3, 4, 5, 6, 7, 8) K=(1, 2, 3, 4, 5, 6, 7, 8)  ->  +s1 >= lam[1, 2, 3, 4, 5, 6, 7, 8]
    y=1.000  I=(1, 2, 3, 4, 5, 6, 7, 8) J=(1, 2, 3, 4, 5, 6, 7, 9) K=(1, 2, 3, 4, 5, 6, 7, 9)  ->  +s2 >= lam[1, 2, 3, 4, 5, 6, 7, 9]
    y=1.000  I=(1, 2, 3, 4, 5, 6, 7, 8) J=(1, 2, 3, 4, 5, 6, 8, 9) K=(1, 2, 3, 4, 5, 6, 8, 9)  ->  +s3 >= lam[1, 2, 3, 4, 5, 6, 8, 9]
--- form [1, 1, 2, 2, 3, 2, 0, -1]  LP=1.361111 form=1.361111  a=[0.25  0.222 0.194 0.167 0.139 0.028] b=[0.417 0.306 0.278]  s=[0.417 0.306 0.278 0.194 0.139 0.028 0.    0.   ]
    y=1.000  I=(5,) J=(1,) K=(5,)  ->  +s5 >= lam[5]
    y=1.000  I=(2, 4, 5, 6) J=(1, 2, 3, 5) K=(3, 4, 5, 6)  ->  +s2 +s4 +s6 -s7 -s8 >= lam[3, 4, 5, 6]
    y=1.000  I=(1, 2, 3, 4, 5, 6, 7, 8) J=(1, 2, 3, 4, 5, 6, 7, 8) K=(1, 2, 3, 4, 5, 6, 7, 8)  ->  +s1 >= lam[1, 2, 3, 4, 5, 6, 7, 8]
    y=1.000  I=(1, 2, 3, 4, 5, 6, 7, 8) J=(1, 2, 3, 4, 5, 6, 8, 9) K=(1, 2, 3, 4, 5, 6, 8, 9)  ->  +s3 >= lam[1, 2, 3, 4, 5, 6, 8, 9]
--- form [1, 1, 2, 3, 2, 2, -1, 0]  LP=1.303030 form=1.303030  a=[0.273 0.242 0.212 0.182 0.061 0.03 ] b=[0.364 0.333 0.303]  s=[0.394 0.333 0.303 0.182 0.061 0.03  0.    0.   ]
    y=1.000  I=(4,) J=(1,) K=(4,)  ->  +s4 >= lam[4]
    y=1.000  I=(1, 4, 5, 6) J=(1, 2, 3, 6) K=(3, 4, 5, 6)  ->  +s1 +s5 +s6 -s7 -s8 >= lam[3, 4, 5, 6]
    y=1.000  I=(1, 2, 3, 4, 5, 6, 7, 8) J=(1, 2, 3, 4, 5, 6, 7, 9) K=(1, 2, 3, 4, 5, 6, 7, 9)  ->  +s2 >= lam[1, 2, 3, 4, 5, 6, 7, 9]
    y=1.000  I=(1, 2, 3, 4, 5, 6, 7, 8) J=(1, 2, 3, 4, 5, 6, 8, 9) K=(1, 2, 3, 4, 5, 6, 8, 9)  ->  +s3 >= lam[1, 2, 3, 4, 5, 6, 8, 9]
--- form [1, 2, 1, 2, 2, 3, 0, -1]  LP=1.259259 form=1.259259  a=[0.333 0.296 0.148 0.111 0.074 0.037] b=[0.444 0.296 0.259]  s=[0.444 0.296 0.259 0.148 0.074 0.037 0.    0.   ]
    y=1.000  I=(6,) J=(1,) K=(6,)  ->  +s6 >= lam[6]
    y=1.000  I=(2, 4, 5, 6) J=(1, 2, 3, 4) K=(2, 4, 5, 6)  ->  +s2 +s4 +s5 -s7 -s8 >= lam[2, 4, 5, 6]
    y=1.000  I=(1, 2, 3, 4, 5, 6, 7, 8) J=(1, 2, 3, 4, 5, 6, 7, 8) K=(1, 2, 3, 4, 5, 6, 7, 8)  ->  +s1 >= lam[1, 2, 3, 4, 5, 6, 7, 8]
    y=1.000  I=(1, 2, 3, 4, 5, 6, 7, 8) J=(1, 2, 3, 4, 5, 6, 8, 9) K=(1, 2, 3, 4, 5, 6, 8, 9)  ->  +s3 >= lam[1, 2, 3, 4, 5, 6, 8, 9]
--- form [1, 2, 1, 2, 3, 2, -1, 0]  LP=1.309524 form=1.309524  a=[0.286 0.262 0.167 0.143 0.119 0.024] b=[0.357 0.333 0.31 ]  s=[0.381 0.333 0.31  0.143 0.119 0.024 0.    0.   ]
    y=1.000  I=(5,) J=(1,) K=(5,)  ->  +s5 >= lam[5]
    y=1.000  I=(1, 4, 5, 6) J=(1, 2, 3, 5) K=(2, 4, 5, 6)  ->  +s1 +s4 +s6 -s7 -s8 >= lam[2, 4, 5, 6]
    y=1.000  I=(1, 2, 3, 4, 5, 6, 7, 8) J=(1, 2, 3, 4, 5, 6, 7, 9) K=(1, 2, 3, 4, 5, 6, 7, 9)  ->  +s2 >= lam[1, 2, 3, 4, 5, 6, 7, 9]
    y=1.000  I=(1, 2, 3, 4, 5, 6, 7, 8) J=(1, 2, 3, 4, 5, 6, 8, 9) K=(1, 2, 3, 4, 5, 6, 8, 9)  ->  +s3 >= lam[1, 2, 3, 4, 5, 6, 8, 9]
--- form [1, 2, 2, 3, 3, 2, -1, -1]  LP=1.361111 form=1.361111  a=[0.25  0.222 0.194 0.167 0.139 0.028] b=[0.361 0.333 0.306]  s=[0.389 0.333 0.306 0.167 0.139 0.028 0.    0.   ]
    y=1.000  I=(4,) J=(1,) K=(4,)  ->  +s4 >= lam[4]
    y=1.000  I=(5,) J=(1,) K=(5,)  ->  +s5 >= lam[5]
    y=1.000  I=(1, 2, 4, 5, 6) J=(1, 2, 3, 5, 6) K=(2, 3, 4, 5, 6)  ->  +s1 +s2 +s6 -s7 -s8 >= lam[2, 3, 4, 5, 6]
    y=1.000  I=(1, 2, 3, 4, 5, 6, 7, 8) J=(1, 2, 3, 4, 5, 6, 8, 9) K=(1, 2, 3, 4, 5, 6, 8, 9)  ->  +s3 >= lam[1, 2, 3, 4, 5, 6, 8, 9]
--- form [2, 1, 1, 2, 2, 3, -1, 0]  LP=1.291667 form=1.291667  a=[0.375 0.208 0.167 0.125 0.083 0.042] b=[0.375 0.333 0.292]  s=[0.417 0.333 0.292 0.125 0.083 0.042 0.    0.   ]
    y=1.000  I=(6,) J=(1,) K=(6,)  ->  +s6 >= lam[6]
    y=1.000  I=(1, 4, 5, 6) J=(1, 2, 3, 4) K=(1, 4, 5, 6)  ->  +s1 +s4 +s5 -s7 -s8 >= lam[1, 4, 5, 6]
    y=1.000  I=(1, 2, 3, 4, 5, 6, 7, 8) J=(1, 2, 3, 4, 5, 6, 7, 9) K=(1, 2, 3, 4, 5, 6, 7, 9)  ->  +s2 >= lam[1, 2, 3, 4, 5, 6, 7, 9]
    y=1.000  I=(1, 2, 3, 4, 5, 6, 7, 8) J=(1, 2, 3, 4, 5, 6, 8, 9) K=(1, 2, 3, 4, 5, 6, 8, 9)  ->  +s3 >= lam[1, 2, 3, 4, 5, 6, 8, 9]
--- form [2, 1, 2, 3, 2, 3, -1, -1]  LP=1.277778 form=1.277778  a=[0.333 0.222 0.194 0.167 0.056 0.028] b=[0.361 0.333 0.306]  s=[0.389 0.333 0.306 0.167 0.056 0.028 0.    0.   ]
    y=1.000  I=(4,) J=(1,) K=(4,)  ->  +s4 >= lam[4]
    y=1.000  I=(6,) J=(1,) K=(6,)  ->  +s6 >= lam[6]
    y=1.000  I=(1, 2, 4, 5, 6) J=(1, 2, 3, 4, 6) K=(1, 3, 4, 5, 6)  ->  +s1 +s2 +s5 -s7 -s8 >= lam[1, 3, 4, 5, 6]
    y=1.000  I=(1, 2, 3, 4, 5, 6, 7, 8) J=(1, 2, 3, 4, 5, 6, 8, 9) K=(1, 2, 3, 4, 5, 6, 8, 9)  ->  +s3 >= lam[1, 2, 3, 4, 5, 6, 8, 9]
--- form [2, 2, 1, 2, 3, 3, -1, -1]  LP=1.259259 form=1.259259  a=[0.333 0.296 0.148 0.111 0.074 0.037] b=[0.37  0.333 0.296]  s=[0.407 0.333 0.296 0.111 0.074 0.037 0.    0.   ]
    y=1.000  I=(5,) J=(1,) K=(5,)  ->  +s5 >= lam[5]
    y=1.000  I=(6,) J=(1,) K=(6,)  ->  +s6 >= lam[6]
    y=1.000  I=(1, 2, 4, 5, 6) J=(1, 2, 3, 4, 5) K=(1, 2, 4, 5, 6)  ->  +s1 +s2 +s4 -s7 -s8 >= lam[1, 2, 4, 5, 6]
    y=1.000  I=(1, 2, 3, 4, 5, 6, 7, 8) J=(1, 2, 3, 4, 5, 6, 8, 9) K=(1, 2, 3, 4, 5, 6, 8, 9)  ->  +s3 >= lam[1, 2, 3, 4, 5, 6, 8, 9]
--- form [2, 3, 1, 2, 3, 3, -2, -1]  LP=1.311111 form=1.311111  a=[0.4   0.378 0.089 0.067 0.044 0.022] b=[0.356 0.333 0.311]  s=[0.467 0.378 0.311 0.089 0.044 0.022 0.    0.   ]
    y=1.000  I=(2,) J=(1,) K=(2,)  ->  +s2 >= lam[2]
    y=1.000  I=(5,) J=(1,) K=(5,)  ->  +s5 >= lam[5]
    y=1.000  I=(6,) J=(1,) K=(6,)  ->  +s6 >= lam[6]
    y=1.000  I=(1, 2, 4, 5, 6, 7) J=(1, 2, 3, 4, 5, 8) K=(1, 2, 4, 5, 6, 9)  ->  +s1 +s4 -s8 >= lam[1, 2, 4, 5, 6, 9]
    y=1.000  I=(1, 2, 3, 4, 5, 6, 7, 8) J=(1, 2, 3, 4, 5, 6, 8, 9) K=(1, 2, 3, 4, 5, 6, 8, 9)  ->  +s3 >= lam[1, 2, 3, 4, 5, 6, 8, 9]
--- form [3, 1, 2, 2, 3, 3, -2, -1]  LP=1.424242 form=1.424242  a=[0.545 0.152 0.121 0.091 0.061 0.03 ] b=[0.364 0.333 0.303]  s=[0.545 0.333 0.303 0.152 0.061 0.03  0.    0.   ]
    y=1.000  I=(1,) J=(1,) K=(1,)  ->  +s1 >= lam[1]
    y=1.000  I=(5,) J=(1,) K=(5,)  ->  +s5 >= lam[5]
    y=1.000  I=(6,) J=(1,) K=(6,)  ->  +s6 >= lam[6]
    y=1.000  I=(1, 2, 4, 5, 6, 7) J=(1, 2, 3, 4, 5, 9) K=(1, 3, 4, 5, 6, 9)  ->  +s2 +s4 -s8 >= lam[1, 3, 4, 5, 6, 9]
    y=1.000  I=(1, 2, 3, 4, 5, 6, 7, 8) J=(1, 2, 3, 4, 5, 6, 8, 9) K=(1, 2, 3, 4, 5, 6, 8, 9)  ->  +s3 >= lam[1, 2, 3, 4, 5, 6, 8, 9]
