m=5 z=1 d=9: 26 exposed forms; 39716 Horn triples
--- form [-2, -1, -1, 0, 1, 2, 3]  LP=1.650000 form=1.650000  a=[0.25  0.225 0.2   0.175 0.15 ] b=[0.5   0.475 0.025]  s=[0.525 0.475 0.3   0.2   0.15  0.    0.    0.   ]
    y=1.000  I=(5,) J=(1,) K=(5,)  ->  +s5 >= lam[5]
    y=1.000  I=(3, 5, 6) J=(1, 2, 5) K=(4, 5, 7)  ->  +s3 +s6 -s8 >= lam[4, 5, 7]
    y=1.000  I=(1, 3, 4, 5, 6, 7) J=(1, 2, 3, 4, 5, 7) K=(2, 3, 4, 5, 6, 7)  ->  +s1 +s4 -s8 >= lam[2, 3, 4, 5, 6, 7]
    y=1.000  I=(1, 2, 3, 4, 5, 6, 7, 8) J=(1, 2, 3, 4, 5, 6, 7, 9) K=(1, 2, 3, 4, 5, 6, 7, 9)  ->  +s2 >= lam[1, 2, 3, 4, 5, 6, 7, 9]
--- form [-2, -1, 0, 0, 1, 3, 1]  LP=1.700000 form=1.700000  a=[0.3  0.25 0.2  0.15 0.1 ] b=[0.75 0.2  0.05]  s=[0.75 0.45 0.25 0.15 0.1  0.   0.   0.  ]
    y=1.000  I=(5,) J=(1,) K=(5,)  ->  +s5 >= lam[5]
    y=1.000  I=(3, 4, 5, 6) J=(1, 2, 3, 5) K=(3, 4, 5, 7)  ->  +s3 +s4 +s6 -s7 -s8 >= lam[3, 4, 5, 7]
    y=1.000  I=(2, 3, 4, 5, 6, 7, 8) J=(1, 2, 3, 4, 5, 6, 7) K=(2, 3, 4, 5, 6, 7, 8)  ->  +s2 >= lam[2, 3, 4, 5, 6, 7, 8]
    y=1.000  I=(1, 2, 3, 4, 5, 6, 7, 8) J=(1, 2, 3, 4, 5, 6, 7, 8) K=(1, 2, 3, 4, 5, 6, 7, 8)  ->  +s1 >= lam[1, 2, 3, 4, 5, 6, 7, 8]
--- form [-2, -1, 0, 1, 1, 3, 0]  LP=1.916667 form=1.916667  a=[0.292 0.25  0.208 0.167 0.083] b=[0.833 0.125 0.042]  s=[0.833 0.542 0.292 0.167 0.083 0.    0.    0.   ]
    y=1.000  I=(4,) J=(1,) K=(4,)  ->  +s4 >= lam[4]
    y=1.000  I=(5,) J=(1,) K=(5,)  ->  +s5 >= lam[5]
    y=1.000  I=(3, 4, 5, 6, 7, 8) J=(1, 2, 3, 4, 5, 6) K=(3, 4, 5, 6, 7, 8)  ->  +s3 >= lam[3, 4, 5, 6, 7, 8]
    y=1.000  I=(2, 3, 4, 5, 6, 7, 8) J=(1, 2, 3, 4, 5, 6, 7) K=(2, 3, 4, 5, 6, 7, 8)  ->  +s2 >= lam[2, 3, 4, 5, 6, 7, 8]
    y=1.000  I=(1, 2, 3, 4, 5, 6, 7, 8) J=(1, 2, 3, 4, 5, 6, 7, 8) K=(1, 2, 3, 4, 5, 6, 7, 8)  ->  +s1 >= lam[1, 2, 3, 4, 5, 6, 7, 8]
--- form [-2, -1, 0, 1, 2, 3, -1]  LP=2.160000 form=2.160000  a=[0.28 0.24 0.2  0.16 0.12] b=[0.88 0.08 0.04]  s=[0.88 0.6  0.36 0.2  0.12 0.   0.   0.  ]
    y=1.000  I=(5,) J=(1,) K=(5,)  ->  +s5 >= lam[5]
    y=1.000  I=(4, 5, 6) J=(1, 2, 5) K=(4, 5, 8)  ->  +s4 +s6 -s8 >= lam[4, 5, 8]
    y=1.000  I=(3, 4, 5, 6, 7, 8) J=(1, 2, 3, 4, 5, 6) K=(3, 4, 5, 6, 7, 8)  ->  +s3 >= lam[3, 4, 5, 6, 7, 8]
    y=1.000  I=(2, 3, 4, 5, 6, 7, 8) J=(1, 2, 3, 4, 5, 6, 7) K=(2, 3, 4, 5, 6, 7, 8)  ->  +s2 >= lam[2, 3, 4, 5, 6, 7, 8]
    y=1.000  I=(1, 2, 3, 4, 5, 6, 7, 8) J=(1, 2, 3, 4, 5, 6, 7, 8) K=(1, 2, 3, 4, 5, 6, 7, 8)  ->  +s1 >= lam[1, 2, 3, 4, 5, 6, 7, 8]
--- form [-1, -1, 0, 0, 1, 2, 2]  LP=1.450000 form=1.450000  a=[0.3  0.25 0.2  0.15 0.1 ] b=[0.5  0.45 0.05]  s=[0.5  0.45 0.25 0.15 0.1  0.   0.   0.  ]
    y=1.000  I=(5,) J=(1,) K=(5,)  ->  +s5 >= lam[5]
    y=1.000  I=(3, 4, 5, 6) J=(1, 2, 3, 5) K=(3, 4, 5, 7)  ->  +s3 +s4 +s6 -s7 -s8 >= lam[3, 4, 5, 7]
    y=1.000  I=(1, 2, 3, 4, 5, 6, 7, 8) J=(1, 2, 3, 4, 5, 6, 7, 8) K=(1, 2, 3, 4, 5, 6, 7, 8)  ->  +s1 >= lam[1, 2, 3, 4, 5, 6, 7, 8]
    y=1.000  I=(1, 2, 3, 4, 5, 6, 7, 8) J=(1, 2, 3, 4, 5, 6, 7, 9) K=(1, 2, 3, 4, 5, 6, 7, 9)  ->  +s2 >= lam[1, 2, 3, 4, 5, 6, 7, 9]
--- form [-1, 0, 0, 1, 1, 2, 1]  LP=1.400000 form=1.400000  a=[0.333 0.267 0.2   0.133 0.067] b=[0.6   0.333 0.067]  s=[0.6   0.333 0.267 0.133 0.067 0.    0.    0.   ]
    y=1.000  I=(4,) J=(1,) K=(4,)  ->  +s4 >= lam[4]
    y=1.000  I=(5,) J=(1,) K=(5,)  ->  +s5 >= lam[5]
    y=1.000  I=(2, 3, 4, 5, 6, 7) J=(1, 2, 3, 4, 5, 6) K=(2, 3, 4, 5, 6, 7)  ->  +s2 +s3 -s8 >= lam[2, 3, 4, 5, 6, 7]
    y=1.000  I=(1, 2, 3, 4, 5, 6, 7, 8) J=(1, 2, 3, 4, 5, 6, 7, 8) K=(1, 2, 3, 4, 5, 6, 7, 8)  ->  +s1 >= lam[1, 2, 3, 4, 5, 6, 7, 8]
--- form [-1, 0, 1, 0, 1, 1, 2]  LP=1.375000 form=1.375000  a=[0.333 0.292 0.25  0.083 0.042] b=[0.5   0.458 0.042]  s=[0.542 0.458 0.25  0.083 0.042 0.    0.    0.   ]
    y=1.000  I=(3,) J=(1,) K=(3,)  ->  +s3 >= lam[3]
    y=1.000  I=(5,) J=(1,) K=(5,)  ->  +s5 >= lam[5]
    y=1.000  I=(1, 3, 4, 5, 6, 7) J=(1, 2, 3, 4, 5, 7) K=(2, 3, 4, 5, 6, 7)  ->  +s1 +s4 -s8 >= lam[2, 3, 4, 5, 6, 7]
    y=1.000  I=(1, 2, 3, 4, 5, 6, 7, 8) J=(1, 2, 3, 4, 5, 6, 7, 9) K=(1, 2, 3, 4, 5, 6, 7, 9)  ->  +s2 >= lam[1, 2, 3, 4, 5, 6, 7, 9]
--- form [-1, 0, 1, 1, 1, 2, 0]  LP=1.545455 form=1.545455  a=[0.318 0.273 0.227 0.136 0.045] b=[0.727 0.182 0.091]  s=[0.727 0.409 0.227 0.136 0.045 0.    0.    0.   ]
    y=1.000  I=(3,) J=(1,) K=(3,)  ->  +s3 >= lam[3]
    y=1.000  I=(4,) J=(1,) K=(4,)  ->  +s4 >= lam[4]
    y=1.000  I=(5,) J=(1,) K=(5,)  ->  +s5 >= lam[5]
    y=1.000  I=(2, 3, 4, 5, 6, 7, 8) J=(1, 2, 3, 4, 5, 6, 7) K=(2, 3, 4, 5, 6, 7, 8)  ->  +s2 >= lam[2, 3, 4, 5, 6, 7, 8]
    y=1.000  I=(1, 2, 3, 4, 5, 6, 7, 8) J=(1, 2, 3, 4, 5, 6, 7, 8) K=(1, 2, 3, 4, 5, 6, 7, 8)  ->  +s1 >= lam[1, 2, 3, 4, 5, 6, 7, 8]
--- form [-1, 0, 1, 2, 1, 2, -1]  LP=1.739130 form=1.739130  a=[0.304 0.261 0.217 0.174 0.043] b=[0.783 0.13  0.087]  s=[0.783 0.478 0.261 0.174 0.043 0.    0.    0.   ]
    y=1.000  I=(4,) J=(1,) K=(4,)  ->  +s4 >= lam[4]
    y=1.000  I=(3, 4, 5, 6) J=(1, 2, 3, 6) K=(3, 4, 5, 8)  ->  +s3 +s5 +s6 -s7 -s8 >= lam[3, 4, 5, 8]
    y=1.000  I=(2, 3, 4, 5, 6, 7, 8) J=(1, 2, 3, 4, 5, 6, 7) K=(2, 3, 4, 5, 6, 7, 8)  ->  +s2 >= lam[2, 3, 4, 5, 6, 7, 8]
    y=1.000  I=(1, 2, 3, 4, 5, 6, 7, 8) J=(1, 2, 3, 4, 5, 6, 7, 8) K=(1, 2, 3, 4, 5, 6, 7, 8)  ->  +s1 >= lam[1, 2, 3, 4, 5, 6, 7, 8]
--- form [0, -1, 0, 1, 1, 1, 2]  LP=1.333333 form=1.333333  a=[0.444 0.222 0.167 0.111 0.056] b=[0.5   0.444 0.056]  s=[0.556 0.444 0.167 0.111 0.056 0.    0.    0.   ]
    y=1.000  I=(4,) J=(1,) K=(4,)  ->  +s4 >= lam[4]
    y=1.000  I=(5,) J=(1,) K=(5,)  ->  +s5 >= lam[5]
    y=1.000  I=(1, 3, 4, 5, 6, 7) J=(1, 2, 3, 4, 5, 6) K=(1, 3, 4, 5, 6, 7)  ->  +s1 +s3 -s8 >= lam[1, 3, 4, 5, 6, 7]
    y=1.000  I=(1, 2, 3, 4, 5, 6, 7, 8) J=(1, 2, 3, 4, 5, 6, 7, 9) K=(1, 2, 3, 4, 5, 6, 7, 9)  ->  +s2 >= lam[1, 2, 3, 4, 5, 6, 7, 9]
--- form [0, 0, 1, 1, 1, 1, 1]  LP=1.266667 form=1.266667  a=[0.333 0.267 0.2   0.133 0.067] b=[0.467 0.4   0.133]  s=[0.467 0.4   0.2   0.133 0.067 0.    0.    0.   ]
    y=1.000  I=(3,) J=(1,) K=(3,)  ->  +s3 >= lam[3]
    y=1.000  I=(4,) J=(1,) K=(4,)  ->  +s4 >= lam[4]
    y=1.000  I=(5,) J=(1,) K=(5,)  ->  +s5 >= lam[5]
    y=1.000  I=(1, 2, 3, 4, 5, 6, 7, 8) J=(1, 2, 3, 4, 5, 6, 7, 8) K=(1, 2, 3, 4, 5, 6, 7, 8)  ->  +s1 >= lam[1, 2, 3, 4, 5, 6, 7, 8]
    y=1.000  I=(1, 2, 3, 4, 5, 6, 7, 8) J=(1, 2, 3, 4, 5, 6, 7, 9) K=(1, 2, 3, 4, 5, 6, 7, 9)  ->  +s2 >= lam[1, 2, 3, 4, 5, 6, 7, 9]
--- form [0, 1, 1, 1, 2, 1, 0]  LP=1.266667 form=1.266667  a=[0.333 0.267 0.2   0.133 0.067] b=[0.533 0.267 0.2  ]  s=[0.533 0.267 0.267 0.133 0.067 0.    0.    0.   ]
    y=1.000  I=(5,) J=(1,) K=(5,)  ->  +s5 >= lam[5]
    y=1.000  I=(2, 3, 4, 5, 6) J=(1, 2, 3, 4, 5) K=(2, 3, 4, 5, 6)  ->  +s2 +s3 +s4 -s7 -s8 >= lam[2, 3, 4, 5, 6]
    y=1.000  I=(1, 2, 3, 4, 5, 6, 7, 8) J=(1, 2, 3, 4, 5, 6, 7, 8) K=(1, 2, 3, 4, 5, 6, 7, 8)  ->  +s1 >= lam[1, 2, 3, 4, 5, 6, 7, 8]
--- form [0, 1, 1, 2, 1, 0, 1]  LP=1.259259 form=1.259259  a=[0.296 0.259 0.222 0.185 0.037] b=[0.407 0.37  0.222]  s=[0.444 0.37  0.222 0.185 0.037 0.    0.    0.   ]
    y=1.000  I=(4,) J=(1,) K=(4,)  ->  +s4 >= lam[4]
    y=1.000  I=(1, 3, 4, 5, 6) J=(1, 2, 3, 4, 6) K=(2, 3, 4, 5, 6)  ->  +s1 +s3 +s5 -s7 -s8 >= lam[2, 3, 4, 5, 6]
    y=1.000  I=(1, 2, 3, 4, 5, 6, 7, 8) J=(1, 2, 3, 4, 5, 6, 7, 9) K=(1, 2, 3, 4, 5, 6, 7, 9)  ->  +s2 >= lam[1, 2, 3, 4, 5, 6, 7, 9]
--- form [0, 1, 2, 1, 2, 1, -1]  LP=1.428571 form=1.428571  a=[0.333 0.286 0.238 0.095 0.048] b=[0.667 0.19  0.143]  s=[0.667 0.333 0.238 0.143 0.048 0.    0.    0.   ]
    y=1.000  I=(3,) J=(1,) K=(3,)  ->  +s3 >= lam[3]
    y=1.000  I=(5,) J=(1,) K=(5,)  ->  +s5 >= lam[5]
    y=1.000  I=(2, 3, 4, 5, 6, 7) J=(1, 2, 3, 4, 5, 7) K=(2, 3, 4, 5, 6, 8)  ->  +s2 +s4 -s8 >= lam[2, 3, 4, 5, 6, 8]
    y=1.000  I=(1, 2, 3, 4, 5, 6, 7, 8) J=(1, 2, 3, 4, 5, 6, 7, 8) K=(1, 2, 3, 4, 5, 6, 7, 8)  ->  +s1 >= lam[1, 2, 3, 4, 5, 6, 7, 8]
--- form [1, 0, 1, 1, 2, 0, 1]  LP=1.222222 form=1.222222  a=[0.444 0.222 0.167 0.111 0.056] b=[0.444 0.389 0.167]  s=[0.5   0.389 0.167 0.111 0.056 0.    0.    0.   ]
    y=1.000  I=(5,) J=(1,) K=(5,)  ->  +s5 >= lam[5]
    y=1.000  I=(1, 3, 4, 5, 6) J=(1, 2, 3, 4, 5) K=(1, 3, 4, 5, 6)  ->  +s1 +s3 +s4 -s7 -s8 >= lam[1, 3, 4, 5, 6]
    y=1.000  I=(1, 2, 3, 4, 5, 6, 7, 8) J=(1, 2, 3, 4, 5, 6, 7, 9) K=(1, 2, 3, 4, 5, 6, 7, 9)  ->  +s2 >= lam[1, 2, 3, 4, 5, 6, 7, 9]
--- form [1, 1, 1, 2, 2, 0, 0]  LP=1.200000 form=1.200000  a=[0.333 0.267 0.2   0.133 0.067] b=[0.4   0.333 0.267]  s=[0.4   0.333 0.267 0.133 0.067 0.    0.    0.   ]
    y=1.000  I=(4,) J=(1,) K=(4,)  ->  +s4 >= lam[4]
    y=1.000  I=(5,) J=(1,) K=(5,)  ->  +s5 >= lam[5]
    y=1.000  I=(1, 2, 3, 4, 5, 6, 7, 8) J=(1, 2, 3, 4, 5, 6, 7, 8) K=(1, 2, 3, 4, 5, 6, 7, 8)  ->  +s1 >= lam[1, 2, 3, 4, 5, 6, 7, 8]
    y=1.000  I=(1, 2, 3, 4, 5, 6, 7, 8) J=(1, 2, 3, 4, 5, 6, 7, 9) K=(1, 2, 3, 4, 5, 6, 7, 9)  ->  +s2 >= lam[1, 2, 3, 4, 5, 6, 7, 9]
    y=1.000  I=(1, 2, 3, 4, 5, 6, 7, 8) J=(1, 2, 3, 4, 5, 6, 8, 9) K=(1, 2, 3, 4, 5, 6, 8, 9)  ->  +s3 >= lam[1, 2, 3, 4, 5, 6, 8, 9]
--- form [1, 1, 2, 2, 3, 0, -1]  LP=1.333333 form=1.333333  a=[0.267 0.233 0.2   0.167 0.133] b=[0.433 0.3   0.267]  s=[0.433 0.3   0.267 0.2   0.133 0.    0.    0.   ]
    y=1.000  I=(5,) J=(1,) K=(5,)  ->  +s5 >= lam[5]
    y=1.000  I=(2, 4, 5, 6) J=(1, 2, 3, 5) K=(3, 4, 5, 6)  ->  +s2 +s4 +s6 -s7 -s8 >= lam[3, 4, 5, 6]
    y=1.000  I=(1, 2, 3, 4, 5, 6, 7, 8) J=(1, 2, 3, 4, 5, 6, 7, 8) K=(1, 2, 3, 4, 5, 6, 7, 8)  ->  +s1 >= lam[1, 2, 3, 4, 5, 6, 7, 8]
    y=1.000  I=(1, 2, 3, 4, 5, 6, 7, 8) J=(1, 2, 3, 4, 5, 6, 8, 9) K=(1, 2, 3, 4, 5, 6, 8, 9)  ->  +s3 >= lam[1, 2, 3, 4, 5, 6, 8, 9]
--- form [1, 1, 2, 3, 2, -1, 0]  LP=1.259259 form=1.259259  a=[0.296 0.259 0.222 0.185 0.037] b=[0.37  0.333 0.296]  s=[0.407 0.333 0.296 0.185 0.037 0.    0.    0.   ]
    y=1.000  I=(4,) J=(1,) K=(4,)  ->  +s4 >= lam[4]
    y=1.000  I=(1, 4, 5, 6) J=(1, 2, 3, 6) K=(3, 4, 5, 6)  ->  +s1 +s5 +s6 -s7 -s8 >= lam[3, 4, 5, 6]
    y=1.000  I=(1, 2, 3, 4, 5, 6, 7, 8) J=(1, 2, 3, 4, 5, 6, 7, 9) K=(1, 2, 3, 4, 5, 6, 7, 9)  ->  +s2 >= lam[1, 2, 3, 4, 5, 6, 7, 9]
    y=1.000  I=(1, 2, 3, 4, 5, 6, 7, 8) J=(1, 2, 3, 4, 5, 6, 8, 9) K=(1, 2, 3, 4, 5, 6, 8, 9)  ->  +s3 >= lam[1, 2, 3, 4, 5, 6, 8, 9]
--- form [1, 2, 1, 2, 2, 0, -1]  LP=1.190476 form=1.190476  a=[0.381 0.333 0.143 0.095 0.048] b=[0.476 0.286 0.238]  s=[0.476 0.333 0.238 0.095 0.048 0.    0.    0.   ]
    y=1.000  I=(2,) J=(1,) K=(2,)  ->  +s2 >= lam[2]
    y=1.000  I=(4,) J=(1,) K=(4,)  ->  +s4 >= lam[4]
    y=1.000  I=(5,) J=(1,) K=(5,)  ->  +s5 >= lam[5]
    y=1.000  I=(1, 2, 3, 4, 5, 6, 7, 8) J=(1, 2, 3, 4, 5, 6, 7, 8) K=(1, 2, 3, 4, 5, 6, 7, 8)  ->  +s1 >= lam[1, 2, 3, 4, 5, 6, 7, 8]
    y=1.000  I=(1, 2, 3, 4, 5, 6, 7, 8) J=(1, 2, 3, 4, 5, 6, 8, 9) K=(1, 2, 3, 4, 5, 6, 8, 9)  ->  +s3 >= lam[1, 2, 3, 4, 5, 6, 8, 9]
--- form [1, 2, 1, 2, 3, -1, 0]  LP=1.277778 form=1.277778  a=[0.306 0.278 0.167 0.139 0.111] b=[0.361 0.333 0.306]  s=[0.389 0.333 0.306 0.139 0.111 0.    0.    0.   ]
    y=1.000  I=(5,) J=(1,) K=(5,)  ->  +s5 >= lam[5]
    y=1.000  I=(1, 4, 5, 6) J=(1, 2, 3, 5) K=(2, 4, 5, 6)  ->  +s1 +s4 +s6 -s7 -s8 >= lam[2, 4, 5, 6]
    y=1.000  I=(1, 2, 3, 4, 5, 6, 7, 8) J=(1, 2, 3, 4, 5, 6, 7, 9) K=(1, 2, 3, 4, 5, 6, 7, 9)  ->  +s2 >= lam[1, 2, 3, 4, 5, 6, 7, 9]
    y=1.000  I=(1, 2, 3, 4, 5, 6, 7, 8) J=(1, 2, 3, 4, 5, 6, 8, 9) K=(1, 2, 3, 4, 5, 6, 8, 9)  ->  +s3 >= lam[1, 2, 3, 4, 5, 6, 8, 9]
--- form [1, 2, 2, 3, 3, -1, -1]  LP=1.333333 form=1.333333  a=[0.267 0.233 0.2   0.167 0.133] b=[0.367 0.333 0.3  ]  s=[0.4   0.333 0.3   0.167 0.133 0.    0.    0.   ]
    y=1.000  I=(4,) J=(1,) K=(4,)  ->  +s4 >= lam[4]
    y=1.000  I=(5,) J=(1,) K=(5,)  ->  +s5 >= lam[5]
    y=1.000  I=(1, 2, 4, 5, 6) J=(1, 2, 3, 5, 6) K=(2, 3, 4, 5, 6)  ->  +s1 +s2 +s6 -s7 -s8 >= lam[2, 3, 4, 5, 6]
    y=1.000  I=(1, 2, 3, 4, 5, 6, 7, 8) J=(1, 2, 3, 4, 5, 6, 8, 9) K=(1, 2, 3, 4, 5, 6, 8, 9)  ->  +s3 >= lam[1, 2, 3, 4, 5, 6, 8, 9]
--- form [2, 1, 1, 2, 2, -1, 0]  LP=1.222222 form=1.222222  a=[0.444 0.222 0.167 0.111 0.056] b=[0.389 0.333 0.278]  s=[0.444 0.333 0.278 0.111 0.056 0.    0.    0.   ]
    y=1.000  I=(1,) J=(1,) K=(1,)  ->  +s1 >= lam[1]
    y=1.000  I=(4,) J=(1,) K=(4,)  ->  +s4 >= lam[4]
    y=1.000  I=(5,) J=(1,) K=(5,)  ->  +s5 >= lam[5]
    y=1.000  I=(1, 2, 3, 4, 5, 6, 7, 8) J=(1, 2, 3, 4, 5, 6, 7, 9) K=(1, 2, 3, 4, 5, 6, 7, 9)  ->  +s2 >= lam[1, 2, 3, 4, 5, 6, 7, 9]
    y=1.000  I=(1, 2, 3, 4, 5, 6, 7, 8) J=(1, 2, 3, 4, 5, 6, 8, 9) K=(1, 2, 3, 4, 5, 6, 8, 9)  ->  +s3 >= lam[1, 2, 3, 4, 5, 6, 8, 9]
--- form [2, 1, 2, 3, 2, -1, -1]  LP=1.233333 form=1.233333  a=[0.367 0.233 0.2   0.167 0.033] b=[0.367 0.333 0.3  ]  s=[0.4   0.333 0.3   0.167 0.033 0.    0.    0.   ]
    y=1.000  I=(4,) J=(1,) K=(4,)  ->  +s4 >= lam[4]
    y=1.000  I=(1, 2, 4, 5, 6) J=(1, 2, 3, 4, 6) K=(1, 3, 4, 5, 6)  ->  +s1 +s2 +s5 -s7 -s8 >= lam[1, 3, 4, 5, 6]
    y=1.000  I=(1, 2, 3, 4, 5, 6, 7, 8) J=(1, 2, 3, 4, 5, 6, 8, 9) K=(1, 2, 3, 4, 5, 6, 8, 9)  ->  +s3 >= lam[1, 2, 3, 4, 5, 6, 8, 9]
--- form [2, 2, 1, 2, 3, -1, -1]  LP=1.190476 form=1.190476  a=[0.381 0.333 0.143 0.095 0.048] b=[0.381 0.333 0.286]  s=[0.429 0.333 0.286 0.095 0.048 0.    0.    0.   ]
    y=1.000  I=(5,) J=(1,) K=(5,)  ->  +s5 >= lam[5]
    y=1.000  I=(1, 2, 4, 5, 6) J=(1, 2, 3, 4, 5) K=(1, 2, 4, 5, 6)  ->  +s1 +s2 +s4 -s7 -s8 >= lam[1, 2, 4, 5, 6]
    y=1.000  I=(1, 2, 3, 4, 5, 6, 7, 8) J=(1, 2, 3, 4, 5, 6, 8, 9) K=(1, 2, 3, 4, 5, 6, 8, 9)  ->  +s3 >= lam[1, 2, 3, 4, 5, 6, 8, 9]
--- form [2, 3, 1, 2, 3, -2, -1]  LP=1.272727 form=1.272727  a=[0.424 0.394 0.091 0.061 0.03 ] b=[0.364 0.333 0.303]  s=[0.485 0.394 0.303 0.061 0.03  0.    0.    0.   ]
    y=1.000  I=(2,) J=(1,) K=(2,)  ->  +s2 >= lam[2]
    y=1.000  I=(5,) J=(1,) K=(5,)  ->  +s5 >= lam[5]
    y=1.000  I=(1, 2, 4, 5, 6, 7) J=(1, 2, 3, 4, 5, 8) K=(1, 2, 4, 5, 6, 9)  ->  +s1 +s4 -s8 >= lam[1, 2, 4, 5, 6, 9]
    y=1.000  I=(1, 2, 3, 4, 5, 6, 7, 8) J=(1, 2, 3, 4, 5, 6, 8, 9) K=(1, 2, 3, 4, 5, 6, 8, 9)  ->  +s3 >= lam[1, 2, 3, 4, 5, 6, 8, 9]
--- form [3, 1, 2, 2, 3, -2, -1]  LP=1.375000 form=1.375000  a=[0.583 0.167 0.125 0.083 0.042] b=[0.375 0.333 0.292]  s=[0.583 0.333 0.292 0.125 0.042 0.    0.    0.   ]
    y=1.000  I=(1,) J=(1,) K=(1,)  ->  +s1 >= lam[1]
    y=1.000  I=(5,) J=(1,) K=(5,)  ->  +s5 >= lam[5]
    y=1.000  I=(1, 2, 4, 5, 6, 7) J=(1, 2, 3, 4, 5, 9) K=(1, 3, 4, 5, 6, 9)  ->  +s2 +s4 -s8 >= lam[1, 3, 4, 5, 6, 9]
    y=1.000  I=(1, 2, 3, 4, 5, 6, 7, 8) J=(1, 2, 3, 4, 5, 6, 8, 9) K=(1, 2, 3, 4, 5, 6, 8, 9)  ->  +s3 >= lam[1, 2, 3, 4, 5, 6, 8, 9]
