=== duals_m3_z0.log: m=3 z=0 d=6: 10 distinct tiles
   +s[1] -s[]  >=  a1                             I=(1,) J=(1,) K=(1,)
   +s[1] -s[]  >=  a1+a2+a3-b3-b2                 I=(1, 2, 3, 4, 5) J=(1, 2, 3, 4, 5) K=(1, 2, 3, 4, 5)
   +s[2] -s[]  >=  a1+a2+a3-b3-b1                 I=(1, 2, 3, 4, 5) J=(1, 2, 3, 4, 6) K=(1, 2, 3, 4, 6)
   +s[2] -s[]  >=  a2                             I=(2,) J=(1,) K=(2,)
   +s[3] -s[]  >=  a3                             I=(3,) J=(1,) K=(3,)
   +s[3] -s[]  >=  a1+a2+a3-b2-b1                 I=(1, 2, 3, 4, 5) J=(1, 2, 3, 5, 6) K=(1, 2, 3, 5, 6)
   +s[1,4] -s[5]  >=  a1+a2-b1                       I=(1, 2, 4) J=(1, 2, 5) K=(1, 2, 6)
   +s[1,4] -s[5]  >=  a2+a3-b3                       I=(1, 3, 4) J=(1, 2, 4) K=(2, 3, 4)
   +s[2,4] -s[5]  >=  a2+a3-b2                       I=(2, 3, 4) J=(1, 2, 4) K=(2, 3, 5)
   +s[2,4] -s[5]  >=  a1+a3-b1                       I=(1, 2, 4) J=(1, 2, 6) K=(1, 3, 6)
=== duals_m4_z0.log: m=4 z=0 d=7: 19 distinct tiles
   +s[1] -s[]  >=  a3+a4                          I=(1, 4) J=(1, 4) K=(3, 4)
   +s[1] -s[]  >=  a1+a2+a3+a4-b3-b2              I=(1, 2, 3, 4, 5, 6) J=(1, 2, 3, 4, 5, 6) K=(1, 2, 3, 4, 5, 6)
   +s[1] -s[]  >=  a1                             I=(1,) J=(1,) K=(1,)
   +s[2] -s[]  >=  a1+a2+a3+a4-b3-b1              I=(1, 2, 3, 4, 5, 6) J=(1, 2, 3, 4, 5, 7) K=(1, 2, 3, 4, 5, 7)
   +s[2] -s[]  >=  a2+a3+a4-b3-b2                 I=(2, 3, 4, 5, 6) J=(1, 2, 3, 4, 5) K=(2, 3, 4, 5, 6)
   +s[2] -s[]  >=  a2                             I=(2,) J=(1,) K=(2,)
   +s[3] -s[]  >=  a3                             I=(3,) J=(1,) K=(3,)
   +s[3] -s[]  >=  a1+a2+a3+a4-b2-b1              I=(1, 2, 3, 4, 5, 6) J=(1, 2, 3, 4, 6, 7) K=(1, 2, 3, 4, 6, 7)
   +s[4] -s[]  >=  a4                             I=(4,) J=(1,) K=(4,)
   +s[1,2] -s[6]  >=  a1+a3+a4                       I=(1, 2, 4) J=(1, 2, 4) K=(1, 3, 4)
   +s[1,3] -s[6]  >=  a2+a3+a4                       I=(1, 3, 4) J=(1, 2, 4) K=(2, 3, 4)
   +s[1,3] -s[6]  >=  a1+a3+a4-b3                    I=(1, 3, 4, 5) J=(1, 2, 3, 4) K=(1, 3, 4, 5)
   +s[1,4] -s[6]  >=  a1+a2+a4-b1                    I=(1, 2, 4, 5) J=(1, 2, 3, 6) K=(1, 2, 4, 7)
   +s[1,4] -s[6]  >=  a2+a3+a4-b3                    I=(1, 3, 4, 5) J=(1, 2, 3, 5) K=(2, 3, 4, 5)
   +s[2,3] -s[6]  >=  a2+a3+a4-b3                    I=(2, 3, 4, 5) J=(1, 2, 3, 4) K=(2, 3, 4, 5)
   +s[2,4] -s[6]  >=  a2+a3+a4-b2                    I=(2, 3, 4, 5) J=(1, 2, 3, 5) K=(2, 3, 4, 6)
   +s[2,4] -s[6]  >=  a1+a3+a4-b1                    I=(1, 2, 4, 5) J=(1, 2, 3, 7) K=(1, 3, 4, 7)
   +s[2,5] -s[6]  >=  a2+a3+a4-b1                    I=(1, 2, 4, 5) J=(1, 2, 4, 7) K=(2, 3, 4, 7)
   +s[3,5] -s[6]  >=  a3+a4-b2                       I=(3, 4, 5) J=(1, 2, 4) K=(3, 4, 6)
=== duals_m4_z1.log: m=4 z=1 d=8: 18 distinct tiles
   +s[1] -s[]  >=  a1                             I=(1,) J=(1,) K=(1,)
   +s[1] -s[]  >=  a1+a2+a3+a4-b3-b2              I=(1, 2, 3, 4, 5, 6, 7) J=(1, 2, 3, 4, 5, 6, 7) K=(1, 2, 3, 4, 5, 6, 7)
   +s[2] -s[]  >=  a1+a2+a3+a4-b3-b1              I=(1, 2, 3, 4, 5, 6, 7) J=(1, 2, 3, 4, 5, 6, 8) K=(1, 2, 3, 4, 5, 6, 8)
   +s[2] -s[]  >=  a2                             I=(2,) J=(1,) K=(2,)
   +s[2] -s[]  >=  a2+a3+a4-b3-b2                 I=(2, 3, 4, 5, 6, 7) J=(1, 2, 3, 4, 5, 6) K=(2, 3, 4, 5, 6, 7)
   +s[3] -s[]  >=  a1+a2+a3+a4-b2-b1              I=(1, 2, 3, 4, 5, 6, 7) J=(1, 2, 3, 4, 5, 7, 8) K=(1, 2, 3, 4, 5, 7, 8)
   +s[3] -s[]  >=  a3                             I=(3,) J=(1,) K=(3,)
   +s[4] -s[]  >=  a4                             I=(4,) J=(1,) K=(4,)
   +s[1,5] -s[d-1]  >=  a3+a4                          I=(1, 4, 5) J=(1, 2, 5) K=(3, 4, 5)
   +s[3,5] -s[d-1]  >=  a3+a4-b2                       I=(3, 4, 5) J=(1, 2, 5) K=(3, 4, 7)
   +s[1,2,5] -s[6,d-1]  >=  a1+a3+a4                       I=(1, 2, 4, 5) J=(1, 2, 3, 5) K=(1, 3, 4, 5)
   +s[1,3,5] -s[6,d-1]  >=  a1+a3+a4-b3                    I=(1, 3, 4, 5) J=(1, 2, 3, 5) K=(1, 3, 4, 6)
   +s[1,3,5] -s[6,d-1]  >=  a2+a3+a4                       I=(1, 3, 4, 5) J=(1, 2, 3, 5) K=(2, 3, 4, 5)
   +s[1,4,5] -s[6,d-1]  >=  a1+a2+a4-b1                    I=(1, 2, 4, 5) J=(1, 2, 3, 7) K=(1, 2, 4, 8)
   +s[1,4,5] -s[6,d-1]  >=  a2+a3+a4-b3                    I=(1, 3, 4, 5) J=(1, 2, 3, 6) K=(2, 3, 4, 6)
   +s[2,3,5] -s[6,d-1]  >=  a2+a3+a4-b3                    I=(2, 3, 4, 5) J=(1, 2, 3, 5) K=(2, 3, 4, 6)
   +s[2,4,5] -s[6,d-1]  >=  a1+a3+a4-b1                    I=(1, 2, 4, 5) J=(1, 2, 3, 8) K=(1, 3, 4, 8)
   +s[2,4,5] -s[6,d-1]  >=  a2+a3+a4-b2                    I=(2, 3, 4, 5) J=(1, 2, 3, 6) K=(2, 3, 4, 7)
=== duals_m5_z0.log: m=5 z=0 d=8: 30 distinct tiles
   +s[1] -s[]  >=  a1+a2+a3+a4+a5-b3-b2           I=(1, 2, 3, 4, 5, 6, 7) J=(1, 2, 3, 4, 5, 6, 7) K=(1, 2, 3, 4, 5, 6, 7)
   +s[1] -s[]  >=  a1                             I=(1,) J=(1,) K=(1,)
   +s[2] -s[]  >=  a2+a3+a4+a5-b3-b2              I=(2, 3, 4, 5, 6, 7) J=(1, 2, 3, 4, 5, 6) K=(2, 3, 4, 5, 6, 7)
   +s[2] -s[]  >=  a2                             I=(2,) J=(1,) K=(2,)
   +s[2] -s[]  >=  a1+a2+a3+a4+a5-b3-b1           I=(1, 2, 3, 4, 5, 6, 7) J=(1, 2, 3, 4, 5, 6, 8) K=(1, 2, 3, 4, 5, 6, 8)
   +s[3] -s[]  >=  a3                             I=(3,) J=(1,) K=(3,)
   +s[3] -s[]  >=  a3+a4+a5-b3-b2                 I=(3, 4, 5, 6, 7) J=(1, 2, 3, 4, 5) K=(3, 4, 5, 6, 7)
   +s[3] -s[]  >=  a1+a2+a3+a4+a5-b2-b1           I=(1, 2, 3, 4, 5, 6, 7) J=(1, 2, 3, 4, 5, 7, 8) K=(1, 2, 3, 4, 5, 7, 8)
   +s[4] -s[]  >=  a4                             I=(4,) J=(1,) K=(4,)
   +s[5] -s[]  >=  a5                             I=(5,) J=(1,) K=(5,)
   +s[1,2] -s[7]  >=  a2+a3+a4+a5                    I=(1, 2, 4, 5) J=(1, 2, 4, 5) K=(2, 3, 4, 5)
   +s[1,3] -s[7]  >=  a1+a3+a4+a5-b3                 I=(1, 3, 4, 5, 6) J=(1, 2, 3, 4, 5) K=(1, 3, 4, 5, 6)
   +s[1,4] -s[7]  >=  a2+a4+a5                       I=(1, 4, 5) J=(1, 2, 4) K=(2, 4, 5)
   +s[1,4] -s[7]  >=  a2+a3+a4+a5-b3                 I=(1, 3, 4, 5, 6) J=(1, 2, 3, 4, 6) K=(2, 3, 4, 5, 6)
   +s[1,4] -s[7]  >=  a1+a2+a4+a5-b1                 I=(1, 2, 4, 5, 6) J=(1, 2, 3, 4, 7) K=(1, 2, 4, 5, 8)
   +s[1,5] -s[7]  >=  a3+a4+a5                       I=(1, 4, 5) J=(1, 2, 5) K=(3, 4, 5)
   +s[1,6] -s[7]  >=  a2+a3+a4+a5-b1                 I=(1, 2, 4, 5, 6) J=(1, 2, 4, 5, 7) K=(2, 3, 4, 5, 8)
   +s[2,3] -s[7]  >=  a2+a3+a4+a5-b3                 I=(2, 3, 4, 5, 6) J=(1, 2, 3, 4, 5) K=(2, 3, 4, 5, 6)
   +s[2,4] -s[7]  >=  a1+a3+a4+a5-b1                 I=(1, 2, 4, 5, 6) J=(1, 2, 3, 4, 8) K=(1, 3, 4, 5, 8)
   +s[2,4] -s[7]  >=  a3+a4+a5                       I=(2, 4, 5) J=(1, 2, 4) K=(3, 4, 5)
   +s[2,4] -s[7]  >=  a2+a3+a4+a5-b2                 I=(2, 3, 4, 5, 6) J=(1, 2, 3, 4, 6) K=(2, 3, 4, 5, 7)
   +s[3,4] -s[7]  >=  a3+a4+a5-b3                    I=(3, 4, 5, 6) J=(1, 2, 3, 4) K=(3, 4, 5, 6)
   +s[3,5] -s[7]  >=  a3+a4+a5-b2                    I=(3, 4, 5, 6) J=(1, 2, 3, 5) K=(3, 4, 5, 7)
   +s[3,6] -s[7]  >=  a4+a5-b3                       I=(3, 5, 6) J=(1, 2, 4) K=(4, 5, 6)
   +s[4,6] -s[7]  >=  a4+a5-b2                       I=(4, 5, 6) J=(1, 2, 4) K=(4, 5, 7)
   +s[1,2,4] -s[6,7]  >=  a1+a2+a4+a5                    I=(1, 2, 4, 5) J=(1, 2, 3, 4) K=(1, 2, 4, 5)
   +s[1,2,5] -s[6,7]  >=  a1+a3+a4+a5                    I=(1, 2, 4, 5) J=(1, 2, 3, 5) K=(1, 3, 4, 5)
   +s[1,3,4] -s[6,7]  >=  a1+a3+a4+a5                    I=(1, 3, 4, 5) J=(1, 2, 3, 4) K=(1, 3, 4, 5)
   +s[1,3,5] -s[6,7]  >=  a2+a3+a4+a5                    I=(1, 3, 4, 5) J=(1, 2, 3, 5) K=(2, 3, 4, 5)
   +s[2,3,4] -s[6,7]  >=  a2+a3+a4+a5                    I=(2, 3, 4, 5) J=(1, 2, 3, 4) K=(2, 3, 4, 5)
=== duals_m5_z1.log: m=5 z=1 d=9: 29 distinct tiles
   +s[1] -s[]  >=  a1                             I=(1,) J=(1,) K=(1,)
   +s[1] -s[]  >=  a1+a2+a3+a4+a5-b3-b2           I=(1, 2, 3, 4, 5, 6, 7, 8) J=(1, 2, 3, 4, 5, 6, 7, 8) K=(1, 2, 3, 4, 5, 6, 7, 8)
   +s[2] -s[]  >=  a2+a3+a4+a5-b3-b2              I=(2, 3, 4, 5, 6, 7, 8) J=(1, 2, 3, 4, 5, 6, 7) K=(2, 3, 4, 5, 6, 7, 8)
   +s[2] -s[]  >=  a1+a2+a3+a4+a5-b3-b1           I=(1, 2, 3, 4, 5, 6, 7, 8) J=(1, 2, 3, 4, 5, 6, 7, 9) K=(1, 2, 3, 4, 5, 6, 7, 9)
   +s[2] -s[]  >=  a2                             I=(2,) J=(1,) K=(2,)
   +s[3] -s[]  >=  a3                             I=(3,) J=(1,) K=(3,)
   +s[3] -s[]  >=  a1+a2+a3+a4+a5-b2-b1           I=(1, 2, 3, 4, 5, 6, 7, 8) J=(1, 2, 3, 4, 5, 6, 8, 9) K=(1, 2, 3, 4, 5, 6, 8, 9)
   +s[3] -s[]  >=  a3+a4+a5-b3-b2                 I=(3, 4, 5, 6, 7, 8) J=(1, 2, 3, 4, 5, 6) K=(3, 4, 5, 6, 7, 8)
   +s[4] -s[]  >=  a4                             I=(4,) J=(1,) K=(4,)
   +s[5] -s[]  >=  a5                             I=(5,) J=(1,) K=(5,)
   +s[1,3] -s[d-1]  >=  a1+a3+a4+a5-b3                 I=(1, 3, 4, 5, 6, 7) J=(1, 2, 3, 4, 5, 6) K=(1, 3, 4, 5, 6, 7)
   +s[1,4] -s[d-1]  >=  a1+a2+a4+a5-b1                 I=(1, 2, 4, 5, 6, 7) J=(1, 2, 3, 4, 5, 8) K=(1, 2, 4, 5, 6, 9)
   +s[1,4] -s[d-1]  >=  a2+a3+a4+a5-b3                 I=(1, 3, 4, 5, 6, 7) J=(1, 2, 3, 4, 5, 7) K=(2, 3, 4, 5, 6, 7)
   +s[2,3] -s[d-1]  >=  a2+a3+a4+a5-b3                 I=(2, 3, 4, 5, 6, 7) J=(1, 2, 3, 4, 5, 6) K=(2, 3, 4, 5, 6, 7)
   +s[2,4] -s[d-1]  >=  a2+a3+a4+a5-b2                 I=(2, 3, 4, 5, 6, 7) J=(1, 2, 3, 4, 5, 7) K=(2, 3, 4, 5, 6, 8)
   +s[2,4] -s[d-1]  >=  a1+a3+a4+a5-b1                 I=(1, 2, 4, 5, 6, 7) J=(1, 2, 3, 4, 5, 9) K=(1, 3, 4, 5, 6, 9)
   +s[3,6] -s[d-1]  >=  a4+a5-b3                       I=(3, 5, 6) J=(1, 2, 5) K=(4, 5, 7)
   +s[4,6] -s[d-1]  >=  a4+a5-b2                       I=(4, 5, 6) J=(1, 2, 5) K=(4, 5, 8)
   +s[1,2,4] -s[7,d-1]  >=  a1+a2+a4+a5                    I=(1, 2, 4, 5, 6) J=(1, 2, 3, 4, 5) K=(1, 2, 4, 5, 6)
   +s[1,2,5] -s[7,d-1]  >=  a1+a3+a4+a5                    I=(1, 2, 4, 5, 6) J=(1, 2, 3, 4, 6) K=(1, 3, 4, 5, 6)
   +s[1,2,6] -s[7,d-1]  >=  a2+a3+a4+a5                    I=(1, 2, 4, 5, 6) J=(1, 2, 3, 5, 6) K=(2, 3, 4, 5, 6)
   +s[1,3,4] -s[7,d-1]  >=  a1+a3+a4+a5                    I=(1, 3, 4, 5, 6) J=(1, 2, 3, 4, 5) K=(1, 3, 4, 5, 6)
   +s[1,3,5] -s[7,d-1]  >=  a2+a3+a4+a5                    I=(1, 3, 4, 5, 6) J=(1, 2, 3, 4, 6) K=(2, 3, 4, 5, 6)
   +s[1,4,6] -s[7,d-1]  >=  a2+a4+a5                       I=(1, 4, 5, 6) J=(1, 2, 3, 5) K=(2, 4, 5, 6)
   +s[1,5,6] -s[7,d-1]  >=  a3+a4+a5                       I=(1, 4, 5, 6) J=(1, 2, 3, 6) K=(3, 4, 5, 6)
   +s[2,3,4] -s[7,d-1]  >=  a2+a3+a4+a5                    I=(2, 3, 4, 5, 6) J=(1, 2, 3, 4, 5) K=(2, 3, 4, 5, 6)
   +s[2,4,6] -s[7,d-1]  >=  a3+a4+a5                       I=(2, 4, 5, 6) J=(1, 2, 3, 5) K=(3, 4, 5, 6)
   +s[3,4,6] -s[7,d-1]  >=  a3+a4+a5-b3                    I=(3, 4, 5, 6) J=(1, 2, 3, 5) K=(3, 4, 5, 7)
   +s[3,5,6] -s[7,d-1]  >=  a3+a4+a5-b2                    I=(3, 4, 5, 6) J=(1, 2, 3, 6) K=(3, 4, 5, 8)
=== duals_m6_z0.log: m=6 z=0 d=9: 38 distinct tiles
   +s[1] -s[]  >=  a1                             I=(1,) J=(1,) K=(1,)
   +s[1] -s[]  >=  a1+a2+a3+a4+a5+a6-b3-b2        I=(1, 2, 3, 4, 5, 6, 7, 8) J=(1, 2, 3, 4, 5, 6, 7, 8) K=(1, 2, 3, 4, 5, 6, 7, 8)
   +s[2] -s[]  >=  a2                             I=(2,) J=(1,) K=(2,)
   +s[2] -s[]  >=  a1+a2+a3+a4+a5+a6-b3-b1        I=(1, 2, 3, 4, 5, 6, 7, 8) J=(1, 2, 3, 4, 5, 6, 7, 9) K=(1, 2, 3, 4, 5, 6, 7, 9)
   +s[2] -s[]  >=  a2+a3+a4+a5+a6-b3-b2           I=(2, 3, 4, 5, 6, 7, 8) J=(1, 2, 3, 4, 5, 6, 7) K=(2, 3, 4, 5, 6, 7, 8)
   +s[3] -s[]  >=  a3                             I=(3,) J=(1,) K=(3,)
   +s[3] -s[]  >=  a1+a2+a3+a4+a5+a6-b2-b1        I=(1, 2, 3, 4, 5, 6, 7, 8) J=(1, 2, 3, 4, 5, 6, 8, 9) K=(1, 2, 3, 4, 5, 6, 8, 9)
   +s[3] -s[]  >=  a3+a4+a5+a6-b3-b2              I=(3, 4, 5, 6, 7, 8) J=(1, 2, 3, 4, 5, 6) K=(3, 4, 5, 6, 7, 8)
   +s[4] -s[]  >=  a4+a5+a6-b3-b2                 I=(4, 5, 6, 7, 8) J=(1, 2, 3, 4, 5) K=(4, 5, 6, 7, 8)
   +s[4] -s[]  >=  a4                             I=(4,) J=(1,) K=(4,)
   +s[5] -s[]  >=  a5                             I=(5,) J=(1,) K=(5,)
   +s[6] -s[]  >=  a6                             I=(6,) J=(1,) K=(6,)
   +s[1,3] -s[8]  >=  a1+a3+a4+a5+a6-b3              I=(1, 3, 4, 5, 6, 7) J=(1, 2, 3, 4, 5, 6) K=(1, 3, 4, 5, 6, 7)
   +s[1,4] -s[8]  >=  a2+a3+a4+a5+a6-b3              I=(1, 3, 4, 5, 6, 7) J=(1, 2, 3, 4, 5, 7) K=(2, 3, 4, 5, 6, 7)
   +s[1,4] -s[8]  >=  a1+a2+a4+a5+a6-b1              I=(1, 2, 4, 5, 6, 7) J=(1, 2, 3, 4, 5, 8) K=(1, 2, 4, 5, 6, 9)
   +s[2,3] -s[8]  >=  a2+a3+a4+a5+a6-b3              I=(2, 3, 4, 5, 6, 7) J=(1, 2, 3, 4, 5, 6) K=(2, 3, 4, 5, 6, 7)
   +s[2,4] -s[8]  >=  a2+a3+a4+a5+a6-b2              I=(2, 3, 4, 5, 6, 7) J=(1, 2, 3, 4, 5, 7) K=(2, 3, 4, 5, 6, 8)
   +s[2,4] -s[8]  >=  a1+a3+a4+a5+a6-b1              I=(1, 2, 4, 5, 6, 7) J=(1, 2, 3, 4, 5, 9) K=(1, 3, 4, 5, 6, 9)
   +s[3,4] -s[8]  >=  a3+a4+a5+a6-b3                 I=(3, 4, 5, 6, 7) J=(1, 2, 3, 4, 5) K=(3, 4, 5, 6, 7)
   +s[3,5] -s[8]  >=  a4+a5+a6                       I=(3, 5, 6) J=(1, 2, 4) K=(4, 5, 6)
   +s[3,5] -s[8]  >=  a3+a5+a6-b3                    I=(3, 5, 6, 7) J=(1, 2, 3, 4) K=(3, 5, 6, 7)
   +s[3,5] -s[8]  >=  a3+a4+a5+a6-b2                 I=(3, 4, 5, 6, 7) J=(1, 2, 3, 4, 6) K=(3, 4, 5, 6, 8)
   +s[3,6] -s[8]  >=  a4+a5+a6-b3                    I=(3, 5, 6, 7) J=(1, 2, 3, 5) K=(4, 5, 6, 7)
   +s[4,5] -s[8]  >=  a4+a5+a6-b3                    I=(4, 5, 6, 7) J=(1, 2, 3, 4) K=(4, 5, 6, 7)
   +s[4,6] -s[8]  >=  a4+a5+a6-b2                    I=(4, 5, 6, 7) J=(1, 2, 3, 5) K=(4, 5, 6, 8)
   +s[5,7] -s[8]  >=  a5+a6-b2                       I=(5, 6, 7) J=(1, 2, 4) K=(5, 6, 8)
   +s[1,2,4] -s[7,8]  >=  a1+a2+a4+a5+a6                 I=(1, 2, 4, 5, 6) J=(1, 2, 3, 4, 5) K=(1, 2, 4, 5, 6)
   +s[1,2,5] -s[7,8]  >=  a1+a3+a4+a5+a6                 I=(1, 2, 4, 5, 6) J=(1, 2, 3, 4, 6) K=(1, 3, 4, 5, 6)
   +s[1,2,6] -s[7,8]  >=  a2+a3+a4+a5+a6                 I=(1, 2, 4, 5, 6) J=(1, 2, 3, 5, 6) K=(2, 3, 4, 5, 6)
   +s[1,3,4] -s[7,8]  >=  a1+a3+a4+a5+a6                 I=(1, 3, 4, 5, 6) J=(1, 2, 3, 4, 5) K=(1, 3, 4, 5, 6)
   +s[1,3,5] -s[7,8]  >=  a2+a3+a4+a5+a6                 I=(1, 3, 4, 5, 6) J=(1, 2, 3, 4, 6) K=(2, 3, 4, 5, 6)
   +s[1,4,5] -s[7,8]  >=  a1+a4+a5+a6                    I=(1, 4, 5, 6) J=(1, 2, 3, 4) K=(1, 4, 5, 6)
   +s[1,4,6] -s[7,8]  >=  a2+a4+a5+a6                    I=(1, 4, 5, 6) J=(1, 2, 3, 5) K=(2, 4, 5, 6)
   +s[1,5,6] -s[7,8]  >=  a3+a4+a5+a6                    I=(1, 4, 5, 6) J=(1, 2, 3, 6) K=(3, 4, 5, 6)
   +s[2,3,4] -s[7,8]  >=  a2+a3+a4+a5+a6                 I=(2, 3, 4, 5, 6) J=(1, 2, 3, 4, 5) K=(2, 3, 4, 5, 6)
   +s[2,4,5] -s[7,8]  >=  a2+a4+a5+a6                    I=(2, 4, 5, 6) J=(1, 2, 3, 4) K=(2, 4, 5, 6)
   +s[2,4,6] -s[7,8]  >=  a3+a4+a5+a6                    I=(2, 4, 5, 6) J=(1, 2, 3, 5) K=(3, 4, 5, 6)
   +s[3,4,5] -s[7,8]  >=  a3+a4+a5+a6                    I=(3, 4, 5, 6) J=(1, 2, 3, 4) K=(3, 4, 5, 6)
