m=3 z=0 d=6 |S|=10: N=2000 fresh points, max|kappa_LP - max S| = 1.56e-08  (4s)
   worst: ('sq', array([7.45237121e-01, 2.54762863e-01, 1.55686064e-08]), array([0.63770553, 0.35720742, 0.00508705]), np.float64(1.1075315915787785), 1.1075315760101718)
m=3 z=1 d=7 |S|=10: N=2000 fresh points, max|kappa_LP - max S| = 1.33e-15  (5s)
m=3 z=3 d=9 |S|=10: N=2000 fresh points, max|kappa_LP - max S| = 2.22e-15  (7s)
m=4 z=0 d=7 |S|=19: N=2000 fresh points, max|kappa_LP - max S| = 1.33e-15  (5s)
m=4 z=1 d=8 |S|=18: N=2000 fresh points, max|kappa_LP - max S| = 2.44e-15  (5s)
m=4 z=3 d=10 |S|=18: N=2000 fresh points, max|kappa_LP - max S| = 2.00e-15  (7s)
m=5 z=0 d=8 |S|=27: N=2000 fresh points, max|kappa_LP - max S| = 7.53e-08  (5s)
   worst: ('tie', array([0.20015479, 0.20011214, 0.19991874, 0.19991866, 0.19989567]), array([0.39598387, 0.30240518, 0.30161095]), np.float64(1.505101029157796), 1.505100953902449)
m=5 z=1 d=9 |S|=26: N=2000 fresh points, max|kappa_LP - max S| = 1.78e-15  (6s)
m=5 z=3 d=11 |S|=26: N=2000 fresh points, max|kappa_LP - max S| = 3.47e-08  (9s)
   worst: ('tie', array([0.36838803, 0.3683226 , 0.09941063, 0.08193939, 0.08193935]), array([0.96576311, 0.03025493, 0.00398196]), np.float64(2.0077538324259856), 2.0077537977156363)
m=6 z=0 d=9 |S|=34: N=2000 fresh points, max|kappa_LP - max S| = 4.89e-08  (7s)
   worst: ('sq', array([7.21267908e-01, 2.25851873e-01, 2.64468494e-02, 2.26335306e-02,
       3.79979055e-03, 4.88841089e-08]), array([8.99809214e-01, 1.00011361e-01, 1.79425440e-04]), np.float64(1.2047952506615263), 1.2047952017774182)
m=6 z=1 d=10 |S|=34: N=2000 fresh points, max|kappa_LP - max S| = 1.26e-07  (8s)
   worst: ('tie', array([0.40465437, 0.40395552, 0.18246491, 0.00297633, 0.00297447,
       0.00297441]), array([0.35211022, 0.32429152, 0.32359826]), np.float64(1.1989275271289939), 1.1989274009697533)
m=6 z=3 d=12 |S|=34: N=2000 fresh points, max|kappa_LP - max S| = 1.69e-07  (10s)
   worst: ('sq', array([5.81882193e-01, 2.22307373e-01, 1.74600679e-01, 1.80711647e-02,
       3.13842098e-03, 1.68925782e-07]), array([0.59939226, 0.39409862, 0.00650912]), np.float64(1.1893014831008248), 1.1893013141750428)
m=7 z=0 d=10 |S|=46: N=2000 fresh points, max|kappa_LP - max S| = 1.00e-07  (7s)
   worst: ('tie', array([0.3583549 , 0.22666864, 0.15500752, 0.15498145, 0.0350076 ,
       0.03500755, 0.03497234]), array([0.46339812, 0.46291911, 0.07368277]), np.float64(1.457508988526205), 1.4575088883477403)
m=7 z=1 d=11 |S|=45: N=2000 fresh points, max|kappa_LP - max S| = 1.01e-07  (9s)
   worst: ('sq', array([7.94600562e-01, 6.65326292e-02, 6.11745394e-02, 5.97533214e-02,
       1.25491535e-02, 5.38974396e-03, 5.07411710e-08]), array([0.51952547, 0.40489731, 0.07557722]), np.float64(1.3581571565897768), 1.3581570551074345)
m=7 z=3 d=13 |S|=45: N=2000 fresh points, max|kappa_LP - max S| = 7.72e-08  (10s)
   worst: ('tie', array([0.84776116, 0.08320106, 0.02242147, 0.02241429, 0.02240409,
       0.000899  , 0.00089893]), array([0.46714784, 0.46662792, 0.06622424]), np.float64(1.4290275582741283), 1.4290274810981574)
m=8 z=0 d=11 |S|=60: N=2000 fresh points, max|kappa_LP - max S| = 1.12e-07  (8s)
   worst: ('tie', array([0.19602396, 0.19588444, 0.19575266, 0.19568872, 0.19544761,
       0.0196481 , 0.00077728, 0.00077722]), array([0.58481953, 0.31802184, 0.09715863]), np.float64(1.7055303699526867), 1.7055302579115212)
m=8 z=1 d=12 |S|=59: N=2000 fresh points, max|kappa_LP - max S| = 2.01e-07  (10s)
   worst: ('sq', array([4.79431990e-01, 3.58459951e-01, 1.05283799e-01, 3.88391862e-02,
       1.34301222e-02, 3.87905917e-03, 6.75758242e-04, 1.34322635e-07]), array([0.81257313, 0.12753335, 0.05989351]), np.float64(1.3511263500585282), 1.3511261485745758)
m=8 z=3 d=14 |S|=59: N=2000 fresh points, max|kappa_LP - max S| = 8.81e-08  (11s)
   worst: ('tie', array([0.61239192, 0.16576023, 0.09506011, 0.07471256, 0.04846953,
       0.00120226, 0.00120178, 0.00120161]), array([0.38811776, 0.3879601 , 0.22392214]), np.float64(1.3546675468444969), 1.3546674587597294)
m=9 z=0 d=12 |S|=69: N=2000 fresh points, max|kappa_LP - max S| = 1.76e-07  (10s)
   worst: ('sq', array([3.57284314e-01, 2.73337266e-01, 1.08403650e-01, 7.68320071e-02,
       7.55559717e-02, 6.68356203e-02, 4.03106168e-02, 1.44046568e-03,
       8.80365636e-08]), array([0.60290014, 0.37377152, 0.02332834]), np.float64(1.5685207967368853), 1.5685206206637559)
m=9 z=1 d=13 |S|=69: N=2000 fresh points, max|kappa_LP - max S| = 2.45e-07  (12s)
   worst: ('tie', array([3.44796802e-01, 3.44471978e-01, 1.03591044e-01, 1.03482292e-01,
       1.03410140e-01, 6.20577850e-05, 6.19421524e-05, 6.18768471e-05,
       6.18672054e-05]), array([0.55597746, 0.22201666, 0.22200588]), np.float64(1.32990510844506), 1.32990486326133)
m=9 z=3: d=15 > 14, skipped
