m=3 z=0 d=6 |S|=10: N=2000; default tol: max(kappa-maxS)=8.88e-16, max(maxS-kappa)=1.56e-08; 1 points re-solved at tol 1e-10: max(kappa-maxS)=0.00e+00, max(maxS-kappa)=2.22e-16; 0 points with |gap|>1e-9 after re-solve (4s)
m=3 z=1 d=7 |S|=10: N=2000; default tol: max(kappa-maxS)=1.11e-15, max(maxS-kappa)=1.33e-15; 0 points re-solved at tol 1e-10: max(kappa-maxS)=0.00e+00, max(maxS-kappa)=0.00e+00; 0 points with |gap|>1e-9 after re-solve (5s)
m=3 z=3 d=9 |S|=10: N=2000; default tol: max(kappa-maxS)=2.22e-15, max(maxS-kappa)=2.00e-15; 0 points re-solved at tol 1e-10: max(kappa-maxS)=0.00e+00, max(maxS-kappa)=0.00e+00; 0 points with |gap|>1e-9 after re-solve (7s)
m=4 z=0 d=7 |S|=19: N=2000; default tol: max(kappa-maxS)=1.11e-15, max(maxS-kappa)=1.33e-15; 0 points re-solved at tol 1e-10: max(kappa-maxS)=0.00e+00, max(maxS-kappa)=0.00e+00; 0 points with |gap|>1e-9 after re-solve (6s)
m=4 z=1 d=8 |S|=18: N=2000; default tol: max(kappa-maxS)=1.11e-15, max(maxS-kappa)=2.44e-15; 0 points re-solved at tol 1e-10: max(kappa-maxS)=0.00e+00, max(maxS-kappa)=0.00e+00; 0 points with |gap|>1e-9 after re-solve (6s)
m=4 z=3 d=10 |S|=18: N=2000; default tol: max(kappa-maxS)=2.00e-15, max(maxS-kappa)=2.00e-15; 0 points re-solved at tol 1e-10: max(kappa-maxS)=0.00e+00, max(maxS-kappa)=0.00e+00; 0 points with |gap|>1e-9 after re-solve (8s)
m=5 z=0 d=8 |S|=27: N=2000; default tol: max(kappa-maxS)=2.22e-15, max(maxS-kappa)=7.53e-08; 2 points re-solved at tol 1e-10: max(kappa-maxS)=4.44e-16, max(maxS-kappa)=0.00e+00; 0 points with |gap|>1e-9 after re-solve (6s)
m=5 z=1 d=9 |S|=26: N=2000; default tol: max(kappa-maxS)=1.33e-15, max(maxS-kappa)=1.78e-15; 0 points re-solved at tol 1e-10: max(kappa-maxS)=0.00e+00, max(maxS-kappa)=0.00e+00; 0 points with |gap|>1e-9 after re-solve (7s)
m=5 z=3 d=11 |S|=26: N=2000; default tol: max(kappa-maxS)=2.89e-15, max(maxS-kappa)=3.47e-08; 2 points re-solved at tol 1e-10: max(kappa-maxS)=0.00e+00, max(maxS-kappa)=4.44e-16; 0 points with |gap|>1e-9 after re-solve (8s)
m=6 z=0 d=9 |S|=34: N=2000; default tol: max(kappa-maxS)=2.22e-15, max(maxS-kappa)=4.89e-08; 1 points re-solved at tol 1e-10: max(kappa-maxS)=8.88e-16, max(maxS-kappa)=0.00e+00; 0 points with |gap|>1e-9 after re-solve (7s)
m=6 z=1 d=10 |S|=34: N=2000; default tol: max(kappa-maxS)=2.22e-15, max(maxS-kappa)=1.26e-07; 2 points re-solved at tol 1e-10: max(kappa-maxS)=0.00e+00, max(maxS-kappa)=8.88e-16; 0 points with |gap|>1e-9 after re-solve (8s)
m=6 z=3 d=12 |S|=34: N=2000; default tol: max(kappa-maxS)=2.66e-15, max(maxS-kappa)=1.69e-07; 1 points re-solved at tol 1e-10: max(kappa-maxS)=6.66e-16, max(maxS-kappa)=0.00e+00; 0 points with |gap|>1e-9 after re-solve (9s)
m=7 z=0 d=10 |S|=46: N=2000; default tol: max(kappa-maxS)=3.55e-15, max(maxS-kappa)=1.00e-07; 4 points re-solved at tol 1e-10: max(kappa-maxS)=0.00e+00, max(maxS-kappa)=6.66e-16; 0 points with |gap|>1e-9 after re-solve (8s)
m=7 z=1 d=11 |S|=45: N=2000; default tol: max(kappa-maxS)=3.11e-15, max(maxS-kappa)=1.01e-07; 1 points re-solved at tol 1e-10: max(kappa-maxS)=0.00e+00, max(maxS-kappa)=0.00e+00; 0 points with |gap|>1e-9 after re-solve (9s)
m=7 z=3 d=13 |S|=45: N=2000; default tol: max(kappa-maxS)=3.11e-15, max(maxS-kappa)=7.72e-08; 3 points re-solved at tol 1e-10: max(kappa-maxS)=4.44e-16, max(maxS-kappa)=4.44e-16; 0 points with |gap|>1e-9 after re-solve (12s)
m=8 z=0 d=11 |S|=60: N=2000; default tol: max(kappa-maxS)=4.44e-15, max(maxS-kappa)=1.12e-07; 2 points re-solved at tol 1e-10: max(kappa-maxS)=8.88e-16, max(maxS-kappa)=6.66e-16; 0 points with |gap|>1e-9 after re-solve (10s)
m=8 z=1 d=12 |S|=59: N=2000; default tol: max(kappa-maxS)=3.55e-15, max(maxS-kappa)=2.01e-07; 8 points re-solved at tol 1e-10: max(kappa-maxS)=8.88e-16, max(maxS-kappa)=1.55e-15; 0 points with |gap|>1e-9 after re-solve (9s)
m=8 z=3 d=14 |S|=59: N=2000; default tol: max(kappa-maxS)=5.33e-15, max(maxS-kappa)=8.81e-08; 4 points re-solved at tol 1e-10: max(kappa-maxS)=2.22e-16, max(maxS-kappa)=2.22e-16; 0 points with |gap|>1e-9 after re-solve (10s)
m=9 z=0 d=12 |S|=69: N=2000; default tol: max(kappa-maxS)=5.33e-15, max(maxS-kappa)=1.76e-07; 17 points re-solved at tol 1e-10: max(kappa-maxS)=1.55e-15, max(maxS-kappa)=8.88e-16; 0 points with |gap|>1e-9 after re-solve (9s)
m=9 z=1 d=13 |S|=69: N=2000; default tol: max(kappa-maxS)=6.22e-15, max(maxS-kappa)=2.45e-07; 15 points re-solved at tol 1e-10: max(kappa-maxS)=1.33e-15, max(maxS-kappa)=2.22e-15; 0 points with |gap|>1e-9 after re-solve (12s)
m=9 z=3: d=15 > 14, skipped
